Archive member included to satisfy reference by file (symbol)

../lib-c/lib_gd32/libc.a(printf.o)
                              build_gd32/firmware/main.o (snprintf)
/Users/arjanvanvught/Library/xPacks/@xpack-dev-tools/arm-none-eabi-gcc/11.3.1-1.1.2/.content/bin/../lib/gcc/arm-none-eabi/11.3.1/thumb/v7-m/nofp/libgcc.a(_arm_mulsf3.o)
                              ../lib-c/lib_gd32/libc.a(printf.o) (__aeabi_fmul)
/Users/arjanvanvught/Library/xPacks/@xpack-dev-tools/arm-none-eabi-gcc/11.3.1-1.1.2/.content/bin/../lib/gcc/arm-none-eabi/11.3.1/thumb/v7-m/nofp/libgcc.a(_arm_truncdfsf2.o)
                              ../lib-c/lib_gd32/libc.a(printf.o) (__aeabi_d2f)
/Users/arjanvanvught/Library/xPacks/@xpack-dev-tools/arm-none-eabi-gcc/11.3.1-1.1.2/.content/bin/../lib/gcc/arm-none-eabi/11.3.1/thumb/v7-m/nofp/libgcc.a(_arm_addsubsf3.o)
                              ../lib-c/lib_gd32/libc.a(printf.o) (__aeabi_fsub)
/Users/arjanvanvught/Library/xPacks/@xpack-dev-tools/arm-none-eabi-gcc/11.3.1-1.1.2/.content/bin/../lib/gcc/arm-none-eabi/11.3.1/thumb/v7-m/nofp/libgcc.a(_arm_cmpsf2.o)
                              ../lib-c/lib_gd32/libc.a(printf.o) (__aeabi_fcmplt)
/Users/arjanvanvught/Library/xPacks/@xpack-dev-tools/arm-none-eabi-gcc/11.3.1-1.1.2/.content/bin/../lib/gcc/arm-none-eabi/11.3.1/thumb/v7-m/nofp/libgcc.a(_arm_fixsfsi.o)
                              ../lib-c/lib_gd32/libc.a(printf.o) (__aeabi_f2iz)
/Users/arjanvanvught/Library/xPacks/@xpack-dev-tools/arm-none-eabi-gcc/11.3.1-1.1.2/.content/bin/../lib/gcc/arm-none-eabi/11.3.1/thumb/v7-m/nofp/libgcc.a(_aeabi_uldivmod.o)
                              ../lib-c/lib_gd32/libc.a(printf.o) (__aeabi_uldivmod)
/Users/arjanvanvught/Library/xPacks/@xpack-dev-tools/arm-none-eabi-gcc/11.3.1-1.1.2/.content/bin/../lib/gcc/arm-none-eabi/11.3.1/thumb/v7-m/nofp/libgcc.a(_udivmoddi4.o)
                              /Users/arjanvanvught/Library/xPacks/@xpack-dev-tools/arm-none-eabi-gcc/11.3.1-1.1.2/.content/bin/../lib/gcc/arm-none-eabi/11.3.1/thumb/v7-m/nofp/libgcc.a(_aeabi_uldivmod.o) (__udivmoddi4)
/Users/arjanvanvught/Library/xPacks/@xpack-dev-tools/arm-none-eabi-gcc/11.3.1-1.1.2/.content/bin/../lib/gcc/arm-none-eabi/11.3.1/thumb/v7-m/nofp/libgcc.a(_dvmd_tls.o)
                              /Users/arjanvanvught/Library/xPacks/@xpack-dev-tools/arm-none-eabi-gcc/11.3.1-1.1.2/.content/bin/../lib/gcc/arm-none-eabi/11.3.1/thumb/v7-m/nofp/libgcc.a(_aeabi_uldivmod.o) (__aeabi_ldiv0)
../lib-remoteconfig/lib_gd32/libremoteconfig.a(remoteconfig.o)
                              build_gd32/firmware/main.o (RemoteConfig::RemoteConfig(remoteconfig::Node, remoteconfig::Output, unsigned int))
../lib-remoteconfig/lib_gd32/libremoteconfig.a(remoteconfigfactory.o)
                              ../lib-remoteconfig/lib_gd32/libremoteconfig.a(remoteconfig.o) (RemoteConfig::HandleFactory())
../lib-remoteconfig/lib_gd32/libremoteconfig.a(remoteconfigparams.o)
                              build_gd32/firmware/main.o (RemoteConfigParams::RemoteConfigParams(RemoteConfigParamsStore*))
../lib-remoteconfig/lib_gd32/libremoteconfig.a(remoteconfigparamsdump.o)
                              build_gd32/firmware/main.o (RemoteConfigParams::Dump())
../lib-remoteconfig/lib_gd32/libremoteconfig.a(remoteconfigreboot.o)
                              ../lib-remoteconfig/lib_gd32/libremoteconfig.a(remoteconfig.o) (RemoteConfig::HandleReboot())
../lib-remoteconfig/lib_gd32/libremoteconfig.a(remoteconfigstatic.o)
                              ../lib-remoteconfig/lib_gd32/libremoteconfig.a(remoteconfig.o) (RemoteConfig::GetIndex(void const*, unsigned int&))
../lib-remoteconfig/lib_gd32/libremoteconfig.a(remoteconfig.o)
                              ../lib-remoteconfig/lib_gd32/libremoteconfig.a(remoteconfig.o) (RemoteConfig::PlatformHandleTftpSet())
../lib-remoteconfig/lib_gd32/libremoteconfig.a(httd.o)
                              build_gd32/firmware/main.o (HttpDaemon::HttpDaemon())
../lib-remoteconfig/lib_gd32/libremoteconfig.a(remoteconfigconst.o)
                              ../lib-remoteconfig/lib_gd32/libremoteconfig.a(remoteconfigparams.o) (RemoteConfigConst::PARAMS_DISPLAY_NAME)
../lib-remoteconfig/lib_gd32/libremoteconfig.a(remoteconfigjson.o)
                              ../lib-remoteconfig/lib_gd32/libremoteconfig.a(httd.o) (remoteconfig::json_get_list(char*, unsigned short))
../lib-remoteconfig/lib_gd32/libremoteconfig.a(get_file_content.o)
                              ../lib-remoteconfig/lib_gd32/libremoteconfig.a(httd.o) (get_file_content(char const*, char*))
../lib-e131/lib_gd32/libe131.a(e131bridge.o)
                              build_gd32/firmware/main.o (E131Bridge::E131Bridge())
../lib-e131/lib_gd32/libe131.a(e131bridgediscoverypacket.o)
                              ../lib-e131/lib_gd32/libe131.a(e131bridge.o) (E131Bridge::FillDiscoveryPacket())
../lib-e131/lib_gd32/libe131.a(e131bridgehandledmxin.o)
[...]
Memory Configuration

Name             Origin             Length             Attributes
FLASH            0x0000000008007000 0x000000000001a800 xr
RAM              0x0000000020000000 0x0000000000020000 xrw
*default*        0x0000000000000000 0xffffffffffffffff

Linker script and memory map

LOAD build_gd32/startup_gd32f20x_cl.o
LOAD build_gd32/firmware/main.o
LOAD build_gd32/lib/dmxinput.o
LOAD build_gd32/lib/factorydefaults.o
LOAD build_gd32/lib/rdmsoftwareversion.o
                0x0000000000001800                __heap_size = DEFINED (__heap_size)?__heap_size:0x1800
                0x0000000000002800                __stack_size = DEFINED (__stack_size)?__stack_size:0x2800

.vectors        0x0000000008007000      0x1a8
                0x0000000008007000                . = ALIGN (0x4)
 *(.vectors)
 .vectors       0x0000000008007000      0x1a8 build_gd32/startup_gd32f20x_cl.o
                0x0000000008007000                __gVectors
                0x00000000080071a8                . = ALIGN (0x4)
                0x00000000080071a8                __Vectors_End = .
                0x00000000080071a8                __Vectors_Size = (__Vectors_End - __gVectors)

.text           0x00000000080071a8     0xe258
                0x00000000080071a8                . = ALIGN (0x4)
 *(.text.unlikely*)
 .text.unlikely.net_init
                0x00000000080071a8       0xa0 ../lib-network/lib_gd32/libnetwork.a(net.o)
                0x00000000080071a8                net_init
 .text.unlikely.net_shutdown
                0x0000000008007248       0x1c ../lib-network/lib_gd32/libnetwork.a(net.o)
                0x0000000008007248                net_shutdown
 .text.unlikely.rfc3927_init
                0x0000000008007264       0x18 ../lib-network/lib_gd32/libnetwork.a(rfc3927.o)
                0x0000000008007264                rfc3927_init
 .text.unlikely.tcp_init
                0x000000000800727c       0x44 ../lib-network/lib_gd32/libnetwork.a(tcp.o)
                0x000000000800727c                tcp_init
 .text.unlikely.udp_init
                0x00000000080072c0       0x58 ../lib-network/lib_gd32/libnetwork.a(udp.o)
                0x00000000080072c0                udp_init
 .text.unlikely.udp_shutdown
                0x0000000008007318        0x2 ../lib-network/lib_gd32/libnetwork.a(udp.o)
                0x0000000008007318                udp_shutdown
 *fill*         0x000000000800731a        0x2 
 .text.unlikely.arp_init
                0x000000000800731c       0xf8 ../lib-network/lib_gd32/libnetwork.a(arp.o)
                0x000000000800731c                arp_init
 .text.unlikely.arp_cache_init
                0x0000000008007414       0x34 ../lib-network/lib_gd32/libnetwork.a(arp_cache.o)
                0x0000000008007414                arp_cache_init
 .text.unlikely.igmp_init
                0x0000000008007448       0xc4 ../lib-network/lib_gd32/libnetwork.a(igmp.o)
                0x0000000008007448                igmp_init
 .text.unlikely.igmp_shutdown
                0x000000000800750c       0x28 ../lib-network/lib_gd32/libnetwork.a(igmp.o)
                0x000000000800750c                igmp_shutdown
 .text.unlikely.ip_init
                0x0000000008007534       0x16 ../lib-network/lib_gd32/libnetwork.a(ip.o)
                0x0000000008007534                ip_init
 .text.unlikely.ip_shutdown
                0x000000000800754a        0xe ../lib-network/lib_gd32/libnetwork.a(ip.o)
                0x000000000800754a                ip_shutdown
 .text.unlikely.console_init
                0x0000000008007558       0x20 ../lib-hal/lib_gd32/libhal.a(console_uart0.o)
                0x0000000008007558                console_init
 *(.text.hot*)
 .text.hot.net_handle
                0x0000000008007578       0x38 ../lib-network/lib_gd32/libnetwork.a(net.o)
                0x0000000008007578                net_handle
 .text.hot.tcp_handle
                0x00000000080075b0      0x360 ../lib-network/lib_gd32/libnetwork.a(tcp.o)
                0x00000000080075b0                tcp_handle
 .text.hot.udp_handle
                0x0000000008007910       0xa8 ../lib-network/lib_gd32/libnetwork.a(udp.o)
                0x0000000008007910                udp_handle
 .text.hot.arp_handle
                0x00000000080079b8       0x18 ../lib-network/lib_gd32/libnetwork.a(arp.o)
                0x00000000080079b8                arp_handle
 .text.hot.igmp_handle
                0x00000000080079d0       0xa0 ../lib-network/lib_gd32/libnetwork.a(igmp.o)
                0x00000000080079d0                igmp_handle
 .text.hot.ip_handle
                0x0000000008007a70       0x32 ../lib-network/lib_gd32/libnetwork.a(ip.o)
                0x0000000008007a70                ip_handle
 *fill*         0x0000000008007aa2        0x2 
 .text.hot.icmp_handle
                0x0000000008007aa4       0x98 ../lib-network/lib_gd32/libnetwork.a(icmp.o)
                0x0000000008007aa4                icmp_handle
 *(.text)
 .text          0x0000000008007b3c       0xa0 /Users/arjanvanvught/Library/xPacks/@xpack-dev-tools/arm-none-eabi-gcc/11.3.1-1.1.2/.content/bin/../lib/gcc/arm-none-eabi/11.3.1/thumb/v7-m/nofp/libgcc.a(_arm_truncdfsf2.o)
                0x0000000008007b3c                __aeabi_d2f
                0x0000000008007b3c                __truncdfsf2
 .text          0x0000000008007bdc      0x21c /Users/arjanvanvught/Library/xPacks/@xpack-dev-tools/arm-none-eabi-gcc/11.3.1-1.1.2/.content/bin/../lib/gcc/arm-none-eabi/11.3.1/thumb/v7-m/nofp/libgcc.a(_arm_addsubsf3.o)
                0x0000000008007bdc                __aeabi_frsub
                0x0000000008007be4                __aeabi_fsub
                0x0000000008007be4                __subsf3
                0x0000000008007be8                __aeabi_fadd
                0x0000000008007be8                __addsf3
                0x0000000008007d48                __aeabi_ui2f
                0x0000000008007d48                __floatunsisf
                0x0000000008007d50                __floatsisf
                0x0000000008007d50                __aeabi_i2f
                0x0000000008007d6c                __aeabi_ul2f
                0x0000000008007d6c                __floatundisf
                0x0000000008007d7c                __aeabi_l2f
                0x0000000008007d7c                __floatdisf
 .text          0x0000000008007df8       0xec /Users/arjanvanvught/Library/xPacks/@xpack-dev-tools/arm-none-eabi-gcc/11.3.1-1.1.2/.content/bin/../lib/gcc/arm-none-eabi/11.3.1/thumb/v7-m/nofp/libgcc.a(_arm_cmpsf2.o)
                0x0000000008007df8                __gesf2
                0x0000000008007df8                __gtsf2
                0x0000000008007e00                __ltsf2
                0x0000000008007e00                __lesf2
                0x0000000008007e08                __nesf2
                0x0000000008007e08                __eqsf2
                0x0000000008007e08                __cmpsf2
                0x0000000008007e68                __aeabi_cfrcmple
                0x0000000008007e70                __aeabi_cfcmpeq
                0x0000000008007e70                __aeabi_cfcmple
                0x0000000008007e80                __aeabi_fcmpeq
                0x0000000008007e94                __aeabi_fcmplt
                0x0000000008007ea8                __aeabi_fcmple
                0x0000000008007ebc                __aeabi_fcmpge
                0x0000000008007ed0                __aeabi_fcmpgt
 .text          0x0000000008007ee4       0x4c /Users/arjanvanvught/Library/xPacks/@xpack-dev-tools/arm-none-eabi-gcc/11.3.1-1.1.2/.content/bin/../lib/gcc/arm-none-eabi/11.3.1/thumb/v7-m/nofp/libgcc.a(_arm_fixsfsi.o)
                0x0000000008007ee4                __fixsfsi
                0x0000000008007ee4                __aeabi_f2iz
 .text          0x0000000008007f30       0x30 /Users/arjanvanvught/Library/xPacks/@xpack-dev-tools/arm-none-eabi-gcc/11.3.1-1.1.2/.content/bin/../lib/gcc/arm-none-eabi/11.3.1/thumb/v7-m/nofp/libgcc.a(_aeabi_uldivmod.o)
                0x0000000008007f30                __aeabi_uldivmod
 .text          0x0000000008007f60        0x4 /Users/arjanvanvught/Library/xPacks/@xpack-dev-tools/arm-none-eabi-gcc/11.3.1-1.1.2/.content/bin/../lib/gcc/arm-none-eabi/11.3.1/thumb/v7-m/nofp/libgcc.a(_dvmd_tls.o)
                0x0000000008007f60                __aeabi_ldiv0
                0x0000000008007f60                __aeabi_idiv0
 .text          0x0000000008007f64      0x378 /Users/arjanvanvught/Library/xPacks/@xpack-dev-tools/arm-none-eabi-gcc/11.3.1-1.1.2/.content/bin/../lib/gcc/arm-none-eabi/11.3.1/thumb/v7-m/nofp/libgcc.a(_arm_addsubdf3.o)
                0x0000000008007f64                __aeabi_drsub
                0x0000000008007f6c                __subdf3
                0x0000000008007f6c                __aeabi_dsub
                0x0000000008007f70                __aeabi_dadd
                0x0000000008007f70                __adddf3
                0x00000000080081e8                __aeabi_ui2d
                0x00000000080081e8                __floatunsidf
                0x0000000008008208                __floatsidf
                0x0000000008008208                __aeabi_i2d
                0x000000000800822c                __extendsfdf2
                0x000000000800822c                __aeabi_f2d
                0x0000000008008270                __aeabi_ul2d
                0x0000000008008270                __floatundidf
                0x0000000008008280                __aeabi_l2d
                0x0000000008008280                __floatdidf
 .text          0x00000000080082dc      0x2a0 /Users/arjanvanvught/Library/xPacks/@xpack-dev-tools/arm-none-eabi-gcc/11.3.1-1.1.2/.content/bin/../lib/gcc/arm-none-eabi/11.3.1/thumb/v7-m/nofp/libgcc.a(_arm_muldivsf3.o)
                0x00000000080082dc                __mulsf3
                0x00000000080082dc                __aeabi_fmul
                0x0000000008008444                __divsf3
                0x0000000008008444                __aeabi_fdiv
 *(.text*)
 .text.Reset_Handler
                0x000000000800857c       0x44 build_gd32/startup_gd32f20x_cl.o
                0x000000000800857c                Reset_Handler
 .text.Default_Handler
                0x00000000080085c0        0x2 build_gd32/startup_gd32f20x_cl.o
                0x00000000080085c0                ENET_IRQHandler
                0x00000000080085c0                TIMER5_IRQHandler
                0x00000000080085c0                DebugMon_Handler
                0x00000000080085c0                LVD_IRQHandler
                0x00000000080085c0                CAN1_EWMC_IRQHandler
                0x00000000080085c0                HardFault_Handler
                0x00000000080085c0                TIMER7_UP_TIMER12_IRQHandler
                0x00000000080085c0                ADC0_1_IRQHandler
                0x00000000080085c0                SDIO_IRQHandler
                0x00000000080085c0                PendSV_Handler
                0x00000000080085c0                NMI_Handler
                0x00000000080085c0                EXTI3_IRQHandler
                0x00000000080085c0                DCI_IRQHandler
                0x00000000080085c0                USBFS_WKUP_IRQHandler
                0x00000000080085c0                TIMER0_TRG_CMT_TIMER10_IRQHandler
                0x00000000080085c0                USBFS_IRQHandler
                0x00000000080085c0                DMA0_Channel6_IRQHandler
                0x00000000080085c0                I2C0_EV_IRQHandler
                0x00000000080085c0                EXTI0_IRQHandler
                0x00000000080085c0                I2C2_EV_IRQHandler
                0x00000000080085c0                CAU_IRQHandler
                0x00000000080085c0                CAN1_RX0_IRQHandler
                0x00000000080085c0                TIMER7_TRG_CMT_TIMER13_IRQHandler
                0x00000000080085c0                UsageFault_Handler
                0x00000000080085c0                TIMER4_IRQHandler
                0x00000000080085c0                SPI1_IRQHandler
                0x00000000080085c0                DMA0_Channel0_IRQHandler
                0x00000000080085c0                USART5_IRQHandler
                0x00000000080085c0                TAMPER_IRQHandler
                0x00000000080085c0                TIMER0_BRK_TIMER8_IRQHandler
                0x00000000080085c0                DMA1_Channel0_IRQHandler
                0x00000000080085c0                TIMER7_BRK_TIMER11_IRQHandler
                0x00000000080085c0                DMA1_Channel4_IRQHandler
                0x00000000080085c0                DMA0_Channel3_IRQHandler
                0x00000000080085c0                I2C0_ER_IRQHandler
                0x00000000080085c0                TLI_IRQHandler
                0x00000000080085c0                TIMER0_UP_TIMER9_IRQHandler
                0x00000000080085c0                RTC_IRQHandler
                0x00000000080085c0                CAN1_RX1_IRQHandler
                0x00000000080085c0                DMA0_Channel2_IRQHandler
                0x00000000080085c0                USART0_IRQHandler
                0x00000000080085c0                I2C1_EV_IRQHandler
                0x00000000080085c0                DMA1_Channel6_IRQHandler
                0x00000000080085c0                EXTI10_15_IRQHandler
                0x00000000080085c0                DMA1_Channel1_IRQHandler
                0x00000000080085c0                Default_Handler
                0x00000000080085c0                TIMER7_Channel_IRQHandler
                0x00000000080085c0                CAN0_TX_IRQHandler
                0x00000000080085c0                WWDGT_IRQHandler
                0x00000000080085c0                EXMC_IRQHandler
                0x00000000080085c0                ADC2_IRQHandler
                0x00000000080085c0                SPI2_IRQHandler
                0x00000000080085c0                MemManage_Handler
                0x00000000080085c0                CAN1_TX_IRQHandler
                0x00000000080085c0                SVC_Handler
                0x00000000080085c0                HAU_TRNG_IRQHandler
                0x00000000080085c0                DMA1_Channel5_IRQHandler
                0x00000000080085c0                EXTI4_IRQHandler
                0x00000000080085c0                CAN0_RX1_IRQHandler
                0x00000000080085c0                DMA0_Channel5_IRQHandler
                0x00000000080085c0                DMA1_Channel3_IRQHandler
                0x00000000080085c0                EXTI5_9_IRQHandler
                0x00000000080085c0                RCU_IRQHandler
                0x00000000080085c0                DMA0_Channel1_IRQHandler
                0x00000000080085c0                TIMER0_Channel_IRQHandler
                0x00000000080085c0                EXTI1_IRQHandler
                0x00000000080085c0                ENET_WKUP_IRQHandler
                0x00000000080085c0                RTCAlarm_IRQHandler
                0x00000000080085c0                UART7_IRQHandler
                0x00000000080085c0                UART6_IRQHandler
                0x00000000080085c0                CAN0_EWMC_IRQHandler
                0x00000000080085c0                CAN0_RX0_IRQHandler
                0x00000000080085c0                I2C2_ER_IRQHandler
                0x00000000080085c0                DMA1_Channel2_IRQHandler
                0x00000000080085c0                TLI_ER_IRQHandler
                0x00000000080085c0                BusFault_Handler
                0x00000000080085c0                I2C1_ER_IRQHandler
                0x00000000080085c0                FMC_IRQHandler
                0x00000000080085c0                DMA0_Channel4_IRQHandler
                0x00000000080085c0                EXTI2_IRQHandler
 .text.memcmp   0x00000000080085c2       0x20 build_gd32/firmware/main.o
 .text.memcpy   0x00000000080085e2       0x16 build_gd32/firmware/main.o
 .text._ZN14DisplayHandlerD2Ev
                0x00000000080085f8        0x2 build_gd32/firmware/main.o
                0x00000000080085f8                DisplayHandler::~DisplayHandler()
                0x00000000080085f8                DisplayHandler::~DisplayHandler()
 .text._ZN12dmxconfigudpL4atoiEPKcj
                0x00000000080085fa       0x24 build_gd32/firmware/main.o
 .text._ZN12RDMNetDevice7CopyUIDEPh
                0x000000000800861e       0x12 build_gd32/firmware/main.o
                0x000000000800861e                RDMNetDevice::CopyUID(unsigned char*)
                0x000000000800862a                non-virtual thunk to RDMNetDevice::CopyUID(unsigned char*)
 .text._ZN12RDMNetDevice7CopyCIDEPh
                0x0000000008008630       0x18 build_gd32/firmware/main.o
                0x0000000008008630                RDMNetDevice::CopyCID(unsigned char*)
                0x0000000008008640                non-virtual thunk to RDMNetDevice::CopyCID(unsigned char*)
 .text._ZN14DisplayHandlerD0Ev
                0x0000000008008648        0xc build_gd32/firmware/main.o
                0x0000000008008648                DisplayHandler::~DisplayHandler()
 .text._ZN12RDMNetDevice20LLRPHandleRdmCommandEPKh
                0x0000000008008654       0x1c build_gd32/firmware/main.o
                0x0000000008008654                RDMNetDevice::LLRPHandleRdmCommand(unsigned char const*)
                0x0000000008008668                non-virtual thunk to RDMNetDevice::LLRPHandleRdmCommand(unsigned char const*)
 .text._ZN7Display12SetCursorPosEhh.isra.0
                0x0000000008008670        0xa build_gd32/firmware/main.o
 .text._ZN7Display7PutCharEi.isra.0
                0x000000000800867a        0xa build_gd32/firmware/main.o
 .text._ZN14DisplayHandler5PrintEj
                0x0000000008008684       0x50 build_gd32/firmware/main.o
                0x0000000008008684                DisplayHandler::Print(unsigned int)
 .text._ZN12RDMNetDeviceD2Ev
                0x00000000080086d4       0x28 build_gd32/firmware/main.o
                0x00000000080086d4                RDMNetDevice::~RDMNetDevice()
                0x00000000080086d4                RDMNetDevice::~RDMNetDevice()
                0x00000000080086f4                non-virtual thunk to RDMNetDevice::~RDMNetDevice()
 .text._ZN12RDMNetDeviceD0Ev
                0x00000000080086fc       0x18 build_gd32/firmware/main.o
                0x00000000080086fc                RDMNetDevice::~RDMNetDevice()
                0x000000000800870e                non-virtual thunk to RDMNetDevice::~RDMNetDevice()
 .text._ZN7Display10TextStatusEPKc
                0x0000000008008714       0x6a build_gd32/firmware/main.o
                0x0000000008008714                Display::TextStatus(char const*)
 .text._ZN7Display10TextStatusEPKc22Display7SegmentMessagej
                0x000000000800877e       0x50 build_gd32/firmware/main.o
                0x000000000800877e                Display::TextStatus(char const*, Display7SegmentMessage, unsigned int)
 *fill*         0x00000000080087ce        0x2 
 .text._ZN7Display8SetSleepEb
                0x00000000080087d0       0x20 build_gd32/firmware/main.o
                0x00000000080087d0                Display::SetSleep(bool)
 .text._ZN7display7timeout9gpio_initEv
                0x00000000080087f0       0x20 build_gd32/firmware/main.o
                0x00000000080087f0                display::timeout::gpio_init()
 .text._ZN7display7timeout10gpio_renewEv
                0x0000000008008810       0x14 build_gd32/firmware/main.o
                0x0000000008008810                display::timeout::gpio_renew()
 .text._ZN8Hardware13RebootHandlerEv
                0x0000000008008824       0x20 build_gd32/firmware/main.o
                0x0000000008008824                Hardware::RebootHandler()
 .text.startup.main
                0x0000000008008844      0x610 build_gd32/firmware/main.o
                0x0000000008008844                main
 .text._ZN8DmxInputD2Ev
                0x0000000008008e54        0x2 build_gd32/lib/dmxinput.o
                0x0000000008008e54                DmxInput::~DmxInput()
                0x0000000008008e54                DmxInput::~DmxInput()
 *fill*         0x0000000008008e56        0x2 
 .text._ZN8DmxInput5StartEj
                0x0000000008008e58       0x30 build_gd32/lib/dmxinput.o
                0x0000000008008e58                DmxInput::Start(unsigned int)
 .text._ZN8DmxInput4StopEj
                0x0000000008008e88       0x30 build_gd32/lib/dmxinput.o
                0x0000000008008e88                DmxInput::Stop(unsigned int)
 .text._ZN8DmxInput7HandlerEjRjS0_
                0x0000000008008eb8       0x3c build_gd32/lib/dmxinput.o
                0x0000000008008eb8                DmxInput::Handler(unsigned int, unsigned int&, unsigned int&)
 .text._ZN8DmxInputD0Ev
                0x0000000008008ef4        0xc build_gd32/lib/dmxinput.o
                0x0000000008008ef4                DmxInput::~DmxInput()
 .text._ZN8DmxInputC2Ev
                0x0000000008008f00       0x20 build_gd32/lib/dmxinput.o
                0x0000000008008f00                DmxInput::DmxInput()
                0x0000000008008f00                DmxInput::DmxInput()
 .text._ZN12StoreNetwork8SaveDhcpEb
                0x0000000008008f20       0x30 build_gd32/lib/factorydefaults.o
                0x0000000008008f20                StoreNetwork::SaveDhcp(bool)
                0x0000000008008f48                non-virtual thunk to StoreNetwork::SaveDhcp(bool)
 .text._ZN3rdm6device9responder15factorydefaultsEv
                0x0000000008008f50       0x30 build_gd32/lib/factorydefaults.o
                0x0000000008008f50                rdm::device::responder::factorydefaults()
 .text._ZN18RDMSoftwareVersion10GetVersionEv
                0x0000000008008f80        0x8 build_gd32/lib/rdmsoftwareversion.o
                0x0000000008008f80                RDMSoftwareVersion::GetVersion()
 .text._ZN18RDMSoftwareVersion16GetVersionLengthEv
                0x0000000008008f88        0x4 build_gd32/lib/rdmsoftwareversion.o
                0x0000000008008f88                RDMSoftwareVersion::GetVersionLength()
 .text._ZN18RDMSoftwareVersion12GetVersionIdEv
                0x0000000008008f8c        0x8 build_gd32/lib/rdmsoftwareversion.o
                0x0000000008008f8c                RDMSoftwareVersion::GetVersionId()
 .text._itostr  0x0000000008008f94       0x74 ../lib-c/lib_gd32/libc.a(printf.o)
 .text._xputch  0x0000000008009008       0x2c ../lib-c/lib_gd32/libc.a(printf.o)
 .text._format_int
                0x0000000008009034       0xd4 ../lib-c/lib_gd32/libc.a(printf.o)
 .text._format_hex
                0x0000000008009108       0xba ../lib-c/lib_gd32/libc.a(printf.o)
 *fill*         0x00000000080091c2        0x2 
 .text._vprintf
                0x00000000080091c4      0x3c8 ../lib-c/lib_gd32/libc.a(printf.o)
 .text.printf   0x000000000800958c       0x1e ../lib-c/lib_gd32/libc.a(printf.o)
                0x000000000800958c                printf
 *fill*         0x00000000080095aa        0x2 
 .text.sprintf  0x00000000080095ac       0x30 ../lib-c/lib_gd32/libc.a(printf.o)
                0x00000000080095ac                sprintf
 .text.snprintf
                0x00000000080095dc       0x30 ../lib-c/lib_gd32/libc.a(printf.o)
                0x00000000080095dc                snprintf
 .text.vsnprintf
                0x000000000800960c       0x20 ../lib-c/lib_gd32/libc.a(printf.o)
                0x000000000800960c                vsnprintf
 .text.__udivmoddi4
                0x000000000800962c      0x2cc /Users/arjanvanvught/Library/xPacks/@xpack-dev-tools/arm-none-eabi-gcc/11.3.1-1.1.2/.content/bin/../lib/gcc/arm-none-eabi/11.3.1/thumb/v7-m/nofp/libgcc.a(_udivmoddi4.o)
                0x000000000800962c                __udivmoddi4
 .text._ZN12RemoteConfig10HandleListEv
                0x00000000080098f8       0xd0 ../lib-remoteconfig/lib_gd32/libremoteconfig.a(remoteconfig.o)
                0x00000000080098f8                RemoteConfig::HandleList()
 .text._ZN12RemoteConfig16HandleDisplayGetEv
                0x00000000080099c8       0x54 ../lib-remoteconfig/lib_gd32/libremoteconfig.a(remoteconfig.o)
                0x00000000080099c8                RemoteConfig::HandleDisplayGet()
 .text._ZN12RemoteConfig13HandleTftpGetEv
                0x0000000008009a1c       0x50 ../lib-remoteconfig/lib_gd32/libremoteconfig.a(remoteconfig.o)
                0x0000000008009a1c                RemoteConfig::HandleTftpGet()
 .text._ZN12RemoteConfig13HandleVersionEv
                0x0000000008009a6c       0x40 ../lib-remoteconfig/lib_gd32/libremoteconfig.a(remoteconfig.o)
                0x0000000008009a6c                RemoteConfig::HandleVersion()
 .text._ZN12RemoteConfig12HandleUptimeEv
                0x0000000008009aac       0x4c ../lib-remoteconfig/lib_gd32/libremoteconfig.a(remoteconfig.o)
                0x0000000008009aac                RemoteConfig::HandleUptime()
 .text._ZN7Display6StatusE22Display7SegmentMessage
                0x0000000008009af8       0x36 ../lib-remoteconfig/lib_gd32/libremoteconfig.a(remoteconfig.o)
                0x0000000008009af8                Display::Status(Display7SegmentMessage)
 *fill*         0x0000000008009b2e        0x2 
 .text._ZN12RemoteConfig16HandleDisplaySetEv
                0x0000000008009b30       0x28 ../lib-remoteconfig/lib_gd32/libremoteconfig.a(remoteconfig.o)
                0x0000000008009b30                RemoteConfig::HandleDisplaySet()
 .text._ZN12RemoteConfig13HandleTftpSetEv
                0x0000000008009b58       0x68 ../lib-remoteconfig/lib_gd32/libremoteconfig.a(remoteconfig.o)
                0x0000000008009b58                RemoteConfig::HandleTftpSet()
 .text._ZN12RemoteConfigC2EN12remoteconfig4NodeENS0_6OutputEj
                0x0000000008009bc0       0x68 ../lib-remoteconfig/lib_gd32/libremoteconfig.a(remoteconfig.o)
                0x0000000008009bc0                RemoteConfig::RemoteConfig(remoteconfig::Node, remoteconfig::Output, unsigned int)
                0x0000000008009bc0                RemoteConfig::RemoteConfig(remoteconfig::Node, remoteconfig::Output, unsigned int)
 .text._ZNK12RemoteConfig13GetStringNodeEv
                0x0000000008009c28       0x18 ../lib-remoteconfig/lib_gd32/libremoteconfig.a(remoteconfig.o)
                0x0000000008009c28                RemoteConfig::GetStringNode() const
 .text._ZNK12RemoteConfig15GetStringOutputEv
                0x0000000008009c40       0x18 ../lib-remoteconfig/lib_gd32/libremoteconfig.a(remoteconfig.o)
                0x0000000008009c40                RemoteConfig::GetStringOutput() const
 .text._ZN12RemoteConfig10SetDisableEb
                0x0000000008009c58       0x40 ../lib-remoteconfig/lib_gd32/libremoteconfig.a(remoteconfig.o)
                0x0000000008009c58                RemoteConfig::SetDisable(bool)
 .text._ZN12RemoteConfig14SetDisplayNameEPKc
                0x0000000008009c98       0x30 ../lib-remoteconfig/lib_gd32/libremoteconfig.a(remoteconfig.o)
                0x0000000008009c98                RemoteConfig::SetDisplayName(char const*)
 .text._ZN12RemoteConfig9HandleGetEPvj
                0x0000000008009cc8       0xb8 ../lib-remoteconfig/lib_gd32/libremoteconfig.a(remoteconfig.o)
                0x0000000008009cc8                RemoteConfig::HandleGet(void*, unsigned int)
 .text._ZN12RemoteConfig17HandleGetNoParamsEv
                0x0000000008009d80        0x8 ../lib-remoteconfig/lib_gd32/libremoteconfig.a(remoteconfig.o)
                0x0000000008009d80                RemoteConfig::HandleGetNoParams()
 .text._ZN12RemoteConfig19HandleGetRconfigTxtERj
                0x0000000008009d88       0x2c ../lib-remoteconfig/lib_gd32/libremoteconfig.a(remoteconfig.o)
                0x0000000008009d88                RemoteConfig::HandleGetRconfigTxt(unsigned int&)
 .text._ZN12RemoteConfig19HandleGetNetworkTxtERj
                0x0000000008009db4       0x2c ../lib-remoteconfig/lib_gd32/libremoteconfig.a(remoteconfig.o)
                0x0000000008009db4                RemoteConfig::HandleGetNetworkTxt(unsigned int&)
 .text._ZN12RemoteConfig16HandleGetE131TxtERj
                0x0000000008009de0       0x2c ../lib-remoteconfig/lib_gd32/libremoteconfig.a(remoteconfig.o)
                0x0000000008009de0                RemoteConfig::HandleGetE131Txt(unsigned int&)
 .text._ZN12RemoteConfig18HandleGetParamsTxtERj
                0x0000000008009e0c       0x2c ../lib-remoteconfig/lib_gd32/libremoteconfig.a(remoteconfig.o)
                0x0000000008009e0c                RemoteConfig::HandleGetParamsTxt(unsigned int&)
 .text._ZN12RemoteConfig19HandleGetDisplayTxtERj
                0x0000000008009e38       0x2c ../lib-remoteconfig/lib_gd32/libremoteconfig.a(remoteconfig.o)
                0x0000000008009e38                RemoteConfig::HandleGetDisplayTxt(unsigned int&)
 .text._ZN12RemoteConfig9HandleSetEPvj
                0x0000000008009e64       0x84 ../lib-remoteconfig/lib_gd32/libremoteconfig.a(remoteconfig.o)
                0x0000000008009e64                RemoteConfig::HandleSet(void*, unsigned int)
 .text._ZN12RemoteConfig3RunEv
                0x0000000008009ee8      0x13c ../lib-remoteconfig/lib_gd32/libremoteconfig.a(remoteconfig.o)
                0x0000000008009ee8                RemoteConfig::Run()
 .text._ZN12RemoteConfig16HandleSetRconfigEv
                0x000000000800a024       0x30 ../lib-remoteconfig/lib_gd32/libremoteconfig.a(remoteconfig.o)
                0x000000000800a024                RemoteConfig::HandleSetRconfig()
 .text._ZN12RemoteConfig19HandleSetNetworkTxtEv
                0x000000000800a054       0x28 ../lib-remoteconfig/lib_gd32/libremoteconfig.a(remoteconfig.o)
                0x000000000800a054                RemoteConfig::HandleSetNetworkTxt()
 .text._ZN12RemoteConfig16HandleSetE131TxtEv
                0x000000000800a07c       0x28 ../lib-remoteconfig/lib_gd32/libremoteconfig.a(remoteconfig.o)
                0x000000000800a07c                RemoteConfig::HandleSetE131Txt()
 .text._ZN12RemoteConfig18HandleSetParamsTxtEv
                0x000000000800a0a4       0x28 ../lib-remoteconfig/lib_gd32/libremoteconfig.a(remoteconfig.o)
                0x000000000800a0a4                RemoteConfig::HandleSetParamsTxt()
 .text._ZN12RemoteConfig19HandleSetDisplayTxtEv
                0x000000000800a0cc       0x28 ../lib-remoteconfig/lib_gd32/libremoteconfig.a(remoteconfig.o)
                0x000000000800a0cc                RemoteConfig::HandleSetDisplayTxt()
 .text._ZN12RemoteConfig13HandleFactoryEv
                0x000000000800a0f4       0x1c ../lib-remoteconfig/lib_gd32/libremoteconfig.a(remoteconfigfactory.o)
                0x000000000800a0f4                RemoteConfig::HandleFactory()
 .text._ZN17PropertiesBuilder3AddEPKcb.isra.0
                0x000000000800a110       0x50 ../lib-remoteconfig/lib_gd32/libremoteconfig.a(remoteconfigparams.o)
 .text._ZN18RemoteConfigParamsC2EP23RemoteConfigParamsStore
                0x000000000800a160       0x14 ../lib-remoteconfig/lib_gd32/libremoteconfig.a(remoteconfigparams.o)
                0x000000000800a160                RemoteConfigParams::RemoteConfigParams(RemoteConfigParamsStore*)
                0x000000000800a160                RemoteConfigParams::RemoteConfigParams(RemoteConfigParamsStore*)
 .text._ZN18RemoteConfigParams4LoadEv
                0x000000000800a174       0x18 ../lib-remoteconfig/lib_gd32/libremoteconfig.a(remoteconfigparams.o)
                0x000000000800a174                RemoteConfigParams::Load()
 .text._ZN18RemoteConfigParams4LoadEPKcj
                0x000000000800a18c       0x3c ../lib-remoteconfig/lib_gd32/libremoteconfig.a(remoteconfigparams.o)
                0x000000000800a18c                RemoteConfigParams::Load(char const*, unsigned int)
 .text._ZN18RemoteConfigParams7SetBoolEhj
                0x000000000800a1c8       0x10 ../lib-remoteconfig/lib_gd32/libremoteconfig.a(remoteconfigparams.o)
                0x000000000800a1c8                RemoteConfigParams::SetBool(unsigned char, unsigned int)
 .text._ZN18RemoteConfigParams16callbackFunctionEPKc
                0x000000000800a1d8       0xac ../lib-remoteconfig/lib_gd32/libremoteconfig.a(remoteconfigparams.o)
                0x000000000800a1d8                RemoteConfigParams::callbackFunction(char const*)
 .text._ZN18RemoteConfigParams22staticCallbackFunctionEPvPKc
                0x000000000800a284        0x4 ../lib-remoteconfig/lib_gd32/libremoteconfig.a(remoteconfigparams.o)
                0x000000000800a284                RemoteConfigParams::staticCallbackFunction(void*, char const*)
 .text._ZN18RemoteConfigParams7BuilderEPK19TRemoteConfigParamsPcjRj
                0x000000000800a288      0x120 ../lib-remoteconfig/lib_gd32/libremoteconfig.a(remoteconfigparams.o)
                0x000000000800a288                RemoteConfigParams::Builder(TRemoteConfigParams const*, char*, unsigned int, unsigned int&)
 .text._ZN18RemoteConfigParams4SaveEPcjRj
                0x000000000800a3a8       0x1a ../lib-remoteconfig/lib_gd32/libremoteconfig.a(remoteconfigparams.o)
                0x000000000800a3a8                RemoteConfigParams::Save(char*, unsigned int, unsigned int&)
 .text._ZN18RemoteConfigParams3SetEP12RemoteConfig
                0x000000000800a3c2       0x40 ../lib-remoteconfig/lib_gd32/libremoteconfig.a(remoteconfigparams.o)
                0x000000000800a3c2                RemoteConfigParams::Set(RemoteConfig*)
 .text._ZN18RemoteConfigParams4DumpEv
                0x000000000800a402        0x2 ../lib-remoteconfig/lib_gd32/libremoteconfig.a(remoteconfigparamsdump.o)
                0x000000000800a402                RemoteConfigParams::Dump()
 .text._ZN12RemoteConfig12HandleRebootEv
                0x000000000800a404       0xa4 ../lib-remoteconfig/lib_gd32/libremoteconfig.a(remoteconfigreboot.o)
                0x000000000800a404                RemoteConfig::HandleReboot()
 .text._ZN12RemoteConfig8GetIndexEPKvRj
                0x000000000800a4a8       0x54 ../lib-remoteconfig/lib_gd32/libremoteconfig.a(remoteconfigstatic.o)
                0x000000000800a4a8                RemoteConfig::GetIndex(void const*, unsigned int&)
 .text._ZN12RemoteConfig21PlatformHandleTftpSetEv
                0x000000000800a4fc       0x10 ../lib-remoteconfig/lib_gd32/libremoteconfig.a(remoteconfig.o)
                0x000000000800a4fc                RemoteConfig::PlatformHandleTftpSet()
 .text._ZN12RemoteConfig21PlatformHandleTftpGetEv
                0x000000000800a50c       0x1a ../lib-remoteconfig/lib_gd32/libremoteconfig.a(remoteconfig.o)
                0x000000000800a50c                RemoteConfig::PlatformHandleTftpGet()
 .text.strcmp   0x000000000800a526       0x1a ../lib-remoteconfig/lib_gd32/libremoteconfig.a(httd.o)
 .text.strcasecmp
                0x000000000800a540       0x34 ../lib-remoteconfig/lib_gd32/libremoteconfig.a(httd.o)
 .text._ZN16PropertiesConfig10EnableJSONEb
                0x000000000800a574       0x18 ../lib-remoteconfig/lib_gd32/libremoteconfig.a(httd.o)
                0x000000000800a574                PropertiesConfig::EnableJSON(bool)
 .text._ZN10HttpDaemonC2Ev
                0x000000000800a58c       0x28 ../lib-remoteconfig/lib_gd32/libremoteconfig.a(httd.o)
                0x000000000800a58c                HttpDaemon::HttpDaemon()
                0x000000000800a58c                HttpDaemon::HttpDaemon()
 .text._ZN10HttpDaemon5StartEv
                0x000000000800a5b4       0x18 ../lib-remoteconfig/lib_gd32/libremoteconfig.a(httd.o)
                0x000000000800a5b4                HttpDaemon::Start()
 .text._ZN10HttpDaemon11ParseMethodEPc
                0x000000000800a5cc       0x8c ../lib-remoteconfig/lib_gd32/libremoteconfig.a(httd.o)
                0x000000000800a5cc                HttpDaemon::ParseMethod(char*)
 .text._ZN10HttpDaemon16ParseHeaderFieldEPc
                0x000000000800a658       0x94 ../lib-remoteconfig/lib_gd32/libremoteconfig.a(httd.o)
                0x000000000800a658                HttpDaemon::ParseHeaderField(char*)
 .text._ZN10HttpDaemon12ParseRequestEv
                0x000000000800a6ec       0x6c ../lib-remoteconfig/lib_gd32/libremoteconfig.a(httd.o)
                0x000000000800a6ec                HttpDaemon::ParseRequest()
 .text._ZN10HttpDaemon12HandleGetTxtEv
                0x000000000800a758       0x88 ../lib-remoteconfig/lib_gd32/libremoteconfig.a(httd.o)
                0x000000000800a758                HttpDaemon::HandleGetTxt()
 .text._ZN10HttpDaemon9HandleGetEv
                0x000000000800a7e0      0x14c ../lib-remoteconfig/lib_gd32/libremoteconfig.a(httd.o)
                0x000000000800a7e0                HttpDaemon::HandleGet()
 .text._ZN10HttpDaemon10HandlePostEb
                0x000000000800a92c      0x160 ../lib-remoteconfig/lib_gd32/libremoteconfig.a(httd.o)
                0x000000000800a92c                HttpDaemon::HandlePost(bool)
 .text._ZN10HttpDaemon3RunEv
                0x000000000800aa8c      0x158 ../lib-remoteconfig/lib_gd32/libremoteconfig.a(httd.o)
                0x000000000800aa8c                HttpDaemon::Run()
 .text._ZN12remoteconfig13json_get_listEPct
                0x000000000800abe4       0x68 ../lib-remoteconfig/lib_gd32/libremoteconfig.a(remoteconfigjson.o)
                0x000000000800abe4                remoteconfig::json_get_list(char*, unsigned short)
 .text._ZN12remoteconfig16json_get_versionEPct
                0x000000000800ac4c       0x38 ../lib-remoteconfig/lib_gd32/libremoteconfig.a(remoteconfigjson.o)
                0x000000000800ac4c                remoteconfig::json_get_version(char*, unsigned short)
 .text._ZN12remoteconfig15json_get_uptimeEPct
                0x000000000800ac84       0x20 ../lib-remoteconfig/lib_gd32/libremoteconfig.a(remoteconfigjson.o)
                0x000000000800ac84                remoteconfig::json_get_uptime(char*, unsigned short)
 .text._ZN12remoteconfig16json_get_displayEPct
                0x000000000800aca4       0x20 ../lib-remoteconfig/lib_gd32/libremoteconfig.a(remoteconfigjson.o)
                0x000000000800aca4                remoteconfig::json_get_display(char*, unsigned short)
 .text._ZN12remoteconfig18json_get_directoryEPct
                0x000000000800acc4       0x10 ../lib-remoteconfig/lib_gd32/libremoteconfig.a(remoteconfigjson.o)
                0x000000000800acc4                remoteconfig::json_get_directory(char*, unsigned short)
 .text._Z16get_file_contentPKcPc
                0x000000000800acd4       0x4c ../lib-remoteconfig/lib_gd32/libremoteconfig.a(get_file_content.o)
                0x000000000800acd4                get_file_content(char const*, char*)
 .text._ZN4e131L24universe_to_multicast_ipEt
                0x000000000800ad20       0x24 ../lib-e131/lib_gd32/libe131.a(e131bridge.o)
 .text._ZN8lightset4Data13IMergeSourceAEjPKhjNS_9MergeModeE.part.0
                0x000000000800ad44       0x28 ../lib-e131/lib_gd32/libe131.a(e131bridge.o)
 .text.memset.constprop.0.isra.0
                0x000000000800ad6c       0x10 ../lib-e131/lib_gd32/libe131.a(e131bridge.o)
 .text.memcpy.isra.0
                0x000000000800ad7c       0x14 ../lib-e131/lib_gd32/libe131.a(e131bridge.o)
 .text._ZN8lightset4Data3GetEv
                0x000000000800ad90       0x18 ../lib-e131/lib_gd32/libe131.a(e131bridge.o)
                0x000000000800ad90                lightset::Data::Get()
 .text._ZN8lightset4Data10SetSourceAEjPKhj
                0x000000000800ada8       0x3a ../lib-e131/lib_gd32/libe131.a(e131bridge.o)
                0x000000000800ada8                lightset::Data::SetSourceA(unsigned int, unsigned char const*, unsigned int)
 .text._ZN8lightset4Data12MergeSourceAEjPKhjNS_9MergeModeE
                0x000000000800ade2       0x52 ../lib-e131/lib_gd32/libe131.a(e131bridge.o)
                0x000000000800ade2                lightset::Data::MergeSourceA(unsigned int, unsigned char const*, unsigned int, lightset::MergeMode)
 .text._ZN8lightset4Data12MergeSourceBEjPKhjNS_9MergeModeE
                0x000000000800ae34       0x54 ../lib-e131/lib_gd32/libe131.a(e131bridge.o)
                0x000000000800ae34                lightset::Data::MergeSourceB(unsigned int, unsigned char const*, unsigned int, lightset::MergeMode)
 .text._ZN10E131BridgeC2Ev
                0x000000000800ae88       0xd0 ../lib-e131/lib_gd32/libe131.a(e131bridge.o)
                0x000000000800ae88                E131Bridge::E131Bridge()
                0x000000000800ae88                E131Bridge::E131Bridge()
 .text._ZN10E131Bridge5StartEv
                0x000000000800af58       0x78 ../lib-e131/lib_gd32/libe131.a(e131bridge.o)
                0x000000000800af58                E131Bridge::Start()
 .text._ZN10E131Bridge4StopEv
                0x000000000800afd0       0x74 ../lib-e131/lib_gd32/libe131.a(e131bridge.o)
                0x000000000800afd0                E131Bridge::Stop()
 .text._ZN10E131Bridge13LeaveUniverseEjt
                0x000000000800b044       0x40 ../lib-e131/lib_gd32/libe131.a(e131bridge.o)
                0x000000000800b044                E131Bridge::LeaveUniverse(unsigned int, unsigned short)
 .text._ZN10E131Bridge25SetSynchronizationAddressEbbt
                0x000000000800b084       0x4c ../lib-e131/lib_gd32/libe131.a(e131bridge.o)
                0x000000000800b084                E131Bridge::SetSynchronizationAddress(bool, bool, unsigned short)
 .text._ZN10E131Bridge11SetUniverseEjN8lightset7PortDirEt
                0x000000000800b0d0       0xf0 ../lib-e131/lib_gd32/libe131.a(e131bridge.o)
                0x000000000800b0d0                E131Bridge::SetUniverse(unsigned int, lightset::PortDir, unsigned short)
 .text._ZNK10E131Bridge11GetUniverseEjRtN8lightset7PortDirE
                0x000000000800b1c0       0x2e ../lib-e131/lib_gd32/libe131.a(e131bridge.o)
                0x000000000800b1c0                E131Bridge::GetUniverse(unsigned int, unsigned short&, lightset::PortDir) const
 .text._ZN10E131Bridge17UpdateMergeStatusEj
                0x000000000800b1ee       0x1e ../lib-e131/lib_gd32/libe131.a(e131bridge.o)
                0x000000000800b1ee                E131Bridge::UpdateMergeStatus(unsigned int)
 .text._ZN10E131Bridge18CheckMergeTimeoutsEj
                0x000000000800b20c       0x82 ../lib-e131/lib_gd32/libe131.a(e131bridge.o)
                0x000000000800b20c                E131Bridge::CheckMergeTimeouts(unsigned int)
 .text._ZNK10E131Bridge17IsPriorityTimeOutEj
                0x000000000800b28e       0x4a ../lib-e131/lib_gd32/libe131.a(e131bridge.o)
                0x000000000800b28e                E131Bridge::IsPriorityTimeOut(unsigned int) const
 .text._ZNK10E131Bridge12isIpCidMatchEPKN10e131bridge6SourceE
                0x000000000800b2d8       0x2a ../lib-e131/lib_gd32/libe131.a(e131bridge.o)
                0x000000000800b2d8                E131Bridge::isIpCidMatch(e131bridge::Source const*) const
 *fill*         0x000000000800b302        0x2 
 .text._ZN10E131Bridge27SetNetworkDataLossConditionEbb
                0x000000000800b304      0x12c ../lib-e131/lib_gd32/libe131.a(e131bridge.o)
                0x000000000800b304                E131Bridge::SetNetworkDataLossCondition(bool, bool)
 .text._ZN10E131Bridge9HandleDmxEv
                0x000000000800b430      0x300 ../lib-e131/lib_gd32/libe131.a(e131bridge.o)
                0x000000000800b430                E131Bridge::HandleDmx()
 .text._ZN10E131Bridge11IsValidRootEv
                0x000000000800b730       0x3c ../lib-e131/lib_gd32/libe131.a(e131bridge.o)
                0x000000000800b730                E131Bridge::IsValidRoot()
 .text._ZN10E131Bridge17IsValidDataPacketEv
                0x000000000800b76c       0x28 ../lib-e131/lib_gd32/libe131.a(e131bridge.o)
                0x000000000800b76c                E131Bridge::IsValidDataPacket()
 .text._ZN10E131Bridge3RunEv
                0x000000000800b794      0x110 ../lib-e131/lib_gd32/libe131.a(e131bridge.o)
                0x000000000800b794                E131Bridge::Run()
 .text._ZN10E131Bridge19FillDiscoveryPacketEv
                0x000000000800b8a4       0xd8 ../lib-e131/lib_gd32/libe131.a(e131bridgediscoverypacket.o)
                0x000000000800b8a4                E131Bridge::FillDiscoveryPacket()
 .text._ZN10E131Bridge19SendDiscoveryPacketEv
                0x000000000800b97c       0x62 ../lib-e131/lib_gd32/libe131.a(e131bridgediscoverypacket.o)
                0x000000000800b97c                E131Bridge::SendDiscoveryPacket()
 .text.memcpy.isra.0
                0x000000000800b9de       0x14 ../lib-e131/lib_gd32/libe131.a(e131bridgehandledmxin.o)
 *fill*         0x000000000800b9f2        0x2 
 .text._ZN10E131Bridge14FillDataPacketEv
                0x000000000800b9f4       0x8c ../lib-e131/lib_gd32/libe131.a(e131bridgehandledmxin.o)
                0x000000000800b9f4                E131Bridge::FillDataPacket()
 .text._ZN10E131Bridge11HandleDmxInEv
                0x000000000800ba80       0xfc ../lib-e131/lib_gd32/libe131.a(e131bridgehandledmxin.o)
                0x000000000800ba80                E131Bridge::HandleDmxIn()
 .text._ZN10E131Bridge21HandleSynchronizationEv
                0x000000000800bb7c       0xbc ../lib-e131/lib_gd32/libe131.a(e131bridgehandlesynchronization.o)
                0x000000000800bb7c                E131Bridge::HandleSynchronization()
 .text._ZN10E131Bridge5PrintEv
                0x000000000800bc38       0xf4 ../lib-e131/lib_gd32/libe131.a(e131bridgeprint.o)
                0x000000000800bc38                E131Bridge::Print()
 .text.memcmp   0x000000000800bd2c       0x28 ../lib-e131/lib_gd32/libe131.a(e131params.o)
 .text._ZN17PropertiesBuilder3AddIPKcEEbS2_T_bj.isra.0
                0x000000000800bd54       0x50 ../lib-e131/lib_gd32/libe131.a(e131params.o)
 .text._ZN10E131ParamsC2EP15E131ParamsStore
                0x000000000800bda4       0x48 ../lib-e131/lib_gd32/libe131.a(e131params.o)
                0x000000000800bda4                E131Params::E131Params(E131ParamsStore*)
                0x000000000800bda4                E131Params::E131Params(E131ParamsStore*)
 .text._ZN10E131Params4LoadEv
                0x000000000800bdec       0x18 ../lib-e131/lib_gd32/libe131.a(e131params.o)
                0x000000000800bdec                E131Params::Load()
 .text._ZN10E131Params4LoadEPKcj
                0x000000000800be04       0x40 ../lib-e131/lib_gd32/libe131.a(e131params.o)
                0x000000000800be04                E131Params::Load(char const*, unsigned int)
 .text._ZN10E131Params16callbackFunctionEPKc
                0x000000000800be44      0x294 ../lib-e131/lib_gd32/libe131.a(e131params.o)
                0x000000000800be44                E131Params::callbackFunction(char const*)
 .text._ZN10E131Params22staticCallbackFunctionEPvPKc
                0x000000000800c0d8        0x4 ../lib-e131/lib_gd32/libe131.a(e131params.o)
                0x000000000800c0d8                E131Params::staticCallbackFunction(void*, char const*)
 .text._ZN10E131Params7BuilderEPKN10e131params6ParamsEPcjRj
                0x000000000800c0dc      0x2b0 ../lib-e131/lib_gd32/libe131.a(e131params.o)
                0x000000000800c0dc                E131Params::Builder(e131params::Params const*, char*, unsigned int, unsigned int&)
 .text._ZN10E131Params4SaveEPcjRj
                0x000000000800c38c       0x1a ../lib-e131/lib_gd32/libe131.a(e131params.o)
                0x000000000800c38c                E131Params::Save(char*, unsigned int, unsigned int&)
 *fill*         0x000000000800c3a6        0x2 
 .text._ZN10E131Params3SetEj
                0x000000000800c3a8       0xac ../lib-e131/lib_gd32/libe131.a(e131params.o)
                0x000000000800c3a8                E131Params::Set(unsigned int)
 .text._ZN10E131Params4DumpEv
                0x000000000800c454        0x2 ../lib-e131/lib_gd32/libe131.a(e131paramsdump.o)
                0x000000000800c454                E131Params::Dump()
 .text._ZN10LLRPDeviceD2Ev
                0x000000000800c456        0x2 ../lib-rdmnet/lib_gd32/librdmnet.a(llrpdevice.o)
                0x000000000800c456                LLRPDevice::~LLRPDevice()
                0x000000000800c456                LLRPDevice::~LLRPDevice()
 .text._ZN10LLRPDevice7CopyUIDEPh
                0x000000000800c458        0x2 ../lib-rdmnet/lib_gd32/librdmnet.a(llrpdevice.o)
                0x000000000800c458                LLRPDevice::CopyUID(unsigned char*)
 .text._ZN10LLRPDevice7CopyCIDEPh
                0x000000000800c45a        0x2 ../lib-rdmnet/lib_gd32/librdmnet.a(llrpdevice.o)
                0x000000000800c45a                LLRPDevice::CopyCID(unsigned char*)
 .text._ZN10LLRPDevice20LLRPHandleRdmCommandEPKh
                0x000000000800c45c        0x4 ../lib-rdmnet/lib_gd32/librdmnet.a(llrpdevice.o)
                0x000000000800c45c                LLRPDevice::LLRPHandleRdmCommand(unsigned char const*)
 .text._ZN10LLRPDeviceD0Ev
                0x000000000800c460        0xc ../lib-rdmnet/lib_gd32/librdmnet.a(llrpdevice.o)
                0x000000000800c460                LLRPDevice::~LLRPDevice()
 .text.memcpy.isra.0
                0x000000000800c46c       0x14 ../lib-rdmnet/lib_gd32/librdmnet.a(llrpdevice.o)
 .text._ZN10LLRPDeviceC2Ev
                0x000000000800c480       0x40 ../lib-rdmnet/lib_gd32/librdmnet.a(llrpdevice.o)
                0x000000000800c480                LLRPDevice::LLRPDevice()
                0x000000000800c480                LLRPDevice::LLRPDevice()
 .text._ZN10LLRPDevice20HandleRequestMessageEv
                0x000000000800c4c0       0xa0 ../lib-rdmnet/lib_gd32/librdmnet.a(llrpdevice.o)
                0x000000000800c4c0                LLRPDevice::HandleRequestMessage()
 .text._ZN10LLRPDevice16HandleRdmCommandEv
                0x000000000800c560       0x9c ../lib-rdmnet/lib_gd32/librdmnet.a(llrpdevice.o)
                0x000000000800c560                LLRPDevice::HandleRdmCommand()
 .text._ZN10LLRPDevice3RunEv
                0x000000000800c5fc       0x4c ../lib-rdmnet/lib_gd32/librdmnet.a(llrpdevice.o)
                0x000000000800c5fc                LLRPDevice::Run()
 .text._ZN10LLRPDevice5PrintEv
                0x000000000800c648       0x60 ../lib-rdmnet/lib_gd32/librdmnet.a(llrpdevice.o)
                0x000000000800c648                LLRPDevice::Print()
 .text._ZN12RDMNetDevice5PrintEv
                0x000000000800c6a8       0x40 ../lib-rdmnet/lib_gd32/librdmnet.a(rdmnetdevice.o)
                0x000000000800c6a8                RDMNetDevice::Print()
 .text._ZN10RDMSensorsC2Ev
                0x000000000800c6e8       0x10 ../lib-rdmsensor/lib_gd32/librdmsensor.a(rdmsensors.o)
                0x000000000800c6e8                RDMSensors::RDMSensors()
                0x000000000800c6e8                RDMSensors::RDMSensors()
 .text._ZN10RDMSensorsD2Ev
                0x000000000800c6f8       0x30 ../lib-rdmsensor/lib_gd32/librdmsensor.a(rdmsensors.o)
                0x000000000800c6f8                RDMSensors::~RDMSensors()
                0x000000000800c6f8                RDMSensors::~RDMSensors()
 .text._ZN13RDMSubDevicesC2Ev
                0x000000000800c728       0x10 ../lib-rdmsubdevice/lib_gd32/librdmsubdevice.a(rdmsubdevices.o)
                0x000000000800c728                RDMSubDevices::RDMSubDevices()
                0x000000000800c728                RDMSubDevices::RDMSubDevices()
 .text._ZN13RDMSubDevicesD2Ev
                0x000000000800c738       0x30 ../lib-rdmsubdevice/lib_gd32/librdmsubdevice.a(rdmsubdevices.o)
                0x000000000800c738                RDMSubDevices::~RDMSubDevices()
                0x000000000800c738                RDMSubDevices::~RDMSubDevices()
 .text._ZN13RDMSubDevices7GetInfoEt
                0x000000000800c768       0x10 ../lib-rdmsubdevice/lib_gd32/librdmsubdevice.a(rdmsubdevices.o)
                0x000000000800c768                RDMSubDevices::GetInfo(unsigned short)
 .text._ZN13RDMSubDevices8GetLabelEtP18TRDMDeviceInfoData
                0x000000000800c778       0x12 ../lib-rdmsubdevice/lib_gd32/librdmsubdevice.a(rdmsubdevices.o)
                0x000000000800c778                RDMSubDevices::GetLabel(unsigned short, TRDMDeviceInfoData*)
 .text._ZN13RDMSubDevices8SetLabelEtPKch
                0x000000000800c78a       0x1a ../lib-rdmsubdevice/lib_gd32/librdmsubdevice.a(rdmsubdevices.o)
                0x000000000800c78a                RDMSubDevices::SetLabel(unsigned short, char const*, unsigned char)
 .text._ZN13RDMSubDevices18GetFactoryDefaultsEv
                0x000000000800c7a4       0x26 ../lib-rdmsubdevice/lib_gd32/librdmsubdevice.a(rdmsubdevices.o)
                0x000000000800c7a4                RDMSubDevices::GetFactoryDefaults()
 .text._ZN13RDMSubDevices18SetFactoryDefaultsEv
                0x000000000800c7ca       0x1e ../lib-rdmsubdevice/lib_gd32/librdmsubdevice.a(rdmsubdevices.o)
                0x000000000800c7ca                RDMSubDevices::SetFactoryDefaults()
 .text._ZN12RDMSubDevice8GetLabelEP18TRDMDeviceInfoData
                0x000000000800c7e8        0xe ../lib-rdmsubdevice/lib_gd32/librdmsubdevice.a(rdmsubdevice.o)
                0x000000000800c7e8                RDMSubDevice::GetLabel(TRDMDeviceInfoData*)
 .text._ZN12RDMSubDevice8SetLabelEPKc
                0x000000000800c7f6       0x1c ../lib-rdmsubdevice/lib_gd32/librdmsubdevice.a(rdmsubdevice.o)
                0x000000000800c7f6                RDMSubDevice::SetLabel(char const*)
 .text._ZN12RDMSubDevice8SetLabelEPKch
                0x000000000800c812       0x1e ../lib-rdmsubdevice/lib_gd32/librdmsubdevice.a(rdmsubdevice.o)
                0x000000000800c812                RDMSubDevice::SetLabel(char const*, unsigned char)
 .text._ZN12RDMSubDevice18SetFactoryDefaultsEv
                0x000000000800c830       0x1c ../lib-rdmsubdevice/lib_gd32/librdmsubdevice.a(rdmsubdevice.o)
                0x000000000800c830                RDMSubDevice::SetFactoryDefaults()
 .text._ZN12RDMSubDevice17CalculateChecksumEv
                0x000000000800c84c       0x30 ../lib-rdmsubdevice/lib_gd32/librdmsubdevice.a(rdmsubdevice.o)
                0x000000000800c84c                RDMSubDevice::CalculateChecksum()
 .text._ZN12RDMSubDevice18GetFactoryDefaultsEv
                0x000000000800c87c       0x1a ../lib-rdmsubdevice/lib_gd32/librdmsubdevice.a(rdmsubdevice.o)
                0x000000000800c87c                RDMSubDevice::GetFactoryDefaults()
 .text.memcpy.isra.0
                0x000000000800c896        0x4 ../lib-rdm/lib_gd32/librdm.a(rdmdeviceparams.o)
 *fill*         0x000000000800c89a        0x2 
 .text._ZN15RDMDeviceParamsC2EP20RDMDeviceParamsStore
                0x000000000800c89c       0x24 ../lib-rdm/lib_gd32/librdm.a(rdmdeviceparams.o)
                0x000000000800c89c                RDMDeviceParams::RDMDeviceParams(RDMDeviceParamsStore*)
                0x000000000800c89c                RDMDeviceParams::RDMDeviceParams(RDMDeviceParamsStore*)
 .text._ZN15RDMDeviceParams4LoadEv
                0x000000000800c8c0       0x16 ../lib-rdm/lib_gd32/librdm.a(rdmdeviceparams.o)
                0x000000000800c8c0                RDMDeviceParams::Load()
 .text._ZN15RDMDeviceParams3SetEP9RDMDevice
                0x000000000800c8d6       0x68 ../lib-rdm/lib_gd32/librdm.a(rdmdeviceparams.o)
                0x000000000800c8d6                RDMDeviceParams::Set(RDMDevice*)
 .text._ZN15RDMDeviceParams4DumpEv
                0x000000000800c93e        0x2 ../lib-rdm/lib_gd32/librdm.a(rdmdeviceparams.o)
                0x000000000800c93e                RDMDeviceParams::Dump()
 .text._ZN18RDMDeviceResponder17PersonalityUpdateEP8LightSet
                0x000000000800c940        0x2 ../lib-rdm/lib_gd32/librdm.a(rdmdeviceresponder.o)
                0x000000000800c940                RDMDeviceResponder::PersonalityUpdate(LightSet*)
 .text._ZN18RDMDeviceResponder21DmxStartAddressUpdateEv
                0x000000000800c942        0x2 ../lib-rdm/lib_gd32/librdm.a(rdmdeviceresponder.o)
                0x000000000800c942                RDMDeviceResponder::DmxStartAddressUpdate()
 .text._ZN18RDMDeviceResponderD2Ev
                0x000000000800c944       0x20 ../lib-rdm/lib_gd32/librdm.a(rdmdeviceresponder.o)
                0x000000000800c944                RDMDeviceResponder::~RDMDeviceResponder()
                0x000000000800c944                RDMDeviceResponder::~RDMDeviceResponder()
 .text._ZN18RDMDeviceResponderD0Ev
                0x000000000800c964       0x12 ../lib-rdm/lib_gd32/librdm.a(rdmdeviceresponder.o)
                0x000000000800c964                RDMDeviceResponder::~RDMDeviceResponder()
 *fill*         0x000000000800c976        0x2 
 .text._ZN18RDMDeviceResponderC2EPP14RDMPersonalityj
                0x000000000800c978       0x9c ../lib-rdm/lib_gd32/librdm.a(rdmdeviceresponder.o)
                0x000000000800c978                RDMDeviceResponder::RDMDeviceResponder(RDMPersonality**, unsigned int)
                0x000000000800c978                RDMDeviceResponder::RDMDeviceResponder(RDMPersonality**, unsigned int)
 .text._ZN18RDMDeviceResponder4InitEv
                0x000000000800ca14      0x128 ../lib-rdm/lib_gd32/librdm.a(rdmdeviceresponder.o)
                0x000000000800ca14                RDMDeviceResponder::Init()
 .text._ZN18RDMDeviceResponder5PrintEv
                0x000000000800cb3c       0x9c ../lib-rdm/lib_gd32/librdm.a(rdmdeviceresponder.o)
                0x000000000800cb3c                RDMDeviceResponder::Print()
 .text.memcmp   0x000000000800cbd8       0x20 ../lib-rdm/lib_gd32/librdm.a(rdmhandler.o)
 .text.memcpy.isra.0
                0x000000000800cbf8       0x14 ../lib-rdm/lib_gd32/librdm.a(rdmhandler.o)
 .text._ZN9RDMDevice8SetLabelEPK18TRDMDeviceInfoData
                0x000000000800cc0c       0x42 ../lib-rdm/lib_gd32/librdm.a(rdmhandler.o)
                0x000000000800cc0c                RDMDevice::SetLabel(TRDMDeviceInfoData const*)
 .text._ZN18RDMDeviceResponder18SetFactoryDefaultsEv
                0x000000000800cc4e      0x100 ../lib-rdm/lib_gd32/librdm.a(rdmhandler.o)
                0x000000000800cc4e                RDMDeviceResponder::SetFactoryDefaults()
 .text._ZN10RDMHandlerC2Eb
                0x000000000800cd4e        0xc ../lib-rdm/lib_gd32/librdm.a(rdmhandler.o)
                0x000000000800cd4e                RDMHandler::RDMHandler(bool)
                0x000000000800cd4e                RDMHandler::RDMHandler(bool)
 .text._ZN10RDMHandler12HandleStringEPKcj
                0x000000000800cd5a       0x18 ../lib-rdm/lib_gd32/librdm.a(rdmhandler.o)
                0x000000000800cd5a                RDMHandler::HandleString(char const*, unsigned int)
 *fill*         0x000000000800cd72        0x2 
 .text._ZN10RDMHandler20CreateRespondMessageEht
                0x000000000800cd74       0x98 ../lib-rdm/lib_gd32/librdm.a(rdmhandler.o)
                0x000000000800cd74                RDMHandler::CreateRespondMessage(unsigned char, unsigned short)
 .text._ZN10RDMHandler17RespondMessageAckEv
                0x000000000800ce0c       0x12 ../lib-rdm/lib_gd32/librdm.a(rdmhandler.o)
                0x000000000800ce0c                RDMHandler::RespondMessageAck()
 *fill*         0x000000000800ce1e        0x2 
 .text._ZN10RDMHandler13GetDeviceInfoEt
                0x000000000800ce20       0x68 ../lib-rdm/lib_gd32/librdm.a(rdmhandler.o)
                0x000000000800ce20                RDMHandler::GetDeviceInfo(unsigned short)
 .text._ZN10RDMHandler18GetFactoryDefaultsEt
                0x000000000800ce88       0x80 ../lib-rdm/lib_gd32/librdm.a(rdmhandler.o)
                0x000000000800ce88                RDMHandler::GetFactoryDefaults(unsigned short)
 .text._ZN10RDMHandler25GetDeviceModelDescriptionEt
                0x000000000800cf08       0x1c ../lib-rdm/lib_gd32/librdm.a(rdmhandler.o)
                0x000000000800cf08                RDMHandler::GetDeviceModelDescription(unsigned short)
 .text._ZN10RDMHandler20GetManufacturerLabelEt
                0x000000000800cf24       0x20 ../lib-rdm/lib_gd32/librdm.a(rdmhandler.o)
                0x000000000800cf24                RDMHandler::GetManufacturerLabel(unsigned short)
 .text._ZN10RDMHandler14GetDeviceLabelEt
                0x000000000800cf44       0x3c ../lib-rdm/lib_gd32/librdm.a(rdmhandler.o)
                0x000000000800cf44                RDMHandler::GetDeviceLabel(unsigned short)
 .text._ZN10RDMHandler17GetIdentifyDeviceEt
                0x000000000800cf80       0x14 ../lib-rdm/lib_gd32/librdm.a(rdmhandler.o)
                0x000000000800cf80                RDMHandler::GetIdentifyDevice(unsigned short)
 .text._ZN10RDMHandler18RespondMessageNackEt
                0x000000000800cf94        0x8 ../lib-rdm/lib_gd32/librdm.a(rdmhandler.o)
                0x000000000800cf94                RDMHandler::RespondMessageNack(unsigned short)
 .text._ZN10RDMHandler14SetResetDeviceEbt
                0x000000000800cf9c       0x48 ../lib-rdm/lib_gd32/librdm.a(rdmhandler.o)
                0x000000000800cf9c                RDMHandler::SetResetDevice(bool, unsigned short)
 .text._ZN10RDMHandler17SetIdentifyDeviceEbt
                0x000000000800cfe4       0x7c ../lib-rdm/lib_gd32/librdm.a(rdmhandler.o)
                0x000000000800cfe4                RDMHandler::SetIdentifyDevice(bool, unsigned short)
 .text._ZN10RDMHandler18SetFactoryDefaultsEbt
                0x000000000800d060       0x34 ../lib-rdm/lib_gd32/librdm.a(rdmhandler.o)
                0x000000000800d060                RDMHandler::SetFactoryDefaults(bool, unsigned short)
 .text._ZN10RDMHandler14SetDeviceLabelEbt
                0x000000000800d094       0x58 ../lib-rdm/lib_gd32/librdm.a(rdmhandler.o)
                0x000000000800d094                RDMHandler::SetDeviceLabel(bool, unsigned short)
 .text._ZN10RDMHandler8HandlersEbhtht
                0x000000000800d0ec       0xe4 ../lib-rdm/lib_gd32/librdm.a(rdmhandler.o)
                0x000000000800d0ec                RDMHandler::Handlers(bool, unsigned char, unsigned short, unsigned char, unsigned short)
 .text._ZN10RDMHandler10HandleDataEPKhPh
                0x000000000800d1d0      0x198 ../lib-rdm/lib_gd32/librdm.a(rdmhandler.o)
                0x000000000800d1d0                RDMHandler::HandleData(unsigned char const*, unsigned char*)
 .text._ZN11RDMIdentifyC2Ev
                0x000000000800d368        0xc ../lib-rdm/lib_gd32/librdm.a(rdmidentify.o)
                0x000000000800d368                RDMIdentify::RDMIdentify()
                0x000000000800d368                RDMIdentify::RDMIdentify()
 .text._ZN11RDMIdentify2OnEN3rdm8identify4ModeE
                0x000000000800d374        0x2 ../lib-rdm/lib_gd32/librdm.a(rdmidentify.o)
                0x000000000800d374                RDMIdentify::On(rdm::identify::Mode)
 .text._ZN11RDMIdentify3OffEN3rdm8identify4ModeE
                0x000000000800d376        0x2 ../lib-rdm/lib_gd32/librdm.a(rdmidentify.o)
                0x000000000800d376                RDMIdentify::Off(rdm::identify::Mode)
 .text.memcpy.constprop.0.isra.0
                0x000000000800d378       0x14 ../lib-rdm/lib_gd32/librdm.a(rdmhandlere1372.o)
 .text._ZN10RDMHandler16GetInterfaceListEt
                0x000000000800d38c       0x28 ../lib-rdm/lib_gd32/librdm.a(rdmhandlere1372.o)
                0x000000000800d38c                RDMHandler::GetInterfaceList(unsigned short)
 .text._ZN10RDMHandler16GetInterfaceNameEt
                0x000000000800d3b4       0x4c ../lib-rdm/lib_gd32/librdm.a(rdmhandlere1372.o)
                0x000000000800d3b4                RDMHandler::GetInterfaceName(unsigned short)
 .text._ZN10RDMHandler18GetHardwareAddressEt
                0x000000000800d400       0x30 ../lib-rdm/lib_gd32/librdm.a(rdmhandlere1372.o)
                0x000000000800d400                RDMHandler::GetHardwareAddress(unsigned short)
 .text._ZN10RDMHandler11GetDHCPModeEt
                0x000000000800d430       0x2c ../lib-rdm/lib_gd32/librdm.a(rdmhandlere1372.o)
                0x000000000800d430                RDMHandler::GetDHCPMode(unsigned short)
 .text._ZN10RDMHandler11SetDHCPModeEbt
                0x000000000800d45c       0x48 ../lib-rdm/lib_gd32/librdm.a(rdmhandlere1372.o)
                0x000000000800d45c                RDMHandler::SetDHCPMode(bool, unsigned short)
 .text._ZN10RDMHandler14GetNameServersEt
                0x000000000800d4a4       0x22 ../lib-rdm/lib_gd32/librdm.a(rdmhandlere1372.o)
                0x000000000800d4a4                RDMHandler::GetNameServers(unsigned short)
 *fill*         0x000000000800d4c6        0x2 
 .text._ZN10RDMHandler11GetZeroconfEt
                0x000000000800d4c8       0x30 ../lib-rdm/lib_gd32/librdm.a(rdmhandlere1372.o)
                0x000000000800d4c8                RDMHandler::GetZeroconf(unsigned short)
 .text._ZN10RDMHandler11SetZeroconfEbt
                0x000000000800d4f8       0x48 ../lib-rdm/lib_gd32/librdm.a(rdmhandlere1372.o)
                0x000000000800d4f8                RDMHandler::SetZeroconf(bool, unsigned short)
 .text._ZN10RDMHandler9RenewDhcpEbt
                0x000000000800d540       0x2c ../lib-rdm/lib_gd32/librdm.a(rdmhandlere1372.o)
                0x000000000800d540                RDMHandler::RenewDhcp(bool, unsigned short)
 .text._ZN10RDMHandler17GetAddressNetmaskEt
                0x000000000800d56c       0x48 ../lib-rdm/lib_gd32/librdm.a(rdmhandlere1372.o)
                0x000000000800d56c                RDMHandler::GetAddressNetmask(unsigned short)
 .text._ZN10RDMHandler16GetStaticAddressEt
                0x000000000800d5b4       0x44 ../lib-rdm/lib_gd32/librdm.a(rdmhandlere1372.o)
                0x000000000800d5b4                RDMHandler::GetStaticAddress(unsigned short)
 .text._ZN10RDMHandler16SetStaticAddressEbt
                0x000000000800d5f8       0x4c ../lib-rdm/lib_gd32/librdm.a(rdmhandlere1372.o)
                0x000000000800d5f8                RDMHandler::SetStaticAddress(bool, unsigned short)
 .text._ZN10RDMHandler18ApplyConfigurationEbt
                0x000000000800d644       0x28 ../lib-rdm/lib_gd32/librdm.a(rdmhandlere1372.o)
                0x000000000800d644                RDMHandler::ApplyConfiguration(bool, unsigned short)
 .text._ZN10RDMHandler15GetDefaultRouteEt
                0x000000000800d66c       0x38 ../lib-rdm/lib_gd32/librdm.a(rdmhandlere1372.o)
                0x000000000800d66c                RDMHandler::GetDefaultRoute(unsigned short)
 .text._ZN10RDMHandler15SetDefaultRouteEbt
                0x000000000800d6a4        0x6 ../lib-rdm/lib_gd32/librdm.a(rdmhandlere1372.o)
                0x000000000800d6a4                RDMHandler::SetDefaultRoute(bool, unsigned short)
 *fill*         0x000000000800d6aa        0x2 
 .text._ZN10RDMHandler11GetHostNameEt
                0x000000000800d6ac       0x30 ../lib-rdm/lib_gd32/librdm.a(rdmhandlere1372.o)
                0x000000000800d6ac                RDMHandler::GetHostName(unsigned short)
 .text._ZN10RDMHandler11SetHostNameEbt
                0x000000000800d6dc       0x34 ../lib-rdm/lib_gd32/librdm.a(rdmhandlere1372.o)
                0x000000000800d6dc                RDMHandler::SetHostName(bool, unsigned short)
 .text._ZN10RDMHandler13GetDomainNameEt
                0x000000000800d710       0x30 ../lib-rdm/lib_gd32/librdm.a(rdmhandlere1372.o)
                0x000000000800d710                RDMHandler::GetDomainName(unsigned short)
 .text._ZN10RDMHandler13SetDomainNameEbt
                0x000000000800d740        0x6 ../lib-rdm/lib_gd32/librdm.a(rdmhandlere1372.o)
                0x000000000800d740                RDMHandler::SetDomainName(bool, unsigned short)
 *fill*         0x000000000800d746        0x2 
 .text._ZN9RDMDeviceC2Ev
                0x000000000800d748       0xe8 ../lib-rdm/lib_gd32/librdm.a(rdmdevice.o)
                0x000000000800d748                RDMDevice::RDMDevice()
                0x000000000800d748                RDMDevice::RDMDevice()
 .text._ZN9RDMDevice5PrintEv
                0x000000000800d830       0x84 ../lib-rdm/lib_gd32/librdm.a(rdmdevice.o)
                0x000000000800d830                RDMDevice::Print()
 .text.uuid_unparse_x
                0x000000000800d8b4       0x86 ../lib-uuid/lib_gd32/libuuid.a(uuid_unparse.o)
 *fill*         0x000000000800d93a        0x2 
 .text.uuid_unparse
                0x000000000800d93c        0xc ../lib-uuid/lib_gd32/libuuid.a(uuid_unparse.o)
                0x000000000800d93c                uuid_unparse
 .text._ZN7DmxSendD2Ev
                0x000000000800d948        0x2 ../lib-dmxsend/lib_gd32/libdmxsend.a(dmxsend.o)
                0x000000000800d948                DmxSend::~DmxSend()
                0x000000000800d948                DmxSend::~DmxSend()
 *fill*         0x000000000800d94a        0x2 
 .text._ZN7DmxSend5StartEj
                0x000000000800d94c       0x30 ../lib-dmxsend/lib_gd32/libdmxsend.a(dmxsend.o)
                0x000000000800d94c                DmxSend::Start(unsigned int)
 .text._ZN7DmxSend4StopEj
                0x000000000800d97c       0x34 ../lib-dmxsend/lib_gd32/libdmxsend.a(dmxsend.o)
                0x000000000800d97c                DmxSend::Stop(unsigned int)
 .text._ZN7DmxSend7SetDataEjPKhj
                0x000000000800d9b0       0x10 ../lib-dmxsend/lib_gd32/libdmxsend.a(dmxsend.o)
                0x000000000800d9b0                DmxSend::SetData(unsigned int, unsigned char const*, unsigned int)
 .text._ZN7DmxSend8BlackoutEb
                0x000000000800d9c0        0xc ../lib-dmxsend/lib_gd32/libdmxsend.a(dmxsend.o)
                0x000000000800d9c0                DmxSend::Blackout(bool)
 .text._ZN7DmxSend6FullOnEv
                0x000000000800d9cc        0xc ../lib-dmxsend/lib_gd32/libdmxsend.a(dmxsend.o)
                0x000000000800d9cc                DmxSend::FullOn()
 .text._ZN7DmxSend5PrintEv
                0x000000000800d9d8       0x58 ../lib-dmxsend/lib_gd32/libdmxsend.a(dmxsend.o)
                0x000000000800d9d8                DmxSend::Print()
 .text._ZN7DmxSendD0Ev
                0x000000000800da30        0xc ../lib-dmxsend/lib_gd32/libdmxsend.a(dmxsend.o)
                0x000000000800da30                DmxSend::~DmxSend()
 .text._ZN17PropertiesBuilder3AddItEEbPKcT_bj.isra.0
                0x000000000800da3c       0x50 ../lib-dmx/lib_gd32/libdmx.a(dmxparams.o)
 .text._ZN9DmxParamsC2EP14DmxParamsStore
                0x000000000800da8c       0x18 ../lib-dmx/lib_gd32/libdmx.a(dmxparams.o)
                0x000000000800da8c                DmxParams::DmxParams(DmxParamsStore*)
                0x000000000800da8c                DmxParams::DmxParams(DmxParamsStore*)
 .text._ZN9DmxParams4LoadEv
                0x000000000800daa4       0x18 ../lib-dmx/lib_gd32/libdmx.a(dmxparams.o)
                0x000000000800daa4                DmxParams::Load()
 .text._ZN9DmxParams4LoadEPKcj
                0x000000000800dabc       0x40 ../lib-dmx/lib_gd32/libdmx.a(dmxparams.o)
                0x000000000800dabc                DmxParams::Load(char const*, unsigned int)
 .text._ZN9DmxParams16callbackFunctionEPKc
                0x000000000800dafc       0xcc ../lib-dmx/lib_gd32/libdmx.a(dmxparams.o)
                0x000000000800dafc                DmxParams::callbackFunction(char const*)
 .text._ZN9DmxParams22staticCallbackFunctionEPvPKc
                0x000000000800dbc8        0x4 ../lib-dmx/lib_gd32/libdmx.a(dmxparams.o)
                0x000000000800dbc8                DmxParams::staticCallbackFunction(void*, char const*)
 .text._ZN9DmxParams7BuilderEPK10TDmxParamsPcjRj
                0x000000000800dbcc      0x104 ../lib-dmx/lib_gd32/libdmx.a(dmxparams.o)
                0x000000000800dbcc                DmxParams::Builder(TDmxParams const*, char*, unsigned int, unsigned int&)
 .text._ZN9DmxParams4SaveEPcjRj
                0x000000000800dcd0       0x1a ../lib-dmx/lib_gd32/libdmx.a(dmxparams.o)
                0x000000000800dcd0                DmxParams::Save(char*, unsigned int, unsigned int&)
 *fill*         0x000000000800dcea        0x2 
 .text._ZN9DmxParams3SetEP3Dmx
                0x000000000800dcec       0x54 ../lib-dmx/lib_gd32/libdmx.a(dmxparams.o)
                0x000000000800dcec                DmxParams::Set(Dmx*)
 .text._ZN9DmxParams4DumpEv
                0x000000000800dd40        0x2 ../lib-dmx/lib_gd32/libdmx.a(dmxparams.o)
                0x000000000800dd40                DmxParams::Dump()
 .text._ZL17_gpio_mode_outputjj
                0x000000000800dd42        0xa ../lib-dmx/lib_gd32/libdmx.a(dmx.o)
 .text._ZL15uart_dmx_configj
                0x000000000800dd4c       0x1c ../lib-dmx/lib_gd32/libdmx.a(dmx.o)
 .text._ZL25irq_handler_dmx_rdm_inputjj
                0x000000000800dd68      0x260 ../lib-dmx/lib_gd32/libdmx.a(dmx.o)
 .text.USART1_IRQHandler
                0x000000000800dfc8        0xc ../lib-dmx/lib_gd32/libdmx.a(dmx.o)
                0x000000000800dfc8                USART1_IRQHandler
 .text.USART2_IRQHandler
                0x000000000800dfd4        0xc ../lib-dmx/lib_gd32/libdmx.a(dmx.o)
                0x000000000800dfd4                USART2_IRQHandler
 .text.UART3_IRQHandler
                0x000000000800dfe0        0xc ../lib-dmx/lib_gd32/libdmx.a(dmx.o)
                0x000000000800dfe0                UART3_IRQHandler
 .text.UART4_IRQHandler
                0x000000000800dfec        0xc ../lib-dmx/lib_gd32/libdmx.a(dmx.o)
                0x000000000800dfec                UART4_IRQHandler
 .text.TIMER1_IRQHandler
                0x000000000800dff8      0x1ec ../lib-dmx/lib_gd32/libdmx.a(dmx.o)
                0x000000000800dff8                TIMER1_IRQHandler
 .text.TIMER2_IRQHandler
                0x000000000800e1e4      0x120 ../lib-dmx/lib_gd32/libdmx.a(dmx.o)
                0x000000000800e1e4                TIMER2_IRQHandler
 .text.TIMER3_IRQHandler
                0x000000000800e304       0x14 ../lib-dmx/lib_gd32/libdmx.a(dmx.o)
                0x000000000800e304                TIMER3_IRQHandler
 .text.TIMER6_IRQHandler
                0x000000000800e318       0x30 ../lib-dmx/lib_gd32/libdmx.a(dmx.o)
                0x000000000800e318                TIMER6_IRQHandler
 .text._ZN3Dmx9ClearDataEj
                0x000000000800e348       0x30 ../lib-dmx/lib_gd32/libdmx.a(dmx.o)
                0x000000000800e348                Dmx::ClearData(unsigned int)
 .text._ZN3Dmx9StartDataEjj
                0x000000000800e378      0x180 ../lib-dmx/lib_gd32/libdmx.a(dmx.o)
                0x000000000800e378                Dmx::StartData(unsigned int, unsigned int)
 .text._ZN3Dmx8StopDataEjj
                0x000000000800e4f8       0xc4 ../lib-dmx/lib_gd32/libdmx.a(dmx.o)
                0x000000000800e4f8                Dmx::StopData(unsigned int, unsigned int)
 .text._ZN3Dmx16SetPortDirectionEjN3dmx13PortDirectionEb
                0x000000000800e5bc       0x74 ../lib-dmx/lib_gd32/libdmx.a(dmx.o)
                0x000000000800e5bc                Dmx::SetPortDirection(unsigned int, dmx::PortDirection, bool)
 .text._ZN3DmxC2Ev
                0x000000000800e630      0x29c ../lib-dmx/lib_gd32/libdmx.a(dmx.o)
                0x000000000800e630                Dmx::Dmx()
                0x000000000800e630                Dmx::Dmx()
 .text._ZN3Dmx16SetDmxPeriodTimeEj
                0x000000000800e8cc       0x7c ../lib-dmx/lib_gd32/libdmx.a(dmx.o)
                0x000000000800e8cc                Dmx::SetDmxPeriodTime(unsigned int)
 .text._ZN3Dmx15SetDmxBreakTimeEj
                0x000000000800e948       0x14 ../lib-dmx/lib_gd32/libdmx.a(dmx.o)
                0x000000000800e948                Dmx::SetDmxBreakTime(unsigned int)
 .text._ZN3Dmx13SetDmxMabTimeEj
                0x000000000800e95c       0x14 ../lib-dmx/lib_gd32/libdmx.a(dmx.o)
                0x000000000800e95c                Dmx::SetDmxMabTime(unsigned int)
 .text._ZN3Dmx11SetDmxSlotsEt
                0x000000000800e970       0x32 ../lib-dmx/lib_gd32/libdmx.a(dmx.o)
                0x000000000800e970                Dmx::SetDmxSlots(unsigned short)
 *fill*         0x000000000800e9a2        0x2 
 .text._ZN3Dmx24SetPortSendDataWithoutSCEjPKhj
                0x000000000800e9a4       0x4c ../lib-dmx/lib_gd32/libdmx.a(dmx.o)
                0x000000000800e9a4                Dmx::SetPortSendDataWithoutSC(unsigned int, unsigned char const*, unsigned int)
 .text._ZN3Dmx8BlackoutEv
                0x000000000800e9f0       0x68 ../lib-dmx/lib_gd32/libdmx.a(dmx.o)
                0x000000000800e9f0                Dmx::Blackout()
 .text._ZN3Dmx6FullOnEv
                0x000000000800ea58       0x68 ../lib-dmx/lib_gd32/libdmx.a(dmx.o)
                0x000000000800ea58                Dmx::FullOn()
 .text._ZN3Dmx15GetDmxAvailableEj
                0x000000000800eac0       0x28 ../lib-dmx/lib_gd32/libdmx.a(dmx.o)
                0x000000000800eac0                Dmx::GetDmxAvailable(unsigned int)
 .text._ZN3Dmx19GetUpdatesPerSecondEj
                0x000000000800eae8       0x10 ../lib-dmx/lib_gd32/libdmx.a(dmx.o)
                0x000000000800eae8                Dmx::GetUpdatesPerSecond(unsigned int)
 .text.net_set_ip
                0x000000000800eaf8       0x20 ../lib-network/lib_gd32/libnetwork.a(net.o)
                0x000000000800eaf8                net_set_ip
 .text.net_set_dhcp
                0x000000000800eb18       0x58 ../lib-network/lib_gd32/libnetwork.a(net.o)
                0x000000000800eb18                net_set_dhcp
 .text.net_dhcp_release
                0x000000000800eb70       0x14 ../lib-network/lib_gd32/libnetwork.a(net.o)
                0x000000000800eb70                net_dhcp_release
 .text.net_set_zeroconf
                0x000000000800eb84       0x44 ../lib-network/lib_gd32/libnetwork.a(net.o)
                0x000000000800eb84                net_set_zeroconf
 .text.net_timers_run
                0x000000000800ebc8       0x20 ../lib-network/lib_gd32/libnetwork.a(net_timers.o)
                0x000000000800ebc8                net_timers_run
 .text.rfc3927  0x000000000800ebe8       0x80 ../lib-network/lib_gd32/libnetwork.a(rfc3927.o)
                0x000000000800ebe8                rfc3927
 .text._init_tcb
                0x000000000800ec68       0x34 ../lib-network/lib_gd32/libnetwork.a(tcp.o)
 .text.memcpy.isra.0
                0x000000000800ec9c       0x14 ../lib-network/lib_gd32/libnetwork.a(tcp.o)
 .text._bswap32
                0x000000000800ecb0       0x4a ../lib-network/lib_gd32/libnetwork.a(tcp.o)
 *fill*         0x000000000800ecfa        0x2 
 .text._tcp_send_package
                0x000000000800ecfc      0x14c ../lib-network/lib_gd32/libnetwork.a(tcp.o)
 .text._send_reset
                0x000000000800ee48       0x60 ../lib-network/lib_gd32/libnetwork.a(tcp.o)
 .text.tcp_begin
                0x000000000800eea8       0x34 ../lib-network/lib_gd32/libnetwork.a(tcp.o)
                0x000000000800eea8                tcp_begin
 .text.tcp_write
                0x000000000800eedc       0x48 ../lib-network/lib_gd32/libnetwork.a(tcp.o)
                0x000000000800eedc                tcp_write
 .text.tcp_read
                0x000000000800ef24       0x80 ../lib-network/lib_gd32/libnetwork.a(tcp.o)
                0x000000000800ef24                tcp_read
 .text.memcpy.isra.0
                0x000000000800efa4       0x14 ../lib-network/lib_gd32/libnetwork.a(udp.o)
 .text.net_memcpy
                0x000000000800efb8       0x3c ../lib-network/lib_gd32/libnetwork.a(udp.o)
                0x000000000800efb8                net_memcpy
 .text.udp_set_ip
                0x000000000800eff4       0x40 ../lib-network/lib_gd32/libnetwork.a(udp.o)
                0x000000000800eff4                udp_set_ip
 .text.udp_bind
                0x000000000800f034       0x34 ../lib-network/lib_gd32/libnetwork.a(udp.o)
                0x000000000800f034                udp_bind
 .text.udp_unbind
                0x000000000800f068       0x40 ../lib-network/lib_gd32/libnetwork.a(udp.o)
                0x000000000800f068                udp_unbind
 .text.udp_recv
                0x000000000800f0a8       0x6c ../lib-network/lib_gd32/libnetwork.a(udp.o)
                0x000000000800f0a8                udp_recv
 .text.udp_recv2
                0x000000000800f114       0x4c ../lib-network/lib_gd32/libnetwork.a(udp.o)
                0x000000000800f114                udp_recv2
 .text.udp_send
                0x000000000800f160      0x160 ../lib-network/lib_gd32/libnetwork.a(udp.o)
                0x000000000800f160                udp_send
 .text.strlen   0x000000000800f2c0       0x10 ../lib-network/lib_gd32/libnetwork.a(mdns.o)
 .text.strcmp   0x000000000800f2d0       0x1a ../lib-network/lib_gd32/libnetwork.a(mdns.o)
 .text.strcpy.isra.0
                0x000000000800f2ea       0x10 ../lib-network/lib_gd32/libnetwork.a(mdns.o)
 .text.strcat.isra.0
                0x000000000800f2fa       0x16 ../lib-network/lib_gd32/libnetwork.a(mdns.o)
 .text._ZN4MDNSC2Ev
                0x000000000800f310       0x20 ../lib-network/lib_gd32/libnetwork.a(mdns.o)
                0x000000000800f310                MDNS::MDNS()
                0x000000000800f310                MDNS::MDNS()
 .text._ZN4MDNS7SetNameEPKc
                0x000000000800f330       0x38 ../lib-network/lib_gd32/libnetwork.a(mdns.o)
                0x000000000800f330                MDNS::SetName(char const*)
 .text._ZN4MDNS21DecodeDNSNameNotationEPKcPc
                0x000000000800f368       0x84 ../lib-network/lib_gd32/libnetwork.a(mdns.o)
                0x000000000800f368                MDNS::DecodeDNSNameNotation(char const*, char*)
 .text._ZNK4MDNS21FindFirstDotFromRightEPKc
                0x000000000800f3ec       0x1c ../lib-network/lib_gd32/libnetwork.a(mdns.o)
                0x000000000800f3ec                MDNS::FindFirstDotFromRight(char const*) const
 .text._ZN4MDNS12WriteDnsNameEPKcPcb
                0x000000000800f408       0x32 ../lib-network/lib_gd32/libnetwork.a(mdns.o)
                0x000000000800f408                MDNS::WriteDnsName(char const*, char*, bool)
 *fill*         0x000000000800f43a        0x2 
 .text._ZN4MDNS26CreateAnswerLocalIpAddressEv
                0x000000000800f43c       0x54 ../lib-network/lib_gd32/libnetwork.a(mdns.o)
                0x000000000800f43c                MDNS::CreateAnswerLocalIpAddress()
 .text._ZN4MDNS5StartEv
                0x000000000800f490       0x90 ../lib-network/lib_gd32/libnetwork.a(mdns.o)
                0x000000000800f490                MDNS::Start()
 .text._ZN4MDNS22CreateAnswerServiceSrvEjPh
                0x000000000800f520       0x88 ../lib-network/lib_gd32/libnetwork.a(mdns.o)
                0x000000000800f520                MDNS::CreateAnswerServiceSrv(unsigned int, unsigned char*)
 .text._ZN4MDNS22CreateAnswerServiceTxtEjPh
                0x000000000800f5a8       0x7c ../lib-network/lib_gd32/libnetwork.a(mdns.o)
                0x000000000800f5a8                MDNS::CreateAnswerServiceTxt(unsigned int, unsigned char*)
 .text._ZN4MDNS22CreateAnswerServicePtrEjPh
                0x000000000800f624       0x78 ../lib-network/lib_gd32/libnetwork.a(mdns.o)
                0x000000000800f624                MDNS::CreateAnswerServicePtr(unsigned int, unsigned char*)
 .text._ZN4MDNS24CreateAnswerServiceDnsSdEjPh
                0x000000000800f69c       0x50 ../lib-network/lib_gd32/libnetwork.a(mdns.o)
                0x000000000800f69c                MDNS::CreateAnswerServiceDnsSd(unsigned int, unsigned char*)
 .text._ZN4MDNS17CreateMDNSMessageEj
                0x000000000800f6ec       0x78 ../lib-network/lib_gd32/libnetwork.a(mdns.o)
                0x000000000800f6ec                MDNS::CreateMDNSMessage(unsigned int)
 .text._ZN4MDNS16AddServiceRecordEPKcS1_tN4mdns8ProtocolES1_
                0x000000000800f764      0x128 ../lib-network/lib_gd32/libnetwork.a(mdns.o)
                0x000000000800f764                MDNS::AddServiceRecord(char const*, char const*, unsigned short, mdns::Protocol, char const*)
 .text._ZN4MDNS13HandleRequestEt
                0x000000000800f88c       0xf4 ../lib-network/lib_gd32/libnetwork.a(mdns.o)
                0x000000000800f88c                MDNS::HandleRequest(unsigned short)
 .text._ZN4MDNS5ParseEv
                0x000000000800f980       0x28 ../lib-network/lib_gd32/libnetwork.a(mdns.o)
                0x000000000800f980                MDNS::Parse()
 .text._ZN4MDNS3RunEv
                0x000000000800f9a8       0x48 ../lib-network/lib_gd32/libnetwork.a(mdns.o)
                0x000000000800f9a8                MDNS::Run()
 .text._ZN4MDNS5PrintEv
                0x000000000800f9f0       0x7c ../lib-network/lib_gd32/libnetwork.a(mdns.o)
                0x000000000800f9f0                MDNS::Print()
 .text.strncpy.constprop.0.isra.0
                0x000000000800fa6c       0x20 ../lib-network/lib_gd32/libnetwork.a(network.o)
 .text._ZN7NetworkC2Ev
                0x000000000800fa8c       0x50 ../lib-network/lib_gd32/libnetwork.a(network.o)
                0x000000000800fa8c                Network::Network()
                0x000000000800fa8c                Network::Network()
 .text._ZN7Network8ShutdownEv
                0x000000000800fadc        0xe ../lib-network/lib_gd32/libnetwork.a(network.o)
                0x000000000800fadc                Network::Shutdown()
 .text._ZN7Network5BeginEt
                0x000000000800faea        0x6 ../lib-network/lib_gd32/libnetwork.a(network.o)
                0x000000000800faea                Network::Begin(unsigned short)
 .text._ZN7Network3EndEt
                0x000000000800faf0        0x6 ../lib-network/lib_gd32/libnetwork.a(network.o)
                0x000000000800faf0                Network::End(unsigned short)
 .text._ZN7Network16MacAddressCopyToEPh
                0x000000000800faf6       0x16 ../lib-network/lib_gd32/libnetwork.a(network.o)
                0x000000000800faf6                Network::MacAddressCopyTo(unsigned char*)
 .text._ZN7Network9JoinGroupEij
                0x000000000800fb0c        0x6 ../lib-network/lib_gd32/libnetwork.a(network.o)
                0x000000000800fb0c                Network::JoinGroup(int, unsigned int)
 .text._ZN7Network10LeaveGroupEij
                0x000000000800fb12        0x6 ../lib-network/lib_gd32/libnetwork.a(network.o)
                0x000000000800fb12                Network::LeaveGroup(int, unsigned int)
 .text._ZN7Network12SetDefaultIpEv
                0x000000000800fb18       0x22 ../lib-network/lib_gd32/libnetwork.a(network.o)
                0x000000000800fb18                Network::SetDefaultIp()
 *fill*         0x000000000800fb3a        0x2 
 .text._ZN7Network4InitEP18NetworkParamsStore
                0x000000000800fb3c      0x270 ../lib-network/lib_gd32/libnetwork.a(network.o)
                0x000000000800fb3c                Network::Init(NetworkParamsStore*)
 .text._ZN7Network5SetIpEj
                0x000000000800fdac       0x56 ../lib-network/lib_gd32/libnetwork.a(network.o)
                0x000000000800fdac                Network::SetIp(unsigned int)
 .text._ZN7Network10SetNetmaskEj
                0x000000000800fe02       0x24 ../lib-network/lib_gd32/libnetwork.a(network.o)
                0x000000000800fe02                Network::SetNetmask(unsigned int)
 .text._ZN7Network11SetHostNameEPKc
                0x000000000800fe26       0x3a ../lib-network/lib_gd32/libnetwork.a(network.o)
                0x000000000800fe26                Network::SetHostName(char const*)
 .text._ZN7Network11SetZeroconfEv
                0x000000000800fe60       0x3a ../lib-network/lib_gd32/libnetwork.a(network.o)
                0x000000000800fe60                Network::SetZeroconf()
 *fill*         0x000000000800fe9a        0x2 
 .text._ZN7Network10EnableDhcpEv
                0x000000000800fe9c       0x8c ../lib-network/lib_gd32/libnetwork.a(network.o)
                0x000000000800fe9c                Network::EnableDhcp()
 .text._ZN7Network17SetQueuedStaticIpEjj
                0x000000000800ff28       0x1a ../lib-network/lib_gd32/libnetwork.a(network.o)
                0x000000000800ff28                Network::SetQueuedStaticIp(unsigned int, unsigned int)
 .text._ZN7Network17ApplyQueuedConfigEv
                0x000000000800ff42       0x80 ../lib-network/lib_gd32/libnetwork.a(network.o)
                0x000000000800ff42                Network::ApplyQueuedConfig()
 *fill*         0x000000000800ffc2        0x2 
 .text._ZN7Network5PrintEv
                0x000000000800ffc4       0xf8 ../lib-network/lib_gd32/libnetwork.a(network.o)
                0x000000000800ffc4                Network::Print()
 .text._ZN7Network8TcpBeginEt
                0x00000000080100bc        0x6 ../lib-network/lib_gd32/libnetwork.a(networktcp.o)
                0x00000000080100bc                Network::TcpBegin(unsigned short)
 .text._ZN7Network7TcpReadEiPPKh
                0x00000000080100c2        0x8 ../lib-network/lib_gd32/libnetwork.a(networktcp.o)
                0x00000000080100c2                Network::TcpRead(int, unsigned char const**)
 .text._ZN7Network8TcpWriteEiPKht
                0x00000000080100ca        0xa ../lib-network/lib_gd32/libnetwork.a(networktcp.o)
                0x00000000080100ca                Network::TcpWrite(int, unsigned char const*, unsigned short)
 .text._ZN13NetworkParamsC2EP18NetworkParamsStore
                0x00000000080100d4       0x18 ../lib-network/lib_gd32/libnetwork.a(networkparams.o)
                0x00000000080100d4                NetworkParams::NetworkParams(NetworkParamsStore*)
                0x00000000080100d4                NetworkParams::NetworkParams(NetworkParamsStore*)
 .text._ZN13NetworkParams4LoadEv
                0x00000000080100ec       0x18 ../lib-network/lib_gd32/libnetwork.a(networkparams.o)
                0x00000000080100ec                NetworkParams::Load()
 .text._ZN13NetworkParams4LoadEPKcj
                0x0000000008010104       0x40 ../lib-network/lib_gd32/libnetwork.a(networkparams.o)
                0x0000000008010104                NetworkParams::Load(char const*, unsigned int)
 .text._ZN13NetworkParams16callbackFunctionEPKc
                0x0000000008010144      0x198 ../lib-network/lib_gd32/libnetwork.a(networkparams.o)
                0x0000000008010144                NetworkParams::callbackFunction(char const*)
 .text._ZN13NetworkParams22staticCallbackFunctionEPvPKc
                0x00000000080102dc        0x4 ../lib-network/lib_gd32/libnetwork.a(networkparams.o)
                0x00000000080102dc                NetworkParams::staticCallbackFunction(void*, char const*)
 .text._ZN13NetworkParams7BuilderEPKN13networkparams6ParamsEPcjRj
                0x00000000080102e0      0x2b0 ../lib-network/lib_gd32/libnetwork.a(networkparams.o)
                0x00000000080102e0                NetworkParams::Builder(networkparams::Params const*, char*, unsigned int, unsigned int&)
 .text._ZN13NetworkParams4SaveEPcjRj
                0x0000000008010590       0x1a ../lib-network/lib_gd32/libnetwork.a(networkparams.o)
                0x0000000008010590                NetworkParams::Save(char*, unsigned int, unsigned int&)
 .text._ZN13NetworkParams4DumpEv
                0x00000000080105aa        0x2 ../lib-network/lib_gd32/libnetwork.a(networkparamsdump.o)
                0x00000000080105aa                NetworkParams::Dump()
 .text.memcpy.isra.0
                0x00000000080105ac       0x14 ../lib-network/lib_gd32/libnetwork.a(arp.o)
 .text.arp_announce
                0x00000000080105c0       0x14 ../lib-network/lib_gd32/libnetwork.a(arp.o)
                0x00000000080105c0                arp_announce
 .text.arp_handle_request
                0x00000000080105d4       0x50 ../lib-network/lib_gd32/libnetwork.a(arp.o)
                0x00000000080105d4                arp_handle_request
 .text.arp_handle_reply
                0x0000000008010624        0x8 ../lib-network/lib_gd32/libnetwork.a(arp.o)
                0x0000000008010624                arp_handle_reply
 .text.arp_send_request
                0x000000000801062c       0x14 ../lib-network/lib_gd32/libnetwork.a(arp.o)
                0x000000000801062c                arp_send_request
 .text.arp_cache_update
                0x0000000008010640       0x50 ../lib-network/lib_gd32/libnetwork.a(arp_cache.o)
                0x0000000008010640                arp_cache_update
 .text.arp_cache_lookup
                0x0000000008010690       0x9c ../lib-network/lib_gd32/libnetwork.a(arp_cache.o)
                0x0000000008010690                arp_cache_lookup
 .text._parse_response
                0x000000000801072c      0x168 ../lib-network/lib_gd32/libnetwork.a(dhcp.o)
 .text.memcpy.isra.0
                0x0000000008010894       0x14 ../lib-network/lib_gd32/libnetwork.a(dhcp.o)
 .text.dhcp_client
                0x00000000080108a8      0x210 ../lib-network/lib_gd32/libnetwork.a(dhcp.o)
                0x00000000080108a8                dhcp_client
 .text.dhcp_client_release
                0x0000000008010ab8       0x5c ../lib-network/lib_gd32/libnetwork.a(dhcp.o)
                0x0000000008010ab8                dhcp_client_release
 .text.memcpy.isra.0
                0x0000000008010b14       0x14 ../lib-network/lib_gd32/libnetwork.a(igmp.o)
 .text._send_report
                0x0000000008010b28       0x80 ../lib-network/lib_gd32/libnetwork.a(igmp.o)
 .text.igmp_set_ip
                0x0000000008010ba8       0x2c ../lib-network/lib_gd32/libnetwork.a(igmp.o)
                0x0000000008010ba8                igmp_set_ip
 .text.igmp_timer
                0x0000000008010bd4       0x34 ../lib-network/lib_gd32/libnetwork.a(igmp.o)
                0x0000000008010bd4                igmp_timer
 .text.igmp_join
                0x0000000008010c08       0x58 ../lib-network/lib_gd32/libnetwork.a(igmp.o)
                0x0000000008010c08                igmp_join
 .text.igmp_leave
                0x0000000008010c60       0x88 ../lib-network/lib_gd32/libnetwork.a(igmp.o)
                0x0000000008010c60                igmp_leave
 .text.ip_set_ip
                0x0000000008010ce8       0x12 ../lib-network/lib_gd32/libnetwork.a(ip.o)
                0x0000000008010ce8                ip_set_ip
 .text.net_chksum
                0x0000000008010cfa       0x32 ../lib-network/lib_gd32/libnetwork.a(net_chksum.o)
                0x0000000008010cfa                net_chksum
 .text._ZN3net18link_register_readEv
                0x0000000008010d2c       0x22 ../lib-network/lib_gd32/libnetwork.a(net_link_check.o)
                0x0000000008010d2c                net::link_register_read()
 .text.memcpy.isra.0
                0x0000000008010d4e       0x14 ../lib-network/lib_gd32/libnetwork.a(icmp.o)
 .text._ZN7Display5WriteEhPKc.isra.0
                0x0000000008010d62       0x24 ../lib-displayudf/lib_gd32/libdisplayudf.a(displayudf.o)
 .text._ZN7Display9ClearLineEh.isra.0