Archive member included to satisfy reference by file (symbol)

../lib-c/lib_gd32/libc.a(printf.o)
                              build_gd32/firmware/main.o (vsnprintf)
/Users/arjanvanvught/Library/xPacks/@xpack-dev-tools/arm-none-eabi-gcc/11.3.1-1.1.2/.content/bin/../lib/gcc/arm-none-eabi/11.3.1/thumb/v7-m/nofp/libgcc.a(_arm_mulsf3.o)
                              ../lib-c/lib_gd32/libc.a(printf.o) (__aeabi_fmul)
/Users/arjanvanvught/Library/xPacks/@xpack-dev-tools/arm-none-eabi-gcc/11.3.1-1.1.2/.content/bin/../lib/gcc/arm-none-eabi/11.3.1/thumb/v7-m/nofp/libgcc.a(_arm_truncdfsf2.o)
                              ../lib-c/lib_gd32/libc.a(printf.o) (__aeabi_d2f)
/Users/arjanvanvught/Library/xPacks/@xpack-dev-tools/arm-none-eabi-gcc/11.3.1-1.1.2/.content/bin/../lib/gcc/arm-none-eabi/11.3.1/thumb/v7-m/nofp/libgcc.a(_arm_addsubsf3.o)
                              ../lib-c/lib_gd32/libc.a(printf.o) (__aeabi_fsub)
/Users/arjanvanvught/Library/xPacks/@xpack-dev-tools/arm-none-eabi-gcc/11.3.1-1.1.2/.content/bin/../lib/gcc/arm-none-eabi/11.3.1/thumb/v7-m/nofp/libgcc.a(_arm_cmpsf2.o)
                              ../lib-c/lib_gd32/libc.a(printf.o) (__aeabi_fcmplt)
/Users/arjanvanvught/Library/xPacks/@xpack-dev-tools/arm-none-eabi-gcc/11.3.1-1.1.2/.content/bin/../lib/gcc/arm-none-eabi/11.3.1/thumb/v7-m/nofp/libgcc.a(_arm_fixsfsi.o)
                              ../lib-c/lib_gd32/libc.a(printf.o) (__aeabi_f2iz)
/Users/arjanvanvught/Library/xPacks/@xpack-dev-tools/arm-none-eabi-gcc/11.3.1-1.1.2/.content/bin/../lib/gcc/arm-none-eabi/11.3.1/thumb/v7-m/nofp/libgcc.a(_aeabi_uldivmod.o)
                              ../lib-c/lib_gd32/libc.a(printf.o) (__aeabi_uldivmod)
/Users/arjanvanvught/Library/xPacks/@xpack-dev-tools/arm-none-eabi-gcc/11.3.1-1.1.2/.content/bin/../lib/gcc/arm-none-eabi/11.3.1/thumb/v7-m/nofp/libgcc.a(_udivmoddi4.o)
                              /Users/arjanvanvught/Library/xPacks/@xpack-dev-tools/arm-none-eabi-gcc/11.3.1-1.1.2/.content/bin/../lib/gcc/arm-none-eabi/11.3.1/thumb/v7-m/nofp/libgcc.a(_aeabi_uldivmod.o) (__udivmoddi4)
/Users/arjanvanvught/Library/xPacks/@xpack-dev-tools/arm-none-eabi-gcc/11.3.1-1.1.2/.content/bin/../lib/gcc/arm-none-eabi/11.3.1/thumb/v7-m/nofp/libgcc.a(_dvmd_tls.o)
                              /Users/arjanvanvught/Library/xPacks/@xpack-dev-tools/arm-none-eabi-gcc/11.3.1-1.1.2/.content/bin/../lib/gcc/arm-none-eabi/11.3.1/thumb/v7-m/nofp/libgcc.a(_aeabi_uldivmod.o) (__aeabi_ldiv0)
../lib-remoteconfig/lib_gd32/libremoteconfig.a(remoteconfig.o)
                              build_gd32/firmware/main.o (RemoteConfig::RemoteConfig(remoteconfig::Node, remoteconfig::Output, unsigned int))
../lib-remoteconfig/lib_gd32/libremoteconfig.a(remoteconfigfactory.o)
                              ../lib-remoteconfig/lib_gd32/libremoteconfig.a(remoteconfig.o) (RemoteConfig::HandleFactory())
../lib-remoteconfig/lib_gd32/libremoteconfig.a(remoteconfigparams.o)
                              build_gd32/firmware/main.o (RemoteConfigParams::RemoteConfigParams(RemoteConfigParamsStore*))
../lib-remoteconfig/lib_gd32/libremoteconfig.a(remoteconfigparamsdump.o)
                              build_gd32/firmware/main.o (RemoteConfigParams::Dump())
../lib-remoteconfig/lib_gd32/libremoteconfig.a(remoteconfigreboot.o)
                              ../lib-remoteconfig/lib_gd32/libremoteconfig.a(remoteconfig.o) (RemoteConfig::HandleReboot())
../lib-remoteconfig/lib_gd32/libremoteconfig.a(remoteconfigstatic.o)
                              ../lib-remoteconfig/lib_gd32/libremoteconfig.a(remoteconfig.o) (RemoteConfig::GetIndex(void const*, unsigned int&))
../lib-remoteconfig/lib_gd32/libremoteconfig.a(remoteconfig.o)
                              ../lib-remoteconfig/lib_gd32/libremoteconfig.a(remoteconfig.o) (RemoteConfig::PlatformHandleTftpSet())
../lib-remoteconfig/lib_gd32/libremoteconfig.a(httd.o)
                              build_gd32/firmware/main.o (HttpDaemon::HttpDaemon())
../lib-remoteconfig/lib_gd32/libremoteconfig.a(remoteconfigconst.o)
                              ../lib-remoteconfig/lib_gd32/libremoteconfig.a(remoteconfigparams.o) (RemoteConfigConst::PARAMS_DISPLAY_NAME)
../lib-remoteconfig/lib_gd32/libremoteconfig.a(remoteconfigjson.o)
                              ../lib-remoteconfig/lib_gd32/libremoteconfig.a(httd.o) (remoteconfig::json_get_list(char*, unsigned short))
../lib-remoteconfig/lib_gd32/libremoteconfig.a(get_file_content.o)
                              ../lib-remoteconfig/lib_gd32/libremoteconfig.a(httd.o) (get_file_content(char const*, char*))
../lib-oscserver/lib_gd32/liboscserver.a(oscserver.o)
                              build_gd32/firmware/main.o (OscServer::OscServer())
../lib-oscserver/lib_gd32/liboscserver.a(oscservermsgconst.o)
                              build_gd32/firmware/main.o (OscServerMsgConst::STARTED)
../lib-oscserver/lib_gd32/liboscserver.a(oscserverparams.o)
[...]
Memory Configuration

Name             Origin             Length             Attributes
FLASH            0x0000000008007000 0x000000000001a800 xr
RAM              0x0000000020000000 0x0000000000020000 xrw
*default*        0x0000000000000000 0xffffffffffffffff

Linker script and memory map

LOAD build_gd32/startup_gd32f20x_cl.o
LOAD build_gd32/firmware/main.o
LOAD build_gd32/lib/network.o
                0x0000000000001800                __heap_size = DEFINED (__heap_size)?__heap_size:0x1800
                0x0000000000002800                __stack_size = DEFINED (__stack_size)?__stack_size:0x2800

.vectors        0x0000000008007000      0x1a8
                0x0000000008007000                . = ALIGN (0x4)
 *(.vectors)
 .vectors       0x0000000008007000      0x1a8 build_gd32/startup_gd32f20x_cl.o
                0x0000000008007000                __gVectors
                0x00000000080071a8                . = ALIGN (0x4)
                0x00000000080071a8                __Vectors_End = .
                0x00000000080071a8                __Vectors_Size = (__Vectors_End - __gVectors)

.text           0x00000000080071a8     0xc378
                0x00000000080071a8                . = ALIGN (0x4)
 *(.text.unlikely*)
 .text.unlikely.net_init
                0x00000000080071a8       0xa0 ../lib-network/lib_gd32/libnetwork.a(net.o)
                0x00000000080071a8                net_init
 .text.unlikely.net_shutdown
                0x0000000008007248       0x1c ../lib-network/lib_gd32/libnetwork.a(net.o)
                0x0000000008007248                net_shutdown
 .text.unlikely.rfc3927_init
                0x0000000008007264       0x18 ../lib-network/lib_gd32/libnetwork.a(rfc3927.o)
                0x0000000008007264                rfc3927_init
 .text.unlikely.tcp_init
                0x000000000800727c       0x44 ../lib-network/lib_gd32/libnetwork.a(tcp.o)
                0x000000000800727c                tcp_init
 .text.unlikely.udp_init
                0x00000000080072c0       0x58 ../lib-network/lib_gd32/libnetwork.a(udp.o)
                0x00000000080072c0                udp_init
 .text.unlikely.udp_shutdown
                0x0000000008007318        0x2 ../lib-network/lib_gd32/libnetwork.a(udp.o)
                0x0000000008007318                udp_shutdown
 *fill*         0x000000000800731a        0x2 
 .text.unlikely.arp_init
                0x000000000800731c       0xf8 ../lib-network/lib_gd32/libnetwork.a(arp.o)
                0x000000000800731c                arp_init
 .text.unlikely.arp_cache_init
                0x0000000008007414       0x34 ../lib-network/lib_gd32/libnetwork.a(arp_cache.o)
                0x0000000008007414                arp_cache_init
 .text.unlikely.igmp_init
                0x0000000008007448       0xc4 ../lib-network/lib_gd32/libnetwork.a(igmp.o)
                0x0000000008007448                igmp_init
 .text.unlikely.igmp_shutdown
                0x000000000800750c       0x28 ../lib-network/lib_gd32/libnetwork.a(igmp.o)
                0x000000000800750c                igmp_shutdown
 .text.unlikely.ip_init
                0x0000000008007534       0x16 ../lib-network/lib_gd32/libnetwork.a(ip.o)
                0x0000000008007534                ip_init
 .text.unlikely.ip_shutdown
                0x000000000800754a        0xe ../lib-network/lib_gd32/libnetwork.a(ip.o)
                0x000000000800754a                ip_shutdown
 .text.unlikely.console_init
                0x0000000008007558       0x20 ../lib-hal/lib_gd32/libhal.a(console_uart0.o)
                0x0000000008007558                console_init
 *(.text.hot*)
 .text.hot.net_handle
                0x0000000008007578       0x38 ../lib-network/lib_gd32/libnetwork.a(net.o)
                0x0000000008007578                net_handle
 .text.hot.tcp_handle
                0x00000000080075b0      0x360 ../lib-network/lib_gd32/libnetwork.a(tcp.o)
                0x00000000080075b0                tcp_handle
 .text.hot.udp_handle
                0x0000000008007910       0xa8 ../lib-network/lib_gd32/libnetwork.a(udp.o)
                0x0000000008007910                udp_handle
 .text.hot.arp_handle
                0x00000000080079b8       0x18 ../lib-network/lib_gd32/libnetwork.a(arp.o)
                0x00000000080079b8                arp_handle
 .text.hot.igmp_handle
                0x00000000080079d0       0xa0 ../lib-network/lib_gd32/libnetwork.a(igmp.o)
                0x00000000080079d0                igmp_handle
 .text.hot.ip_handle
                0x0000000008007a70       0x32 ../lib-network/lib_gd32/libnetwork.a(ip.o)
                0x0000000008007a70                ip_handle
 *fill*         0x0000000008007aa2        0x2 
 .text.hot.icmp_handle
                0x0000000008007aa4       0x98 ../lib-network/lib_gd32/libnetwork.a(icmp.o)
                0x0000000008007aa4                icmp_handle
 *(.text)
 .text          0x0000000008007b3c       0xa0 /Users/arjanvanvught/Library/xPacks/@xpack-dev-tools/arm-none-eabi-gcc/11.3.1-1.1.2/.content/bin/../lib/gcc/arm-none-eabi/11.3.1/thumb/v7-m/nofp/libgcc.a(_arm_truncdfsf2.o)
                0x0000000008007b3c                __aeabi_d2f
                0x0000000008007b3c                __truncdfsf2
 .text          0x0000000008007bdc      0x21c /Users/arjanvanvught/Library/xPacks/@xpack-dev-tools/arm-none-eabi-gcc/11.3.1-1.1.2/.content/bin/../lib/gcc/arm-none-eabi/11.3.1/thumb/v7-m/nofp/libgcc.a(_arm_addsubsf3.o)
                0x0000000008007bdc                __aeabi_frsub
                0x0000000008007be4                __aeabi_fsub
                0x0000000008007be4                __subsf3
                0x0000000008007be8                __aeabi_fadd
                0x0000000008007be8                __addsf3
                0x0000000008007d48                __aeabi_ui2f
                0x0000000008007d48                __floatunsisf
                0x0000000008007d50                __floatsisf
                0x0000000008007d50                __aeabi_i2f
                0x0000000008007d6c                __aeabi_ul2f
                0x0000000008007d6c                __floatundisf
                0x0000000008007d7c                __aeabi_l2f
                0x0000000008007d7c                __floatdisf
 .text          0x0000000008007df8       0xec /Users/arjanvanvught/Library/xPacks/@xpack-dev-tools/arm-none-eabi-gcc/11.3.1-1.1.2/.content/bin/../lib/gcc/arm-none-eabi/11.3.1/thumb/v7-m/nofp/libgcc.a(_arm_cmpsf2.o)
                0x0000000008007df8                __gesf2
                0x0000000008007df8                __gtsf2
                0x0000000008007e00                __ltsf2
                0x0000000008007e00                __lesf2
                0x0000000008007e08                __nesf2
                0x0000000008007e08                __eqsf2
                0x0000000008007e08                __cmpsf2
                0x0000000008007e68                __aeabi_cfrcmple
                0x0000000008007e70                __aeabi_cfcmpeq
                0x0000000008007e70                __aeabi_cfcmple
                0x0000000008007e80                __aeabi_fcmpeq
                0x0000000008007e94                __aeabi_fcmplt
                0x0000000008007ea8                __aeabi_fcmple
                0x0000000008007ebc                __aeabi_fcmpge
                0x0000000008007ed0                __aeabi_fcmpgt
 .text          0x0000000008007ee4       0x4c /Users/arjanvanvught/Library/xPacks/@xpack-dev-tools/arm-none-eabi-gcc/11.3.1-1.1.2/.content/bin/../lib/gcc/arm-none-eabi/11.3.1/thumb/v7-m/nofp/libgcc.a(_arm_fixsfsi.o)
                0x0000000008007ee4                __fixsfsi
                0x0000000008007ee4                __aeabi_f2iz
 .text          0x0000000008007f30       0x30 /Users/arjanvanvught/Library/xPacks/@xpack-dev-tools/arm-none-eabi-gcc/11.3.1-1.1.2/.content/bin/../lib/gcc/arm-none-eabi/11.3.1/thumb/v7-m/nofp/libgcc.a(_aeabi_uldivmod.o)
                0x0000000008007f30                __aeabi_uldivmod
 .text          0x0000000008007f60        0x4 /Users/arjanvanvught/Library/xPacks/@xpack-dev-tools/arm-none-eabi-gcc/11.3.1-1.1.2/.content/bin/../lib/gcc/arm-none-eabi/11.3.1/thumb/v7-m/nofp/libgcc.a(_dvmd_tls.o)
                0x0000000008007f60                __aeabi_ldiv0
                0x0000000008007f60                __aeabi_idiv0
 .text          0x0000000008007f64      0x378 /Users/arjanvanvught/Library/xPacks/@xpack-dev-tools/arm-none-eabi-gcc/11.3.1-1.1.2/.content/bin/../lib/gcc/arm-none-eabi/11.3.1/thumb/v7-m/nofp/libgcc.a(_arm_addsubdf3.o)
                0x0000000008007f64                __aeabi_drsub
                0x0000000008007f6c                __subdf3
                0x0000000008007f6c                __aeabi_dsub
                0x0000000008007f70                __aeabi_dadd
                0x0000000008007f70                __adddf3
                0x00000000080081e8                __aeabi_ui2d
                0x00000000080081e8                __floatunsidf
                0x0000000008008208                __floatsidf
                0x0000000008008208                __aeabi_i2d
                0x000000000800822c                __extendsfdf2
                0x000000000800822c                __aeabi_f2d
                0x0000000008008270                __aeabi_ul2d
                0x0000000008008270                __floatundidf
                0x0000000008008280                __aeabi_l2d
                0x0000000008008280                __floatdidf
 .text          0x00000000080082dc      0x2a0 /Users/arjanvanvught/Library/xPacks/@xpack-dev-tools/arm-none-eabi-gcc/11.3.1-1.1.2/.content/bin/../lib/gcc/arm-none-eabi/11.3.1/thumb/v7-m/nofp/libgcc.a(_arm_muldivsf3.o)
                0x00000000080082dc                __mulsf3
                0x00000000080082dc                __aeabi_fmul
                0x0000000008008444                __divsf3
                0x0000000008008444                __aeabi_fdiv
 .text          0x000000000800857c       0x40 /Users/arjanvanvught/Library/xPacks/@xpack-dev-tools/arm-none-eabi-gcc/11.3.1-1.1.2/.content/bin/../lib/gcc/arm-none-eabi/11.3.1/thumb/v7-m/nofp/libgcc.a(_arm_fixunssfsi.o)
                0x000000000800857c                __aeabi_f2uiz
                0x000000000800857c                __fixunssfsi
 *(.text*)
 .text.Reset_Handler
                0x00000000080085bc       0x44 build_gd32/startup_gd32f20x_cl.o
                0x00000000080085bc                Reset_Handler
 .text.Default_Handler
                0x0000000008008600        0x2 build_gd32/startup_gd32f20x_cl.o
                0x0000000008008600                ENET_IRQHandler
                0x0000000008008600                TIMER2_IRQHandler
                0x0000000008008600                TIMER5_IRQHandler
                0x0000000008008600                DebugMon_Handler
                0x0000000008008600                LVD_IRQHandler
                0x0000000008008600                CAN1_EWMC_IRQHandler
                0x0000000008008600                HardFault_Handler
                0x0000000008008600                TIMER7_UP_TIMER12_IRQHandler
                0x0000000008008600                ADC0_1_IRQHandler
                0x0000000008008600                SDIO_IRQHandler
                0x0000000008008600                PendSV_Handler
                0x0000000008008600                NMI_Handler
                0x0000000008008600                EXTI3_IRQHandler
                0x0000000008008600                DCI_IRQHandler
                0x0000000008008600                USBFS_WKUP_IRQHandler
                0x0000000008008600                TIMER0_TRG_CMT_TIMER10_IRQHandler
                0x0000000008008600                USBFS_IRQHandler
                0x0000000008008600                TIMER3_IRQHandler
                0x0000000008008600                DMA0_Channel6_IRQHandler
                0x0000000008008600                I2C0_EV_IRQHandler
                0x0000000008008600                EXTI0_IRQHandler
                0x0000000008008600                I2C2_EV_IRQHandler
                0x0000000008008600                CAU_IRQHandler
                0x0000000008008600                CAN1_RX0_IRQHandler
                0x0000000008008600                TIMER7_TRG_CMT_TIMER13_IRQHandler
                0x0000000008008600                UsageFault_Handler
                0x0000000008008600                TIMER4_IRQHandler
                0x0000000008008600                SPI1_IRQHandler
                0x0000000008008600                DMA0_Channel0_IRQHandler
                0x0000000008008600                USART5_IRQHandler
                0x0000000008008600                TAMPER_IRQHandler
                0x0000000008008600                TIMER0_BRK_TIMER8_IRQHandler
                0x0000000008008600                DMA1_Channel0_IRQHandler
                0x0000000008008600                TIMER7_BRK_TIMER11_IRQHandler
                0x0000000008008600                TIMER6_IRQHandler
                0x0000000008008600                DMA1_Channel4_IRQHandler
                0x0000000008008600                DMA0_Channel3_IRQHandler
                0x0000000008008600                I2C0_ER_IRQHandler
                0x0000000008008600                TLI_IRQHandler
                0x0000000008008600                TIMER0_UP_TIMER9_IRQHandler
                0x0000000008008600                RTC_IRQHandler
                0x0000000008008600                CAN1_RX1_IRQHandler
                0x0000000008008600                DMA0_Channel2_IRQHandler
                0x0000000008008600                USART0_IRQHandler
                0x0000000008008600                TIMER1_IRQHandler
                0x0000000008008600                I2C1_EV_IRQHandler
                0x0000000008008600                DMA1_Channel6_IRQHandler
                0x0000000008008600                UART4_IRQHandler
                0x0000000008008600                EXTI10_15_IRQHandler
                0x0000000008008600                DMA1_Channel1_IRQHandler
                0x0000000008008600                Default_Handler
                0x0000000008008600                TIMER7_Channel_IRQHandler
                0x0000000008008600                CAN0_TX_IRQHandler
                0x0000000008008600                WWDGT_IRQHandler
                0x0000000008008600                EXMC_IRQHandler
                0x0000000008008600                ADC2_IRQHandler
                0x0000000008008600                SPI2_IRQHandler
                0x0000000008008600                MemManage_Handler
                0x0000000008008600                CAN1_TX_IRQHandler
                0x0000000008008600                SVC_Handler
                0x0000000008008600                HAU_TRNG_IRQHandler
                0x0000000008008600                DMA1_Channel5_IRQHandler
                0x0000000008008600                EXTI4_IRQHandler
                0x0000000008008600                CAN0_RX1_IRQHandler
                0x0000000008008600                DMA0_Channel5_IRQHandler
                0x0000000008008600                DMA1_Channel3_IRQHandler
                0x0000000008008600                EXTI5_9_IRQHandler
                0x0000000008008600                RCU_IRQHandler
                0x0000000008008600                DMA0_Channel1_IRQHandler
                0x0000000008008600                TIMER0_Channel_IRQHandler
                0x0000000008008600                EXTI1_IRQHandler
                0x0000000008008600                ENET_WKUP_IRQHandler
                0x0000000008008600                RTCAlarm_IRQHandler
                0x0000000008008600                UART7_IRQHandler
                0x0000000008008600                USART2_IRQHandler
                0x0000000008008600                UART6_IRQHandler
                0x0000000008008600                CAN0_EWMC_IRQHandler
                0x0000000008008600                CAN0_RX0_IRQHandler
                0x0000000008008600                I2C2_ER_IRQHandler
                0x0000000008008600                DMA1_Channel2_IRQHandler
                0x0000000008008600                TLI_ER_IRQHandler
                0x0000000008008600                BusFault_Handler
                0x0000000008008600                USART1_IRQHandler
                0x0000000008008600                UART3_IRQHandler
                0x0000000008008600                I2C1_ER_IRQHandler
                0x0000000008008600                FMC_IRQHandler
                0x0000000008008600                DMA0_Channel4_IRQHandler
                0x0000000008008600                EXTI2_IRQHandler
 .text._ZN14DisplayHandlerD2Ev
                0x0000000008008602        0x2 build_gd32/firmware/main.o
                0x0000000008008602                DisplayHandler::~DisplayHandler()
                0x0000000008008602                DisplayHandler::~DisplayHandler()
 .text._ZN17PixelDmxStartStopD2Ev
                0x0000000008008604        0x2 build_gd32/firmware/main.o
                0x0000000008008604                PixelDmxStartStop::~PixelDmxStartStop()
                0x0000000008008604                PixelDmxStartStop::~PixelDmxStartStop()
 *fill*         0x0000000008008606        0x2 
 .text._ZN17PixelDmxStartStop5StartEv
                0x0000000008008608       0x10 build_gd32/firmware/main.o
                0x0000000008008608                PixelDmxStartStop::Start()
 .text._ZN17PixelDmxStartStop4StopEv
                0x0000000008008618       0x10 build_gd32/firmware/main.o
                0x0000000008008618                PixelDmxStartStop::Stop()
 .text._ZN7HandlerD2Ev
                0x0000000008008628        0x2 build_gd32/firmware/main.o
                0x0000000008008628                Handler::~Handler()
                0x0000000008008628                Handler::~Handler()
 .text._ZN14DisplayHandlerD0Ev
                0x000000000800862a        0xc build_gd32/firmware/main.o
                0x000000000800862a                DisplayHandler::~DisplayHandler()
 .text._ZN7HandlerD0Ev
                0x0000000008008636        0xc build_gd32/firmware/main.o
                0x0000000008008636                Handler::~Handler()
 .text._ZN17PixelDmxStartStopD0Ev
                0x0000000008008642        0xc build_gd32/firmware/main.o
                0x0000000008008642                PixelDmxStartStop::~PixelDmxStartStop()
 *fill*         0x000000000800864e        0x2 
 .text._ZN7Handler4InfoEijt
                0x0000000008008650       0x7c build_gd32/firmware/main.o
                0x0000000008008650                Handler::Info(int, unsigned int, unsigned short)
 .text._ZN7Display12SetCursorPosEhh.isra.0
                0x00000000080086cc        0xa build_gd32/firmware/main.o
 .text._ZN7Display5WriteEhPKc.isra.0
                0x00000000080086d6       0x24 build_gd32/firmware/main.o
 .text._ZN7Display7PutCharEi.isra.0
                0x00000000080086fa        0xa build_gd32/firmware/main.o
 .text._ZN14DisplayHandler5PrintEj
                0x0000000008008704       0x50 build_gd32/firmware/main.o
                0x0000000008008704                DisplayHandler::Print(unsigned int)
 .text._ZN7Display6PrintfEhPKcz
                0x0000000008008754       0x38 build_gd32/firmware/main.o
                0x0000000008008754                Display::Printf(unsigned char, char const*, ...)
 .text._ZN7Display10TextStatusEPKc22Display7SegmentMessagej
                0x000000000800878c       0x98 build_gd32/firmware/main.o
                0x000000000800878c                Display::TextStatus(char const*, Display7SegmentMessage, unsigned int)
 .text._ZN7Display8SetSleepEb
                0x0000000008008824       0x20 build_gd32/firmware/main.o
                0x0000000008008824                Display::SetSleep(bool)
 .text._ZN8Hardware13RebootHandlerEv
                0x0000000008008844        0xc build_gd32/firmware/main.o
                0x0000000008008844                Hardware::RebootHandler()
 .text.startup.main
                0x0000000008008850      0x4cc build_gd32/firmware/main.o
                0x0000000008008850                main
 .text._ZN7Handler6UpdateEv
                0x0000000008008d1c        0x8 build_gd32/firmware/main.o
                0x0000000008008d1c                Handler::Update()
 .text._ZN7Handler8BlackoutEv
                0x0000000008008d24        0x8 build_gd32/firmware/main.o
                0x0000000008008d24                Handler::Blackout()
 .text._ZN7network18display_emac_startEv
                0x0000000008008d2c        0x2 build_gd32/lib/network.o
                0x0000000008008d2c                network::display_emac_start()
 .text._ZN7network10display_ipEv
                0x0000000008008d2e        0x2 build_gd32/lib/network.o
                0x0000000008008d2e                network::display_ip()
 .text._ZN7network21display_emac_shutdownEv
                0x0000000008008d30        0x2 build_gd32/lib/network.o
                0x0000000008008d30                network::display_emac_shutdown()
 .text._ZN7network19display_dhcp_statusENS_4dhcp12ClientStatusE
                0x0000000008008d32        0x2 build_gd32/lib/network.o
                0x0000000008008d32                network::display_dhcp_status(network::dhcp::ClientStatus)
 .text._itostr  0x0000000008008d34       0x74 ../lib-c/lib_gd32/libc.a(printf.o)
 .text._xputch  0x0000000008008da8       0x2c ../lib-c/lib_gd32/libc.a(printf.o)
 .text._format_int
                0x0000000008008dd4       0xd4 ../lib-c/lib_gd32/libc.a(printf.o)
 .text._format_hex
                0x0000000008008ea8       0xba ../lib-c/lib_gd32/libc.a(printf.o)
 *fill*         0x0000000008008f62        0x2 
 .text._vprintf
                0x0000000008008f64      0x3c8 ../lib-c/lib_gd32/libc.a(printf.o)
 .text.printf   0x000000000800932c       0x1e ../lib-c/lib_gd32/libc.a(printf.o)
                0x000000000800932c                printf
 *fill*         0x000000000800934a        0x2 
 .text.snprintf
                0x000000000800934c       0x30 ../lib-c/lib_gd32/libc.a(printf.o)
                0x000000000800934c                snprintf
 .text.vsnprintf
                0x000000000800937c       0x20 ../lib-c/lib_gd32/libc.a(printf.o)
                0x000000000800937c                vsnprintf
 .text.__udivmoddi4
                0x000000000800939c      0x2cc /Users/arjanvanvught/Library/xPacks/@xpack-dev-tools/arm-none-eabi-gcc/11.3.1-1.1.2/.content/bin/../lib/gcc/arm-none-eabi/11.3.1/thumb/v7-m/nofp/libgcc.a(_udivmoddi4.o)
                0x000000000800939c                __udivmoddi4
 .text._ZN12RemoteConfig10HandleListEv
                0x0000000008009668       0xd0 ../lib-remoteconfig/lib_gd32/libremoteconfig.a(remoteconfig.o)
                0x0000000008009668                RemoteConfig::HandleList()
 .text._ZN12RemoteConfig16HandleDisplayGetEv
                0x0000000008009738       0x54 ../lib-remoteconfig/lib_gd32/libremoteconfig.a(remoteconfig.o)
                0x0000000008009738                RemoteConfig::HandleDisplayGet()
 .text._ZN12RemoteConfig13HandleTftpGetEv
                0x000000000800978c       0x50 ../lib-remoteconfig/lib_gd32/libremoteconfig.a(remoteconfig.o)
                0x000000000800978c                RemoteConfig::HandleTftpGet()
 .text._ZN12RemoteConfig13HandleVersionEv
                0x00000000080097dc       0x40 ../lib-remoteconfig/lib_gd32/libremoteconfig.a(remoteconfig.o)
                0x00000000080097dc                RemoteConfig::HandleVersion()
 .text._ZN12RemoteConfig12HandleUptimeEv
                0x000000000800981c       0x4c ../lib-remoteconfig/lib_gd32/libremoteconfig.a(remoteconfig.o)
                0x000000000800981c                RemoteConfig::HandleUptime()
 .text._ZN7Display10TextStatusEPKc
                0x0000000008009868       0x76 ../lib-remoteconfig/lib_gd32/libremoteconfig.a(remoteconfig.o)
                0x0000000008009868                Display::TextStatus(char const*)
 .text._ZN7Display6StatusE22Display7SegmentMessage
                0x00000000080098de       0x36 ../lib-remoteconfig/lib_gd32/libremoteconfig.a(remoteconfig.o)
                0x00000000080098de                Display::Status(Display7SegmentMessage)
 .text._ZN12RemoteConfig16HandleDisplaySetEv
                0x0000000008009914       0x28 ../lib-remoteconfig/lib_gd32/libremoteconfig.a(remoteconfig.o)
                0x0000000008009914                RemoteConfig::HandleDisplaySet()
 .text._ZN12RemoteConfig13HandleTftpSetEv
                0x000000000800993c       0x68 ../lib-remoteconfig/lib_gd32/libremoteconfig.a(remoteconfig.o)
                0x000000000800993c                RemoteConfig::HandleTftpSet()
 .text._ZN12RemoteConfigC2EN12remoteconfig4NodeENS0_6OutputEj
                0x00000000080099a4       0x68 ../lib-remoteconfig/lib_gd32/libremoteconfig.a(remoteconfig.o)
                0x00000000080099a4                RemoteConfig::RemoteConfig(remoteconfig::Node, remoteconfig::Output, unsigned int)
                0x00000000080099a4                RemoteConfig::RemoteConfig(remoteconfig::Node, remoteconfig::Output, unsigned int)
 .text._ZNK12RemoteConfig13GetStringNodeEv
                0x0000000008009a0c       0x18 ../lib-remoteconfig/lib_gd32/libremoteconfig.a(remoteconfig.o)
                0x0000000008009a0c                RemoteConfig::GetStringNode() const
 .text._ZNK12RemoteConfig15GetStringOutputEv
                0x0000000008009a24       0x18 ../lib-remoteconfig/lib_gd32/libremoteconfig.a(remoteconfig.o)
                0x0000000008009a24                RemoteConfig::GetStringOutput() const
 .text._ZN12RemoteConfig10SetDisableEb
                0x0000000008009a3c       0x40 ../lib-remoteconfig/lib_gd32/libremoteconfig.a(remoteconfig.o)
                0x0000000008009a3c                RemoteConfig::SetDisable(bool)
 .text._ZN12RemoteConfig14SetDisplayNameEPKc
                0x0000000008009a7c       0x30 ../lib-remoteconfig/lib_gd32/libremoteconfig.a(remoteconfig.o)
                0x0000000008009a7c                RemoteConfig::SetDisplayName(char const*)
 .text._ZN12RemoteConfig9HandleGetEPvj
                0x0000000008009aac       0xb8 ../lib-remoteconfig/lib_gd32/libremoteconfig.a(remoteconfig.o)
                0x0000000008009aac                RemoteConfig::HandleGet(void*, unsigned int)
 .text._ZN12RemoteConfig17HandleGetNoParamsEv
                0x0000000008009b64        0x8 ../lib-remoteconfig/lib_gd32/libremoteconfig.a(remoteconfig.o)
                0x0000000008009b64                RemoteConfig::HandleGetNoParams()
 .text._ZN12RemoteConfig19HandleGetRconfigTxtERj
                0x0000000008009b6c       0x2c ../lib-remoteconfig/lib_gd32/libremoteconfig.a(remoteconfig.o)
                0x0000000008009b6c                RemoteConfig::HandleGetRconfigTxt(unsigned int&)
 .text._ZN12RemoteConfig19HandleGetNetworkTxtERj
                0x0000000008009b98       0x2c ../lib-remoteconfig/lib_gd32/libremoteconfig.a(remoteconfig.o)
                0x0000000008009b98                RemoteConfig::HandleGetNetworkTxt(unsigned int&)
 .text._ZN12RemoteConfig15HandleGetOscTxtERj
                0x0000000008009bc4       0x2c ../lib-remoteconfig/lib_gd32/libremoteconfig.a(remoteconfig.o)
                0x0000000008009bc4                RemoteConfig::HandleGetOscTxt(unsigned int&)
 .text._ZN12RemoteConfig19HandleGetDevicesTxtERj
                0x0000000008009bf0       0x2c ../lib-remoteconfig/lib_gd32/libremoteconfig.a(remoteconfig.o)
                0x0000000008009bf0                RemoteConfig::HandleGetDevicesTxt(unsigned int&)
 .text._ZN12RemoteConfig9HandleSetEPvj
                0x0000000008009c1c       0x84 ../lib-remoteconfig/lib_gd32/libremoteconfig.a(remoteconfig.o)
                0x0000000008009c1c                RemoteConfig::HandleSet(void*, unsigned int)
 .text._ZN12RemoteConfig3RunEv
                0x0000000008009ca0      0x13c ../lib-remoteconfig/lib_gd32/libremoteconfig.a(remoteconfig.o)
                0x0000000008009ca0                RemoteConfig::Run()
 .text._ZN12RemoteConfig16HandleSetRconfigEv
                0x0000000008009ddc       0x30 ../lib-remoteconfig/lib_gd32/libremoteconfig.a(remoteconfig.o)
                0x0000000008009ddc                RemoteConfig::HandleSetRconfig()
 .text._ZN12RemoteConfig19HandleSetNetworkTxtEv
                0x0000000008009e0c       0x28 ../lib-remoteconfig/lib_gd32/libremoteconfig.a(remoteconfig.o)
                0x0000000008009e0c                RemoteConfig::HandleSetNetworkTxt()
 .text._ZN12RemoteConfig15HandleSetOscTxtEv
                0x0000000008009e34       0x28 ../lib-remoteconfig/lib_gd32/libremoteconfig.a(remoteconfig.o)
                0x0000000008009e34                RemoteConfig::HandleSetOscTxt()
 .text._ZN12RemoteConfig19HandleSetDevicesTxtEv
                0x0000000008009e5c       0x28 ../lib-remoteconfig/lib_gd32/libremoteconfig.a(remoteconfig.o)
                0x0000000008009e5c                RemoteConfig::HandleSetDevicesTxt()
 .text._ZN12RemoteConfig13HandleFactoryEv
                0x0000000008009e84       0x1c ../lib-remoteconfig/lib_gd32/libremoteconfig.a(remoteconfigfactory.o)
                0x0000000008009e84                RemoteConfig::HandleFactory()
 .text._ZN17PropertiesBuilder3AddEPKcb.isra.0
                0x0000000008009ea0       0x50 ../lib-remoteconfig/lib_gd32/libremoteconfig.a(remoteconfigparams.o)
 .text._ZN18RemoteConfigParamsC2EP23RemoteConfigParamsStore
                0x0000000008009ef0       0x14 ../lib-remoteconfig/lib_gd32/libremoteconfig.a(remoteconfigparams.o)
                0x0000000008009ef0                RemoteConfigParams::RemoteConfigParams(RemoteConfigParamsStore*)
                0x0000000008009ef0                RemoteConfigParams::RemoteConfigParams(RemoteConfigParamsStore*)
 .text._ZN18RemoteConfigParams4LoadEv
                0x0000000008009f04       0x18 ../lib-remoteconfig/lib_gd32/libremoteconfig.a(remoteconfigparams.o)
                0x0000000008009f04                RemoteConfigParams::Load()
 .text._ZN18RemoteConfigParams4LoadEPKcj
                0x0000000008009f1c       0x3c ../lib-remoteconfig/lib_gd32/libremoteconfig.a(remoteconfigparams.o)
                0x0000000008009f1c                RemoteConfigParams::Load(char const*, unsigned int)
 .text._ZN18RemoteConfigParams7SetBoolEhj
                0x0000000008009f58       0x10 ../lib-remoteconfig/lib_gd32/libremoteconfig.a(remoteconfigparams.o)
                0x0000000008009f58                RemoteConfigParams::SetBool(unsigned char, unsigned int)
 .text._ZN18RemoteConfigParams16callbackFunctionEPKc
                0x0000000008009f68       0xac ../lib-remoteconfig/lib_gd32/libremoteconfig.a(remoteconfigparams.o)
                0x0000000008009f68                RemoteConfigParams::callbackFunction(char const*)
 .text._ZN18RemoteConfigParams22staticCallbackFunctionEPvPKc
                0x000000000800a014        0x4 ../lib-remoteconfig/lib_gd32/libremoteconfig.a(remoteconfigparams.o)
                0x000000000800a014                RemoteConfigParams::staticCallbackFunction(void*, char const*)
 .text._ZN18RemoteConfigParams7BuilderEPK19TRemoteConfigParamsPcjRj
                0x000000000800a018      0x120 ../lib-remoteconfig/lib_gd32/libremoteconfig.a(remoteconfigparams.o)
                0x000000000800a018                RemoteConfigParams::Builder(TRemoteConfigParams const*, char*, unsigned int, unsigned int&)
 .text._ZN18RemoteConfigParams4SaveEPcjRj
                0x000000000800a138       0x1a ../lib-remoteconfig/lib_gd32/libremoteconfig.a(remoteconfigparams.o)
                0x000000000800a138                RemoteConfigParams::Save(char*, unsigned int, unsigned int&)
 .text._ZN18RemoteConfigParams3SetEP12RemoteConfig
                0x000000000800a152       0x40 ../lib-remoteconfig/lib_gd32/libremoteconfig.a(remoteconfigparams.o)
                0x000000000800a152                RemoteConfigParams::Set(RemoteConfig*)
 .text._ZN18RemoteConfigParams4DumpEv
                0x000000000800a192        0x2 ../lib-remoteconfig/lib_gd32/libremoteconfig.a(remoteconfigparamsdump.o)
                0x000000000800a192                RemoteConfigParams::Dump()
 .text._ZN12RemoteConfig12HandleRebootEv
                0x000000000800a194       0xa4 ../lib-remoteconfig/lib_gd32/libremoteconfig.a(remoteconfigreboot.o)
                0x000000000800a194                RemoteConfig::HandleReboot()
 .text._ZN12RemoteConfig8GetIndexEPKvRj
                0x000000000800a238       0x54 ../lib-remoteconfig/lib_gd32/libremoteconfig.a(remoteconfigstatic.o)
                0x000000000800a238                RemoteConfig::GetIndex(void const*, unsigned int&)
 .text._ZN12RemoteConfig21PlatformHandleTftpSetEv
                0x000000000800a28c       0x10 ../lib-remoteconfig/lib_gd32/libremoteconfig.a(remoteconfig.o)
                0x000000000800a28c                RemoteConfig::PlatformHandleTftpSet()
 .text._ZN12RemoteConfig21PlatformHandleTftpGetEv
                0x000000000800a29c       0x1a ../lib-remoteconfig/lib_gd32/libremoteconfig.a(remoteconfig.o)
                0x000000000800a29c                RemoteConfig::PlatformHandleTftpGet()
 .text.strcmp   0x000000000800a2b6       0x1a ../lib-remoteconfig/lib_gd32/libremoteconfig.a(httd.o)
 .text.strcasecmp
                0x000000000800a2d0       0x34 ../lib-remoteconfig/lib_gd32/libremoteconfig.a(httd.o)
 .text._ZN16PropertiesConfig10EnableJSONEb
                0x000000000800a304       0x18 ../lib-remoteconfig/lib_gd32/libremoteconfig.a(httd.o)
                0x000000000800a304                PropertiesConfig::EnableJSON(bool)
 .text._ZN10HttpDaemonC2Ev
                0x000000000800a31c       0x28 ../lib-remoteconfig/lib_gd32/libremoteconfig.a(httd.o)
                0x000000000800a31c                HttpDaemon::HttpDaemon()
                0x000000000800a31c                HttpDaemon::HttpDaemon()
 .text._ZN10HttpDaemon5StartEv
                0x000000000800a344       0x18 ../lib-remoteconfig/lib_gd32/libremoteconfig.a(httd.o)
                0x000000000800a344                HttpDaemon::Start()
 .text._ZN10HttpDaemon11ParseMethodEPc
                0x000000000800a35c       0x8c ../lib-remoteconfig/lib_gd32/libremoteconfig.a(httd.o)
                0x000000000800a35c                HttpDaemon::ParseMethod(char*)
 .text._ZN10HttpDaemon16ParseHeaderFieldEPc
                0x000000000800a3e8       0x94 ../lib-remoteconfig/lib_gd32/libremoteconfig.a(httd.o)
                0x000000000800a3e8                HttpDaemon::ParseHeaderField(char*)
 .text._ZN10HttpDaemon12ParseRequestEv
                0x000000000800a47c       0x6c ../lib-remoteconfig/lib_gd32/libremoteconfig.a(httd.o)
                0x000000000800a47c                HttpDaemon::ParseRequest()
 .text._ZN10HttpDaemon12HandleGetTxtEv
                0x000000000800a4e8       0x88 ../lib-remoteconfig/lib_gd32/libremoteconfig.a(httd.o)
                0x000000000800a4e8                HttpDaemon::HandleGetTxt()
 .text._ZN10HttpDaemon9HandleGetEv
                0x000000000800a570      0x14c ../lib-remoteconfig/lib_gd32/libremoteconfig.a(httd.o)
                0x000000000800a570                HttpDaemon::HandleGet()
 .text._ZN10HttpDaemon10HandlePostEb
                0x000000000800a6bc      0x160 ../lib-remoteconfig/lib_gd32/libremoteconfig.a(httd.o)
                0x000000000800a6bc                HttpDaemon::HandlePost(bool)
 .text._ZN10HttpDaemon3RunEv
                0x000000000800a81c      0x158 ../lib-remoteconfig/lib_gd32/libremoteconfig.a(httd.o)
                0x000000000800a81c                HttpDaemon::Run()
 .text._ZN12remoteconfig13json_get_listEPct
                0x000000000800a974       0x68 ../lib-remoteconfig/lib_gd32/libremoteconfig.a(remoteconfigjson.o)
                0x000000000800a974                remoteconfig::json_get_list(char*, unsigned short)
 .text._ZN12remoteconfig16json_get_versionEPct
                0x000000000800a9dc       0x38 ../lib-remoteconfig/lib_gd32/libremoteconfig.a(remoteconfigjson.o)
                0x000000000800a9dc                remoteconfig::json_get_version(char*, unsigned short)
 .text._ZN12remoteconfig15json_get_uptimeEPct
                0x000000000800aa14       0x20 ../lib-remoteconfig/lib_gd32/libremoteconfig.a(remoteconfigjson.o)
                0x000000000800aa14                remoteconfig::json_get_uptime(char*, unsigned short)
 .text._ZN12remoteconfig16json_get_displayEPct
                0x000000000800aa34       0x20 ../lib-remoteconfig/lib_gd32/libremoteconfig.a(remoteconfigjson.o)
                0x000000000800aa34                remoteconfig::json_get_display(char*, unsigned short)
 .text._ZN12remoteconfig18json_get_directoryEPct
                0x000000000800aa54       0x10 ../lib-remoteconfig/lib_gd32/libremoteconfig.a(remoteconfigjson.o)
                0x000000000800aa54                remoteconfig::json_get_directory(char*, unsigned short)
 .text._Z16get_file_contentPKcPc
                0x000000000800aa64       0x4c ../lib-remoteconfig/lib_gd32/libremoteconfig.a(get_file_content.o)
                0x000000000800aa64                get_file_content(char const*, char*)
 .text.strlen   0x000000000800aab0       0x10 ../lib-oscserver/lib_gd32/liboscserver.a(oscserver.o)
 .text.strncpy.isra.0
                0x000000000800aac0       0x1e ../lib-oscserver/lib_gd32/liboscserver.a(oscserver.o)
 .text.strcpy.isra.0
                0x000000000800aade       0x10 ../lib-oscserver/lib_gd32/liboscserver.a(oscserver.o)
 *fill*         0x000000000800aaee        0x2 
 .text._ZN9OscServerC2Ev
                0x000000000800aaf0       0xd4 ../lib-oscserver/lib_gd32/liboscserver.a(oscserver.o)
                0x000000000800aaf0                OscServer::OscServer()
                0x000000000800aaf0                OscServer::OscServer()
 .text._ZN9OscServer5StartEv
                0x000000000800abc4       0x48 ../lib-oscserver/lib_gd32/liboscserver.a(oscserver.o)
                0x000000000800abc4                OscServer::Start()
 .text._ZN9OscServer7SetPathEPKc
                0x000000000800ac0c       0x4c ../lib-oscserver/lib_gd32/liboscserver.a(oscserver.o)
                0x000000000800ac0c                OscServer::SetPath(char const*)
 .text._ZN9OscServer11SetPathInfoEPKc
                0x000000000800ac58       0x2c ../lib-oscserver/lib_gd32/liboscserver.a(oscserver.o)
                0x000000000800ac58                OscServer::SetPathInfo(char const*)
 .text._ZN9OscServer15SetPathBlackOutEPKc
                0x000000000800ac84       0x2c ../lib-oscserver/lib_gd32/liboscserver.a(oscserver.o)
                0x000000000800ac84                OscServer::SetPathBlackOut(char const*)
 .text._ZN9OscServer10GetChannelEPKc
                0x000000000800acb0       0x44 ../lib-oscserver/lib_gd32/liboscserver.a(oscserver.o)
                0x000000000800acb0                OscServer::GetChannel(char const*)
 .text._ZN9OscServer16IsDmxDataChangedEPKhtj
                0x000000000800acf4       0x30 ../lib-oscserver/lib_gd32/liboscserver.a(oscserver.o)
                0x000000000800acf4                OscServer::IsDmxDataChanged(unsigned char const*, unsigned short, unsigned int)
 .text._ZN9OscServer3RunEv
                0x000000000800ad24      0x298 ../lib-oscserver/lib_gd32/liboscserver.a(oscserver.o)
                0x000000000800ad24                OscServer::Run()
 .text._ZN9OscServer5PrintEv
                0x000000000800afbc       0x70 ../lib-oscserver/lib_gd32/liboscserver.a(oscserver.o)
                0x000000000800afbc                OscServer::Print()
 .text.strncpy.constprop.0.isra.0
                0x000000000800b02c       0x18 ../lib-oscserver/lib_gd32/liboscserver.a(oscserverparams.o)
 .text._ZN17PropertiesBuilder3AddItEEbPKcT_bj.isra.0
                0x000000000800b044       0x50 ../lib-oscserver/lib_gd32/liboscserver.a(oscserverparams.o)
 .text._ZN17PropertiesBuilder3AddIPcEEbPKcT_bj.isra.0
                0x000000000800b094       0x50 ../lib-oscserver/lib_gd32/liboscserver.a(oscserverparams.o)
 .text._ZN15OSCServerParamsC2EP20OSCServerParamsStore
                0x000000000800b0e4       0x20 ../lib-oscserver/lib_gd32/liboscserver.a(oscserverparams.o)
                0x000000000800b0e4                OSCServerParams::OSCServerParams(OSCServerParamsStore*)
                0x000000000800b0e4                OSCServerParams::OSCServerParams(OSCServerParamsStore*)
 .text._ZN15OSCServerParams4LoadEv
                0x000000000800b104       0x18 ../lib-oscserver/lib_gd32/liboscserver.a(oscserverparams.o)
                0x000000000800b104                OSCServerParams::Load()
 .text._ZN15OSCServerParams4LoadEPKcj
                0x000000000800b11c       0x40 ../lib-oscserver/lib_gd32/liboscserver.a(oscserverparams.o)
                0x000000000800b11c                OSCServerParams::Load(char const*, unsigned int)
 .text._ZN15OSCServerParams16callbackFunctionEPKc
                0x000000000800b15c       0xf8 ../lib-oscserver/lib_gd32/liboscserver.a(oscserverparams.o)
                0x000000000800b15c                OSCServerParams::callbackFunction(char const*)
 .text._ZN15OSCServerParams22staticCallbackFunctionEPvPKc
                0x000000000800b254        0x4 ../lib-oscserver/lib_gd32/liboscserver.a(oscserverparams.o)
                0x000000000800b254                OSCServerParams::staticCallbackFunction(void*, char const*)
 .text._ZN15OSCServerParams3SetEP9OscServer
                0x000000000800b258       0x52 ../lib-oscserver/lib_gd32/liboscserver.a(oscserverparams.o)
                0x000000000800b258                OSCServerParams::Set(OscServer*)
 *fill*         0x000000000800b2aa        0x2 
 .text._ZN15OSCServerParams7BuilderEPKN3osc6server6ParamsEPcjRj
                0x000000000800b2ac      0x16c ../lib-oscserver/lib_gd32/liboscserver.a(oscserverparams.o)
                0x000000000800b2ac                OSCServerParams::Builder(osc::server::Params const*, char*, unsigned int, unsigned int&)
 .text._ZN15OSCServerParams4SaveEPcjRj
                0x000000000800b418       0x1a ../lib-oscserver/lib_gd32/liboscserver.a(oscserverparams.o)
                0x000000000800b418                OSCServerParams::Save(char*, unsigned int, unsigned int&)
 .text._ZN15OSCServerParams4DumpEv
                0x000000000800b432        0x2 ../lib-oscserver/lib_gd32/liboscserver.a(oscserverparams.o)
                0x000000000800b432                OSCServerParams::Dump()
 .text.lo_pattern_match
                0x000000000800b434      0x172 ../lib-osc/lib_gd32/libosc.a(pattern_match.o)
                0x000000000800b434                lo_pattern_match
 .text._ZN3oscL15string_validateEPvj
                0x000000000800b5a6       0x3c ../lib-osc/lib_gd32/libosc.a(oscsimplemessage.o)
 .text._ZN16OscSimpleMessageC2EPvj
                0x000000000800b5e2       0x78 ../lib-osc/lib_gd32/libosc.a(oscsimplemessage.o)
                0x000000000800b5e2                OscSimpleMessage::OscSimpleMessage(void*, unsigned int)
                0x000000000800b5e2                OscSimpleMessage::OscSimpleMessage(void*, unsigned int)
 .text._ZN16OscSimpleMessage8GetFloatEj
                0x000000000800b65a       0x28 ../lib-osc/lib_gd32/libosc.a(oscsimplemessage.o)
                0x000000000800b65a                OscSimpleMessage::GetFloat(unsigned int)
 .text._ZN16OscSimpleMessage6GetIntEj
                0x000000000800b682       0x28 ../lib-osc/lib_gd32/libosc.a(oscsimplemessage.o)
                0x000000000800b682                OscSimpleMessage::GetInt(unsigned int)
 .text._ZN16OscSimpleMessage7GetBlobEj
                0x000000000800b6aa       0x26 ../lib-osc/lib_gd32/libosc.a(oscsimplemessage.o)
                0x000000000800b6aa                OscSimpleMessage::GetBlob(unsigned int)
 .text._ZN3oscL11string_sizeEPKc
                0x000000000800b6d0       0x16 ../lib-osc/lib_gd32/libosc.a(oscsimplesend.o)
 *fill*         0x000000000800b6e6        0x2 
 .text._ZN13OscSimpleSend13UpdateMessageEPKcjc
                0x000000000800b6e8       0x34 ../lib-osc/lib_gd32/libosc.a(oscsimplesend.o)
                0x000000000800b6e8                OscSimpleSend::UpdateMessage(char const*, unsigned int, char)
 .text._ZN13OscSimpleSendC2EijtPKcS1_
                0x000000000800b71c       0x48 ../lib-osc/lib_gd32/libosc.a(oscsimplesend.o)
                0x000000000800b71c                OscSimpleSend::OscSimpleSend(int, unsigned int, unsigned short, char const*, char const*)
                0x000000000800b71c                OscSimpleSend::OscSimpleSend(int, unsigned int, unsigned short, char const*, char const*)
 .text._ZN13OscSimpleSendC2EijtPKcS1_S1_
                0x000000000800b764       0x7c ../lib-osc/lib_gd32/libosc.a(oscsimplesend.o)
                0x000000000800b764                OscSimpleSend::OscSimpleSend(int, unsigned int, unsigned short, char const*, char const*, char const*)
                0x000000000800b764                OscSimpleSend::OscSimpleSend(int, unsigned int, unsigned short, char const*, char const*, char const*)
 .text._ZN13OscSimpleSendC2EijtPKcS1_i
                0x000000000800b7e0       0x58 ../lib-osc/lib_gd32/libosc.a(oscsimplesend.o)
                0x000000000800b7e0                OscSimpleSend::OscSimpleSend(int, unsigned int, unsigned short, char const*, char const*, int)
                0x000000000800b7e0                OscSimpleSend::OscSimpleSend(int, unsigned int, unsigned short, char const*, char const*, int)
 .text._ZN21PixelDmxConfiguration8ValidateEjRjRN21pixeldmxconfiguration8PortInfoE
                0x000000000800b838       0x80 ../lib-ws28xxdmx/lib_gd32/libws28xxdmx.a(pixeldmxconfiguration.o)
                0x000000000800b838                PixelDmxConfiguration::Validate(unsigned int, unsigned int&, pixeldmxconfiguration::PortInfo&)
 .text._ZN21PixelDmxConfiguration5PrintEv
                0x000000000800b8b8       0x30 ../lib-ws28xxdmx/lib_gd32/libws28xxdmx.a(pixeldmxconfiguration.o)
                0x000000000800b8b8                PixelDmxConfiguration::Print()
 .text._ZN9WS28xxDmx18GetDmxStartAddressEv
                0x000000000800b8e8        0x6 ../lib-ws28xxdmx/lib_gd32/libws28xxdmx.a(ws28xxdmx.o)
                0x000000000800b8e8                WS28xxDmx::GetDmxStartAddress()
 .text._ZN9WS28xxDmx15GetDmxFootprintEv
                0x000000000800b8ee        0x6 ../lib-ws28xxdmx/lib_gd32/libws28xxdmx.a(ws28xxdmx.o)
                0x000000000800b8ee                WS28xxDmx::GetDmxFootprint()
 .text._ZN9WS28xxDmxD2Ev
                0x000000000800b8f4       0x20 ../lib-ws28xxdmx/lib_gd32/libws28xxdmx.a(ws28xxdmx.o)
                0x000000000800b8f4                WS28xxDmx::~WS28xxDmx()
                0x000000000800b8f4                WS28xxDmx::~WS28xxDmx()
 .text._ZN9WS28xxDmxD0Ev
                0x000000000800b914       0x12 ../lib-ws28xxdmx/lib_gd32/libws28xxdmx.a(ws28xxdmx.o)
                0x000000000800b914                WS28xxDmx::~WS28xxDmx()
 .text._ZN9WS28xxDmx8BlackoutEb
                0x000000000800b926       0x26 ../lib-ws28xxdmx/lib_gd32/libws28xxdmx.a(ws28xxdmx.o)
                0x000000000800b926                WS28xxDmx::Blackout(bool)
 .text._ZN9WS28xxDmx7SetDataEjPKhj
                0x000000000800b94c      0x100 ../lib-ws28xxdmx/lib_gd32/libws28xxdmx.a(ws28xxdmx.o)
                0x000000000800b94c                WS28xxDmx::SetData(unsigned int, unsigned char const*, unsigned int)
 .text._ZN9WS28xxDmx6FullOnEv
                0x000000000800ba4c       0x16 ../lib-ws28xxdmx/lib_gd32/libws28xxdmx.a(ws28xxdmx.o)
                0x000000000800ba4c                WS28xxDmx::FullOn()
 .text._ZN9WS28xxDmx5PrintEv
                0x000000000800ba62        0x6 ../lib-ws28xxdmx/lib_gd32/libws28xxdmx.a(ws28xxdmx.o)
                0x000000000800ba62                WS28xxDmx::Print()
 .text._ZN9WS28xxDmx5StartEj
                0x000000000800ba68       0x18 ../lib-ws28xxdmx/lib_gd32/libws28xxdmx.a(ws28xxdmx.o)
                0x000000000800ba68                WS28xxDmx::Start(unsigned int)
 .text._ZN9WS28xxDmx4StopEj
                0x000000000800ba80       0x18 ../lib-ws28xxdmx/lib_gd32/libws28xxdmx.a(ws28xxdmx.o)
                0x000000000800ba80                WS28xxDmx::Stop(unsigned int)
 .text._ZN9WS28xxDmx18SetDmxStartAddressEt
                0x000000000800ba98       0x38 ../lib-ws28xxdmx/lib_gd32/libws28xxdmx.a(ws28xxdmx.o)
                0x000000000800ba98                WS28xxDmx::SetDmxStartAddress(unsigned short)
 .text._ZN9WS28xxDmx11GetSlotInfoEtRN8lightset8SlotInfoE
                0x000000000800bad0       0x42 ../lib-ws28xxdmx/lib_gd32/libws28xxdmx.a(ws28xxdmx.o)
                0x000000000800bad0                WS28xxDmx::GetSlotInfo(unsigned short, lightset::SlotInfo&)
 *fill*         0x000000000800bb12        0x2 
 .text._ZN9WS28xxDmxC2ER21PixelDmxConfiguration
                0x000000000800bb14       0x74 ../lib-ws28xxdmx/lib_gd32/libws28xxdmx.a(ws28xxdmx.o)
                0x000000000800bb14                WS28xxDmx::WS28xxDmx(PixelDmxConfiguration&)
                0x000000000800bb14                WS28xxDmx::WS28xxDmx(PixelDmxConfiguration&)
 .text._ZN17PropertiesBuilder3AddIhEEbPKcT_bj.isra.0
                0x000000000800bb88       0x50 ../lib-ws28xxdmx/lib_gd32/libws28xxdmx.a(pixeldmxparams.o)
 .text._ZN17PropertiesBuilder3AddItEEbPKcT_bj.isra.0
                0x000000000800bbd8       0x50 ../lib-ws28xxdmx/lib_gd32/libws28xxdmx.a(pixeldmxparams.o)
 .text._ZN17PropertiesBuilder3AddIPKcEEbS2_T_bj.isra.0
                0x000000000800bc28       0x50 ../lib-ws28xxdmx/lib_gd32/libws28xxdmx.a(pixeldmxparams.o)
 .text._ZN17PropertiesBuilder3AddIfEEbPKcT_bj.isra.0
                0x000000000800bc78       0x84 ../lib-ws28xxdmx/lib_gd32/libws28xxdmx.a(pixeldmxparams.o)
 .text._ZN14PixelDmxParamsC2EP19PixelDmxParamsStore
                0x000000000800bcfc       0x2c ../lib-ws28xxdmx/lib_gd32/libws28xxdmx.a(pixeldmxparams.o)
                0x000000000800bcfc                PixelDmxParams::PixelDmxParams(PixelDmxParamsStore*)
                0x000000000800bcfc                PixelDmxParams::PixelDmxParams(PixelDmxParamsStore*)
 .text._ZN14PixelDmxParams4LoadEv
                0x000000000800bd28       0x18 ../lib-ws28xxdmx/lib_gd32/libws28xxdmx.a(pixeldmxparams.o)
                0x000000000800bd28                PixelDmxParams::Load()
 .text._ZN14PixelDmxParams4LoadEPKcj
                0x000000000800bd40       0x40 ../lib-ws28xxdmx/lib_gd32/libws28xxdmx.a(pixeldmxparams.o)
                0x000000000800bd40                PixelDmxParams::Load(char const*, unsigned int)
 .text._ZN14PixelDmxParams16callbackFunctionEPKc
                0x000000000800bd80      0x2a0 ../lib-ws28xxdmx/lib_gd32/libws28xxdmx.a(pixeldmxparams.o)
                0x000000000800bd80                PixelDmxParams::callbackFunction(char const*)
 .text._ZN14PixelDmxParams22staticCallbackFunctionEPvPKc
                0x000000000800c020        0x4 ../lib-ws28xxdmx/lib_gd32/libws28xxdmx.a(pixeldmxparams.o)
                0x000000000800c020                PixelDmxParams::staticCallbackFunction(void*, char const*)
 .text._ZN14PixelDmxParams7BuilderEPKN14pixeldmxparams6ParamsEPcjRj
                0x000000000800c024      0x2dc ../lib-ws28xxdmx/lib_gd32/libws28xxdmx.a(pixeldmxparams.o)
                0x000000000800c024                PixelDmxParams::Builder(pixeldmxparams::Params const*, char*, unsigned int, unsigned int&)
 .text._ZN14PixelDmxParams4SaveEPcjRj
                0x000000000800c300       0x1a ../lib-ws28xxdmx/lib_gd32/libws28xxdmx.a(pixeldmxparams.o)
                0x000000000800c300                PixelDmxParams::Save(char*, unsigned int, unsigned int&)
 .text._ZN14PixelDmxParams3SetEP21PixelDmxConfiguration
                0x000000000800c31a       0x7a ../lib-ws28xxdmx/lib_gd32/libws28xxdmx.a(pixeldmxparams.o)
                0x000000000800c31a                PixelDmxParams::Set(PixelDmxConfiguration*)
 .text._ZN14PixelDmxParams4DumpEv
                0x000000000800c394        0x2 ../lib-ws28xxdmx/lib_gd32/libws28xxdmx.a(pixeldmxparamsdump.o)
                0x000000000800c394                PixelDmxParams::Dump()
 .text._ZN18PixelConfiguration6GetTxHEN5pixel4TypeERhS2_
                0x000000000800c396       0x1a ../lib-ws28xx/lib_gd32/libws28xx.a(pixelconfiguration.o)
                0x000000000800c396                PixelConfiguration::GetTxH(pixel::Type, unsigned char&, unsigned char&)
 .text._ZN18PixelConfiguration8ValidateERj
                0x000000000800c3b0      0x12c ../lib-ws28xx/lib_gd32/libws28xx.a(pixelconfiguration.o)
                0x000000000800c3b0                PixelConfiguration::Validate(unsigned int&)
 .text._ZN18PixelConfiguration5PrintEv
                0x000000000800c4dc       0xc8 ../lib-ws28xx/lib_gd32/libws28xx.a(pixelconfiguration.o)
                0x000000000800c4dc                PixelConfiguration::Print()
 .text._ZN9PixelType7GetTypeEN5pixel4TypeE
                0x000000000800c5a4       0x18 ../lib-ws28xx/lib_gd32/libws28xx.a(pixeltype.o)
                0x000000000800c5a4                PixelType::GetType(pixel::Type)
 .text._ZN9PixelType7GetTypeEPKc
                0x000000000800c5bc       0x48 ../lib-ws28xx/lib_gd32/libws28xx.a(pixeltype.o)
                0x000000000800c5bc                PixelType::GetType(char const*)
 .text._ZN9PixelType6GetMapEPKc
                0x000000000800c604       0x50 ../lib-ws28xx/lib_gd32/libws28xx.a(pixeltype.o)
                0x000000000800c604                PixelType::GetMap(char const*)
 .text._ZN9PixelType6GetMapEN5pixel3MapE
                0x000000000800c654       0x18 ../lib-ws28xx/lib_gd32/libws28xx.a(pixeltype.o)
                0x000000000800c654                PixelType::GetMap(pixel::Map)
 .text._ZN9PixelType6GetMapEN5pixel4TypeE
                0x000000000800c66c       0x14 ../lib-ws28xx/lib_gd32/libws28xx.a(pixeltype.o)
                0x000000000800c66c                PixelType::GetMap(pixel::Type)
 .text._ZN9PixelType10ConvertTxHEh
                0x000000000800c680       0x5c ../lib-ws28xx/lib_gd32/libws28xx.a(pixeltype.o)
                0x000000000800c680                PixelType::ConvertTxH(unsigned char)
 .text._ZN9PixelType10ConvertTxHEf
                0x000000000800c6dc       0x98 ../lib-ws28xx/lib_gd32/libws28xx.a(pixeltype.o)
                0x000000000800c6dc                PixelType::ConvertTxH(float)
 .text._ZN13PixelPatterns14SetPixelColourEjjj.isra.0
                0x000000000800c774       0x4c ../lib-ws28xx/lib_gd32/libws28xx.a(pixelpatterns.o)
 .text._ZN13PixelPatterns5ClearEj.isra.0
                0x000000000800c7c0       0x20 ../lib-ws28xx/lib_gd32/libws28xx.a(pixelpatterns.o)
 .text._ZN13PixelPatternsC2Ej
                0x000000000800c7e0       0x40 ../lib-ws28xx/lib_gd32/libws28xx.a(pixelpatterns.o)
                0x000000000800c7e0                PixelPatterns::PixelPatterns(unsigned int)
                0x000000000800c7e0                PixelPatterns::PixelPatterns(unsigned int)
 .text._ZN13PixelPatterns12RainbowCycleEjjN13pixelpatterns9DirectionE
                0x000000000800c820       0x28 ../lib-ws28xx/lib_gd32/libws28xx.a(pixelpatterns.o)
                0x000000000800c820                PixelPatterns::RainbowCycle(unsigned int, unsigned int, pixelpatterns::Direction)
 .text._ZN13PixelPatterns12TheaterChaseEjjjjN13pixelpatterns9DirectionE
                0x000000000800c848       0x38 ../lib-ws28xx/lib_gd32/libws28xx.a(pixelpatterns.o)
                0x000000000800c848                PixelPatterns::TheaterChase(unsigned int, unsigned int, unsigned int, unsigned int, pixelpatterns::Direction)
 .text._ZN13PixelPatterns10ColourWipeEjjjN13pixelpatterns9DirectionE
                0x000000000800c880       0x34 ../lib-ws28xx/lib_gd32/libws28xx.a(pixelpatterns.o)
                0x000000000800c880                PixelPatterns::ColourWipe(unsigned int, unsigned int, unsigned int, pixelpatterns::Direction)
 .text._ZN13PixelPatterns7ScannerEjjj
                0x000000000800c8b4       0x64 ../lib-ws28xx/lib_gd32/libws28xx.a(pixelpatterns.o)
                0x000000000800c8b4                PixelPatterns::Scanner(unsigned int, unsigned int, unsigned int)
 .text._ZN13PixelPatterns4FadeEjjjjjN13pixelpatterns9DirectionE
                0x000000000800c918       0x30 ../lib-ws28xx/lib_gd32/libws28xx.a(pixelpatterns.o)
                0x000000000800c918                PixelPatterns::Fade(unsigned int, unsigned int, unsigned int, unsigned int, unsigned int, pixelpatterns::Direction)
 .text._ZN13PixelPatterns5WheelEh
                0x000000000800c948       0x4a ../lib-ws28xx/lib_gd32/libws28xx.a(pixelpatterns.o)
                0x000000000800c948                PixelPatterns::Wheel(unsigned char)
 *fill*         0x000000000800c992        0x2 
 .text._ZN13PixelPatterns9IncrementEj
                0x000000000800c994       0x3c ../lib-ws28xx/lib_gd32/libws28xx.a(pixelpatterns.o)
                0x000000000800c994                PixelPatterns::Increment(unsigned int)
 .text._ZN13PixelPatterns18RainbowCycleUpdateEj
                0x000000000800c9d0       0x54 ../lib-ws28xx/lib_gd32/libws28xx.a(pixelpatterns.o)
                0x000000000800c9d0                PixelPatterns::RainbowCycleUpdate(unsigned int)
 .text._ZN13PixelPatterns18TheaterChaseUpdateEj
                0x000000000800ca24       0x60 ../lib-ws28xx/lib_gd32/libws28xx.a(pixelpatterns.o)
                0x000000000800ca24                PixelPatterns::TheaterChaseUpdate(unsigned int)
 .text._ZN13PixelPatterns16ColourWipeUpdateEj
                0x000000000800ca84       0x24 ../lib-ws28xx/lib_gd32/libws28xx.a(pixelpatterns.o)
                0x000000000800ca84                PixelPatterns::ColourWipeUpdate(unsigned int)
 .text._ZN13PixelPatterns13ScannerUpdateEj
                0x000000000800caa8       0xb4 ../lib-ws28xx/lib_gd32/libws28xx.a(pixelpatterns.o)
                0x000000000800caa8                PixelPatterns::ScannerUpdate(unsigned int)
 .text._ZN13PixelPatterns10FadeUpdateEj
                0x000000000800cb5c       0x90 ../lib-ws28xx/lib_gd32/libws28xx.a(pixelpatterns.o)
                0x000000000800cb5c                PixelPatterns::FadeUpdate(unsigned int)
 .text._ZN13PixelPatterns10PortUpdateEjj
                0x000000000800cbec       0x50 ../lib-ws28xx/lib_gd32/libws28xx.a(pixelpatterns.o)
                0x000000000800cbec                PixelPatterns::PortUpdate(unsigned int, unsigned int)
 .text._ZN13PixelPatterns3RunEv
                0x000000000800cc3c       0x50 ../lib-ws28xx/lib_gd32/libws28xx.a(pixelpatterns.o)
                0x000000000800cc3c                PixelPatterns::Run()
 .text._ZN6WS28xx8SetPixelEjhhh
                0x000000000800cc8c      0x864 ../lib-ws28xx/lib_gd32/libws28xx.a(ws28xx.o)
                0x000000000800cc8c                WS28xx::SetPixel(unsigned int, unsigned char, unsigned char, unsigned char)
 .text._ZN6WS28xx8SetPixelEjhhhh
                0x000000000800d4f0      0x21c ../lib-ws28xx/lib_gd32/libws28xx.a(ws28xx.o)
                0x000000000800d4f0                WS28xx::SetPixel(unsigned int, unsigned char, unsigned char, unsigned char, unsigned char)
 .text._ZN6WS28xxD2Ev
                0x000000000800d70c        0xc ../lib-ws28xx/lib_gd32/libws28xx.a(ws28xx.o)
                0x000000000800d70c                WS28xx::~WS28xx()
                0x000000000800d70c                WS28xx::~WS28xx()
 .text._ZN6WS28xx12SetupBuffersEv
                0x000000000800d718       0x30 ../lib-ws28xx/lib_gd32/libws28xx.a(ws28xx.o)
                0x000000000800d718                WS28xx::SetupBuffers()
 .text._ZN6WS28xxC2ER18PixelConfiguration
                0x000000000800d748       0x88 ../lib-ws28xx/lib_gd32/libws28xx.a(ws28xx.o)
                0x000000000800d748                WS28xx::WS28xx(PixelConfiguration&)
                0x000000000800d748                WS28xx::WS28xx(PixelConfiguration&)
 .text._ZN6WS28xx6UpdateEv
                0x000000000800d7d0       0x38 ../lib-ws28xx/lib_gd32/libws28xx.a(ws28xx.o)
                0x000000000800d7d0                WS28xx::Update()
 .text._ZN6WS28xx8BlackoutEv
                0x000000000800d808       0x8e ../lib-ws28xx/lib_gd32/libws28xx.a(ws28xx.o)
                0x000000000800d808                WS28xx::Blackout()
 .text._ZN6WS28xx6FullOnEv
                0x000000000800d896       0x94 ../lib-ws28xx/lib_gd32/libws28xx.a(ws28xx.o)
                0x000000000800d896                WS28xx::FullOn()
 *fill*         0x000000000800d92a        0x2 
 .text.net_timers_run
                0x000000000800d92c       0x20 ../lib-network/lib_gd32/libnetwork.a(net_timers.o)
                0x000000000800d92c                net_timers_run
 .text.rfc3927  0x000000000800d94c       0x80 ../lib-network/lib_gd32/libnetwork.a(rfc3927.o)
                0x000000000800d94c                rfc3927
 .text._init_tcb
                0x000000000800d9cc       0x34 ../lib-network/lib_gd32/libnetwork.a(tcp.o)
 .text.memcpy.isra.0
                0x000000000800da00       0x14 ../lib-network/lib_gd32/libnetwork.a(tcp.o)
 .text._bswap32
                0x000000000800da14       0x4a ../lib-network/lib_gd32/libnetwork.a(tcp.o)
 *fill*         0x000000000800da5e        0x2 
 .text._tcp_send_package
                0x000000000800da60      0x14c ../lib-network/lib_gd32/libnetwork.a(tcp.o)
 .text._send_reset
                0x000000000800dbac       0x60 ../lib-network/lib_gd32/libnetwork.a(tcp.o)
 .text.tcp_begin
                0x000000000800dc0c       0x34 ../lib-network/lib_gd32/libnetwork.a(tcp.o)
                0x000000000800dc0c                tcp_begin
 .text.tcp_write
                0x000000000800dc40       0x48 ../lib-network/lib_gd32/libnetwork.a(tcp.o)
                0x000000000800dc40                tcp_write
 .text.tcp_read
                0x000000000800dc88       0x80 ../lib-network/lib_gd32/libnetwork.a(tcp.o)
                0x000000000800dc88                tcp_read
 .text.memcpy.isra.0
                0x000000000800dd08       0x14 ../lib-network/lib_gd32/libnetwork.a(udp.o)
 .text.net_memcpy
                0x000000000800dd1c       0x3c ../lib-network/lib_gd32/libnetwork.a(udp.o)
                0x000000000800dd1c                net_memcpy
 .text.udp_set_ip
                0x000000000800dd58       0x40 ../lib-network/lib_gd32/libnetwork.a(udp.o)
                0x000000000800dd58                udp_set_ip
 .text.udp_bind
                0x000000000800dd98       0x34 ../lib-network/lib_gd32/libnetwork.a(udp.o)
                0x000000000800dd98                udp_bind
 .text.udp_unbind
                0x000000000800ddcc       0x40 ../lib-network/lib_gd32/libnetwork.a(udp.o)
                0x000000000800ddcc                udp_unbind
 .text.udp_recv
                0x000000000800de0c       0x6c ../lib-network/lib_gd32/libnetwork.a(udp.o)
                0x000000000800de0c                udp_recv
 .text.udp_recv2
                0x000000000800de78       0x4c ../lib-network/lib_gd32/libnetwork.a(udp.o)
                0x000000000800de78                udp_recv2
 .text.udp_send
                0x000000000800dec4      0x160 ../lib-network/lib_gd32/libnetwork.a(udp.o)
                0x000000000800dec4                udp_send
 .text.strlen   0x000000000800e024       0x10 ../lib-network/lib_gd32/libnetwork.a(mdns.o)
 .text.strcmp   0x000000000800e034       0x1a ../lib-network/lib_gd32/libnetwork.a(mdns.o)
 .text.strcpy.isra.0
                0x000000000800e04e       0x10 ../lib-network/lib_gd32/libnetwork.a(mdns.o)
 .text.strcat.isra.0
                0x000000000800e05e       0x16 ../lib-network/lib_gd32/libnetwork.a(mdns.o)
 .text._ZN4MDNSC2Ev
                0x000000000800e074       0x20 ../lib-network/lib_gd32/libnetwork.a(mdns.o)
                0x000000000800e074                MDNS::MDNS()
                0x000000000800e074                MDNS::MDNS()
 .text._ZN4MDNS7SetNameEPKc
                0x000000000800e094       0x38 ../lib-network/lib_gd32/libnetwork.a(mdns.o)
                0x000000000800e094                MDNS::SetName(char const*)
 .text._ZN4MDNS21DecodeDNSNameNotationEPKcPc
                0x000000000800e0cc       0x84 ../lib-network/lib_gd32/libnetwork.a(mdns.o)
                0x000000000800e0cc                MDNS::DecodeDNSNameNotation(char const*, char*)
 .text._ZNK4MDNS21FindFirstDotFromRightEPKc
                0x000000000800e150       0x1c ../lib-network/lib_gd32/libnetwork.a(mdns.o)
                0x000000000800e150                MDNS::FindFirstDotFromRight(char const*) const
 .text._ZN4MDNS12WriteDnsNameEPKcPcb
                0x000000000800e16c       0x32 ../lib-network/lib_gd32/libnetwork.a(mdns.o)
                0x000000000800e16c                MDNS::WriteDnsName(char const*, char*, bool)
 *fill*         0x000000000800e19e        0x2 
 .text._ZN4MDNS26CreateAnswerLocalIpAddressEv
                0x000000000800e1a0       0x54 ../lib-network/lib_gd32/libnetwork.a(mdns.o)
                0x000000000800e1a0                MDNS::CreateAnswerLocalIpAddress()
 .text._ZN4MDNS5StartEv
                0x000000000800e1f4       0x90 ../lib-network/lib_gd32/libnetwork.a(mdns.o)
                0x000000000800e1f4                MDNS::Start()
 .text._ZN4MDNS22CreateAnswerServiceSrvEjPh
                0x000000000800e284       0x88 ../lib-network/lib_gd32/libnetwork.a(mdns.o)
                0x000000000800e284                MDNS::CreateAnswerServiceSrv(unsigned int, unsigned char*)
 .text._ZN4MDNS22CreateAnswerServiceTxtEjPh
                0x000000000800e30c       0x7c ../lib-network/lib_gd32/libnetwork.a(mdns.o)
                0x000000000800e30c                MDNS::CreateAnswerServiceTxt(unsigned int, unsigned char*)
 .text._ZN4MDNS22CreateAnswerServicePtrEjPh
                0x000000000800e388       0x78 ../lib-network/lib_gd32/libnetwork.a(mdns.o)
                0x000000000800e388                MDNS::CreateAnswerServicePtr(unsigned int, unsigned char*)
 .text._ZN4MDNS24CreateAnswerServiceDnsSdEjPh
                0x000000000800e400       0x50 ../lib-network/lib_gd32/libnetwork.a(mdns.o)
                0x000000000800e400                MDNS::CreateAnswerServiceDnsSd(unsigned int, unsigned char*)
 .text._ZN4MDNS17CreateMDNSMessageEj
                0x000000000800e450       0x78 ../lib-network/lib_gd32/libnetwork.a(mdns.o)
                0x000000000800e450                MDNS::CreateMDNSMessage(unsigned int)
 .text._ZN4MDNS16AddServiceRecordEPKcS1_tN4mdns8ProtocolES1_
                0x000000000800e4c8      0x128 ../lib-network/lib_gd32/libnetwork.a(mdns.o)
                0x000000000800e4c8                MDNS::AddServiceRecord(char const*, char const*, unsigned short, mdns::Protocol, char const*)
 .text._ZN4MDNS13HandleRequestEt
                0x000000000800e5f0       0xf4 ../lib-network/lib_gd32/libnetwork.a(mdns.o)
                0x000000000800e5f0                MDNS::HandleRequest(unsigned short)
 .text._ZN4MDNS5ParseEv
                0x000000000800e6e4       0x28 ../lib-network/lib_gd32/libnetwork.a(mdns.o)
                0x000000000800e6e4                MDNS::Parse()
 .text._ZN4MDNS3RunEv
                0x000000000800e70c       0x48 ../lib-network/lib_gd32/libnetwork.a(mdns.o)
                0x000000000800e70c                MDNS::Run()
 .text._ZN4MDNS5PrintEv
                0x000000000800e754       0x7c ../lib-network/lib_gd32/libnetwork.a(mdns.o)
                0x000000000800e754                MDNS::Print()
 .text.strncpy.constprop.0.isra.0
                0x000000000800e7d0       0x20 ../lib-network/lib_gd32/libnetwork.a(network.o)
 .text._ZN7NetworkC2Ev
                0x000000000800e7f0       0x50 ../lib-network/lib_gd32/libnetwork.a(network.o)
                0x000000000800e7f0                Network::Network()
                0x000000000800e7f0                Network::Network()
 .text._ZN7Network8ShutdownEv
                0x000000000800e840        0xe ../lib-network/lib_gd32/libnetwork.a(network.o)
                0x000000000800e840                Network::Shutdown()
 .text._ZN7Network5BeginEt
                0x000000000800e84e        0x6 ../lib-network/lib_gd32/libnetwork.a(network.o)
                0x000000000800e84e                Network::Begin(unsigned short)
 .text._ZN7Network3EndEt
                0x000000000800e854        0x6 ../lib-network/lib_gd32/libnetwork.a(network.o)
                0x000000000800e854                Network::End(unsigned short)
 .text._ZN7Network16MacAddressCopyToEPh
                0x000000000800e85a       0x16 ../lib-network/lib_gd32/libnetwork.a(network.o)
                0x000000000800e85a                Network::MacAddressCopyTo(unsigned char*)
 .text._ZN7Network9JoinGroupEij
                0x000000000800e870        0x6 ../lib-network/lib_gd32/libnetwork.a(network.o)
                0x000000000800e870                Network::JoinGroup(int, unsigned int)
 .text._ZN7Network12SetDefaultIpEv
                0x000000000800e876       0x22 ../lib-network/lib_gd32/libnetwork.a(network.o)
                0x000000000800e876                Network::SetDefaultIp()
 .text._ZN7Network4InitEP18NetworkParamsStore
                0x000000000800e898      0x270 ../lib-network/lib_gd32/libnetwork.a(network.o)
                0x000000000800e898                Network::Init(NetworkParamsStore*)
 .text._ZN7Network5PrintEv
                0x000000000800eb08       0xf8 ../lib-network/lib_gd32/libnetwork.a(network.o)
                0x000000000800eb08                Network::Print()
 .text._ZN7Network8TcpBeginEt
                0x000000000800ec00        0x6 ../lib-network/lib_gd32/libnetwork.a(networktcp.o)
                0x000000000800ec00                Network::TcpBegin(unsigned short)
 .text._ZN7Network7TcpReadEiPPKh
                0x000000000800ec06        0x8 ../lib-network/lib_gd32/libnetwork.a(networktcp.o)
                0x000000000800ec06                Network::TcpRead(int, unsigned char const**)
 .text._ZN7Network8TcpWriteEiPKht
                0x000000000800ec0e        0xa ../lib-network/lib_gd32/libnetwork.a(networktcp.o)
                0x000000000800ec0e                Network::TcpWrite(int, unsigned char const*, unsigned short)
 .text._ZN13NetworkParamsC2EP18NetworkParamsStore
                0x000000000800ec18       0x18 ../lib-network/lib_gd32/libnetwork.a(networkparams.o)
                0x000000000800ec18                NetworkParams::NetworkParams(NetworkParamsStore*)
                0x000000000800ec18                NetworkParams::NetworkParams(NetworkParamsStore*)
 .text._ZN13NetworkParams4LoadEv
                0x000000000800ec30       0x18 ../lib-network/lib_gd32/libnetwork.a(networkparams.o)
                0x000000000800ec30                NetworkParams::Load()
 .text._ZN13NetworkParams4LoadEPKcj
                0x000000000800ec48       0x40 ../lib-network/lib_gd32/libnetwork.a(networkparams.o)
                0x000000000800ec48                NetworkParams::Load(char const*, unsigned int)
 .text._ZN13NetworkParams16callbackFunctionEPKc
                0x000000000800ec88      0x12c ../lib-network/lib_gd32/libnetwork.a(networkparams.o)
                0x000000000800ec88                NetworkParams::callbackFunction(char const*)
 .text._ZN13NetworkParams22staticCallbackFunctionEPvPKc
                0x000000000800edb4        0x4 ../lib-network/lib_gd32/libnetwork.a(networkparams.o)
                0x000000000800edb4                NetworkParams::staticCallbackFunction(void*, char const*)
 .text._ZN13NetworkParams7BuilderEPKN13networkparams6ParamsEPcjRj
                0x000000000800edb8      0x218 ../lib-network/lib_gd32/libnetwork.a(networkparams.o)
                0x000000000800edb8                NetworkParams::Builder(networkparams::Params const*, char*, unsigned int, unsigned int&)
 .text._ZN13NetworkParams4SaveEPcjRj
                0x000000000800efd0       0x1a ../lib-network/lib_gd32/libnetwork.a(networkparams.o)
                0x000000000800efd0                NetworkParams::Save(char*, unsigned int, unsigned int&)
 .text._ZN13NetworkParams4DumpEv
                0x000000000800efea        0x2 ../lib-network/lib_gd32/libnetwork.a(networkparamsdump.o)
                0x000000000800efea                NetworkParams::Dump()
 .text.memcpy.isra.0
                0x000000000800efec       0x14 ../lib-network/lib_gd32/libnetwork.a(arp.o)
 .text.arp_announce
                0x000000000800f000       0x14 ../lib-network/lib_gd32/libnetwork.a(arp.o)
                0x000000000800f000                arp_announce
 .text.arp_handle_request
                0x000000000800f014       0x50 ../lib-network/lib_gd32/libnetwork.a(arp.o)
                0x000000000800f014                arp_handle_request
 .text.arp_handle_reply
                0x000000000800f064        0x8 ../lib-network/lib_gd32/libnetwork.a(arp.o)
                0x000000000800f064                arp_handle_reply
 .text.arp_send_request
                0x000000000800f06c       0x14 ../lib-network/lib_gd32/libnetwork.a(arp.o)
                0x000000000800f06c                arp_send_request
 .text.arp_cache_update
                0x000000000800f080       0x50 ../lib-network/lib_gd32/libnetwork.a(arp_cache.o)
                0x000000000800f080                arp_cache_update
 .text.arp_cache_lookup
                0x000000000800f0d0       0x9c ../lib-network/lib_gd32/libnetwork.a(arp_cache.o)
                0x000000000800f0d0                arp_cache_lookup
 .text._parse_response
                0x000000000800f16c      0x168 ../lib-network/lib_gd32/libnetwork.a(dhcp.o)
 .text.memcpy.isra.0
                0x000000000800f2d4       0x14 ../lib-network/lib_gd32/libnetwork.a(dhcp.o)
 .text.dhcp_client
                0x000000000800f2e8      0x210 ../lib-network/lib_gd32/libnetwork.a(dhcp.o)
                0x000000000800f2e8                dhcp_client
 .text.dhcp_client_release
                0x000000000800f4f8       0x5c ../lib-network/lib_gd32/libnetwork.a(dhcp.o)
                0x000000000800f4f8                dhcp_client_release
 .text.memcpy.isra.0
                0x000000000800f554       0x14 ../lib-network/lib_gd32/libnetwork.a(igmp.o)
 .text._send_report
                0x000000000800f568       0x80 ../lib-network/lib_gd32/libnetwork.a(igmp.o)
 .text.igmp_set_ip
                0x000000000800f5e8       0x2c ../lib-network/lib_gd32/libnetwork.a(igmp.o)
                0x000000000800f5e8                igmp_set_ip
 .text.igmp_timer
                0x000000000800f614       0x34 ../lib-network/lib_gd32/libnetwork.a(igmp.o)
                0x000000000800f614                igmp_timer
 .text.igmp_join
                0x000000000800f648       0x58 ../lib-network/lib_gd32/libnetwork.a(igmp.o)
                0x000000000800f648                igmp_join
 .text.igmp_leave
                0x000000000800f6a0       0x88 ../lib-network/lib_gd32/libnetwork.a(igmp.o)
                0x000000000800f6a0                igmp_leave
 .text.ip_set_ip
                0x000000000800f728       0x12 ../lib-network/lib_gd32/libnetwork.a(ip.o)
                0x000000000800f728                ip_set_ip
 .text.net_chksum
                0x000000000800f73a       0x32 ../lib-network/lib_gd32/libnetwork.a(net_chksum.o)
                0x000000000800f73a                net_chksum
 .text._ZN3net18link_register_readEv
                0x000000000800f76c       0x22 ../lib-network/lib_gd32/libnetwork.a(net_link_check.o)
                0x000000000800f76c                net::link_register_read()
 .text.memcpy.isra.0
                0x000000000800f78e       0x14 ../lib-network/lib_gd32/libnetwork.a(icmp.o)
 *fill*         0x000000000800f7a2        0x2 
 .text._ZN11ConfigStore14GetStoreOffsetEN11configstore5StoreE
                0x000000000800f7a4       0x1c ../lib-configstore/lib_gd32/libconfigstore.a(configstore.o)
                0x000000000800f7a4                ConfigStore::GetStoreOffset(configstore::Store)
 .text._ZN11ConfigStore4InitEv
                0x000000000800f7c0      0x124 ../lib-configstore/lib_gd32/libconfigstore.a(configstore.o)
                0x000000000800f7c0                ConfigStore::Init()
 .text._ZN11ConfigStoreC2Ev
                0x000000000800f8e4       0x48 ../lib-configstore/lib_gd32/libconfigstore.a(configstore.o)
                0x000000000800f8e4                ConfigStore::ConfigStore()
                0x000000000800f8e4                ConfigStore::ConfigStore()
 .text._ZN11ConfigStore12ResetSetListEN11configstore5StoreE
                0x000000000800f92c       0x24 ../lib-configstore/lib_gd32/libconfigstore.a(configstore.o)
                0x000000000800f92c                ConfigStore::ResetSetList(configstore::Store)
 .text._ZN11ConfigStore6UpdateEN11configstore5StoreEjPKvjjj
                0x000000000800f950       0x80 ../lib-configstore/lib_gd32/libconfigstore.a(configstore.o)
                0x000000000800f950                ConfigStore::Update(configstore::Store, unsigned int, void const*, unsigned int, unsigned int, unsigned int)
 .text._ZN11ConfigStore4CopyEN11configstore5StoreEPvjjb
                0x000000000800f9d0       0x64 ../lib-configstore/lib_gd32/libconfigstore.a(configstore.o)
                0x000000000800f9d0                ConfigStore::Copy(configstore::Store, void*, unsigned int, unsigned int, bool)
 .text._ZN11ConfigStore5FlashEv
                0x000000000800fa34       0xac ../lib-configstore/lib_gd32/libconfigstore.a(configstore.o)
                0x000000000800fa34                ConfigStore::Flash()
 .text._ZN12StoreNetworkD2Ev
                0x000000000800fae0        0x6 ../lib-configstore/lib_gd32/libconfigstore.a(storenetwork.o)
                0x000000000800fae0                StoreNetwork::~StoreNetwork()
                0x000000000800fae0                StoreNetwork::~StoreNetwork()
                0x000000000800fae2                non-virtual thunk to StoreNetwork::~StoreNetwork()
 *fill*         0x000000000800fae6        0x2 
 .text._ZN12StoreNetwork6UpdateEPKN13networkparams6ParamsE
                0x000000000800fae8       0x24 ../lib-configstore/lib_gd32/libconfigstore.a(storenetwork.o)
                0x000000000800fae8                StoreNetwork::Update(networkparams::Params const*)
 .text._ZN12StoreNetwork8SaveDhcpEb
                0x000000000800fb0c       0x30 ../lib-configstore/lib_gd32/libconfigstore.a(storenetwork.o)
                0x000000000800fb0c                StoreNetwork::SaveDhcp(bool)
                0x000000000800fb34                non-virtual thunk to StoreNetwork::SaveDhcp(bool)
 .text._ZN12StoreNetwork13SaveGatewayIpEj
                0x000000000800fb3c       0x30 ../lib-configstore/lib_gd32/libconfigstore.a(storenetwork.o)
                0x000000000800fb3c                StoreNetwork::SaveGatewayIp(unsigned int)
                0x000000000800fb64                non-virtual thunk to StoreNetwork::SaveGatewayIp(unsigned int)
 .text._ZN12StoreNetwork11SaveNetMaskEj
                0x000000000800fb6c       0x2c ../lib-configstore/lib_gd32/libconfigstore.a(storenetwork.o)
                0x000000000800fb6c                StoreNetwork::SaveNetMask(unsigned int)
                0x000000000800fb90                non-virtual thunk to StoreNetwork::SaveNetMask(unsigned int)
 .text._ZN12StoreNetwork6SaveIpEj
                0x000000000800fb98       0x2c ../lib-configstore/lib_gd32/libconfigstore.a(storenetwork.o)
                0x000000000800fb98                StoreNetwork::SaveIp(unsigned int)
                0x000000000800fbbc                non-virtual thunk to StoreNetwork::SaveIp(unsigned int)
 .text._ZN12StoreNetwork12SaveHostNameEPKcj
                0x000000000800fbc4       0x30 ../lib-configstore/lib_gd32/libconfigstore.a(storenetwork.o)
                0x000000000800fbc4                StoreNetwork::SaveHostName(char const*, unsigned int)
                0x000000000800fbec                non-virtual thunk to StoreNetwork::SaveHostName(char const*, unsigned int)
 .text._ZN12StoreNetworkD0Ev
                0x000000000800fbf4       0x12 ../lib-configstore/lib_gd32/libconfigstore.a(storenetwork.o)
                0x000000000800fbf4                StoreNetwork::~StoreNetwork()
                0x000000000800fc00                non-virtual thunk to StoreNetwork::~StoreNetwork()
 *fill*         0x000000000800fc06        0x2 
 .text._ZN12StoreNetwork4CopyEPN13networkparams6ParamsE
                0x000000000800fc08       0x20 ../lib-configstore/lib_gd32/libconfigstore.a(storenetwork.o)
                0x000000000800fc08                StoreNetwork::Copy(networkparams::Params*)
 .text._ZN12StoreNetworkC2Ev
                0x000000000800fc28       0x18 ../lib-configstore/lib_gd32/libconfigstore.a(storenetwork.o)
                0x000000000800fc28                StoreNetwork::StoreNetwork()
                0x000000000800fc28                StoreNetwork::StoreNetwork()
 .text._ZN14StoreOscServerD2Ev
                0x000000000800fc40        0x2 ../lib-configstore/lib_gd32/libconfigstore.a(storeoscserver.o)
                0x000000000800fc40                StoreOscServer::~StoreOscServer()
                0x000000000800fc40                StoreOscServer::~StoreOscServer()
 *fill*         0x000000000800fc42        0x2 
 .text._ZN14StoreOscServer4CopyEPN3osc6server6ParamsE
                0x000000000800fc44       0x24 ../lib-configstore/lib_gd32/libconfigstore.a(storeoscserver.o)
                0x000000000800fc44                StoreOscServer::Copy(osc::server::Params*)
 .text._ZN14StoreOscServer6UpdateEPKN3osc6server6ParamsE
                0x000000000800fc68       0x24 ../lib-configstore/lib_gd32/libconfigstore.a(storeoscserver.o)
                0x000000000800fc68                StoreOscServer::Update(osc::server::Params const*)
 .text._ZN14StoreOscServerD0Ev
                0x000000000800fc8c        0xc ../lib-configstore/lib_gd32/libconfigstore.a(storeoscserver.o)
                0x000000000800fc8c                StoreOscServer::~StoreOscServer()
 .text._ZN14StoreOscServerC2Ev
                0x000000000800fc98       0x14 ../lib-configstore/lib_gd32/libconfigstore.a(storeoscserver.o)
                0x000000000800fc98                StoreOscServer::StoreOscServer()
                0x000000000800fc98                StoreOscServer::StoreOscServer()
 .text._ZN17StoreRemoteConfigD2Ev
                0x000000000800fcac        0x2 ../lib-configstore/lib_gd32/libconfigstore.a(storeremoteconfig.o)
                0x000000000800fcac                StoreRemoteConfig::~StoreRemoteConfig()
                0x000000000800fcac                StoreRemoteConfig::~StoreRemoteConfig()
 *fill*         0x000000000800fcae        0x2 
 .text._ZN17StoreRemoteConfig4CopyEP19TRemoteConfigParams
                0x000000000800fcb0       0x24 ../lib-configstore/lib_gd32/libconfigstore.a(storeremoteconfig.o)
                0x000000000800fcb0                StoreRemoteConfig::Copy(TRemoteConfigParams*)
 .text._ZN17StoreRemoteConfig6UpdateEPK19TRemoteConfigParams
                0x000000000800fcd4       0x24 ../lib-configstore/lib_gd32/libconfigstore.a(storeremoteconfig.o)
                0x000000000800fcd4                StoreRemoteConfig::Update(TRemoteConfigParams const*)
 .text._ZN17StoreRemoteConfigD0Ev
                0x000000000800fcf8        0xc ../lib-configstore/lib_gd32/libconfigstore.a(storeremoteconfig.o)
                0x000000000800fcf8                StoreRemoteConfig::~StoreRemoteConfig()
 .text._ZN17StoreRemoteConfigC2Ev
                0x000000000800fd04       0x14 ../lib-configstore/lib_gd32/libconfigstore.a(storeremoteconfig.o)
                0x000000000800fd04                StoreRemoteConfig::StoreRemoteConfig()
                0x000000000800fd04                StoreRemoteConfig::StoreRemoteConfig()
 .text._ZN11StoreDeviceC2Ev
                0x000000000800fd18       0x10 ../lib-configstore/lib_gd32/libconfigstore.a(storedevice.o)
                0x000000000800fd18                StoreDevice::StoreDevice()
                0x000000000800fd18                StoreDevice::StoreDevice()
 .text._ZNK11StoreDevice7GetSizeEv
                0x000000000800fd28        0x4 ../lib-configstore/lib_gd32/libconfigstore.a(storedevice.o)
                0x000000000800fd28                StoreDevice::GetSize() const
 .text._ZNK11StoreDevice13GetSectorSizeEv
                0x000000000800fd2c        0x4 ../lib-configstore/lib_gd32/libconfigstore.a(storedevice.o)
                0x000000000800fd2c                StoreDevice::GetSectorSize() const
 .text._ZN11StoreDevice4ReadEjjPhRN11storedevice6resultE
                0x000000000800fd30       0x14 ../lib-configstore/lib_gd32/libconfigstore.a(storedevice.o)
                0x000000000800fd30                StoreDevice::Read(unsigned int, unsigned int, unsigned char*, storedevice::result&)
 .text._ZN11StoreDevice5EraseEjjRN11storedevice6resultE
                0x000000000800fd44       0x12 ../lib-configstore/lib_gd32/libconfigstore.a(storedevice.o)
                0x000000000800fd44                StoreDevice::Erase(unsigned int, unsigned int, storedevice::result&)
 .text._ZN11StoreDevice5WriteEjjPKhRN11storedevice6resultE
                0x000000000800fd56       0x14 ../lib-configstore/lib_gd32/libconfigstore.a(storedevice.o)
                0x000000000800fd56                StoreDevice::Write(unsigned int, unsigned int, unsigned char const*, storedevice::result&)
 .text._ZN13StorePixelDmxD2Ev
                0x000000000800fd6a        0x6 ../lib-configstore/lib_gd32/libconfigstore.a(storepixeldmx.o)
                0x000000000800fd6a                StorePixelDmx::~StorePixelDmx()
                0x000000000800fd6a                StorePixelDmx::~StorePixelDmx()
                0x000000000800fd6c                non-virtual thunk to StorePixelDmx::~StorePixelDmx()
 .text._ZN13StorePixelDmx6UpdateEPKN14pixeldmxparams6ParamsE
                0x000000000800fd70       0x24 ../lib-configstore/lib_gd32/libconfigstore.a(storepixeldmx.o)
                0x000000000800fd70                StorePixelDmx::Update(pixeldmxparams::Params const*)
 .text._ZN13StorePixelDmx19SaveDmxStartAddressEt
                0x000000000800fd94       0x34 ../lib-configstore/lib_gd32/libconfigstore.a(storepixeldmx.o)
                0x000000000800fd94                StorePixelDmx::SaveDmxStartAddress(unsigned short)
                0x000000000800fdc0                non-virtual thunk to StorePixelDmx::SaveDmxStartAddress(unsigned short)
 .text._ZN13StorePixelDmx15SaveTestPatternEh
                0x000000000800fdc8       0x34 ../lib-configstore/lib_gd32/libconfigstore.a(storepixeldmx.o)
                0x000000000800fdc8                StorePixelDmx::SaveTestPattern(unsigned char)
                0x000000000800fdf4                non-virtual thunk to StorePixelDmx::SaveTestPattern(unsigned char)
 .text._ZN13StorePixelDmx7SaveMapEh
                0x000000000800fdfc       0x38 ../lib-configstore/lib_gd32/libconfigstore.a(storepixeldmx.o)
                0x000000000800fdfc                StorePixelDmx::SaveMap(unsigned char)
                0x000000000800fe2c                non-virtual thunk to StorePixelDmx::SaveMap(unsigned char)
 .text._ZN13StorePixelDmx17SaveGroupingCountEt
                0x000000000800fe34       0x38 ../lib-configstore/lib_gd32/libconfigstore.a(storepixeldmx.o)
                0x000000000800fe34                StorePixelDmx::SaveGroupingCount(unsigned short)
                0x000000000800fe64                non-virtual thunk to StorePixelDmx::SaveGroupingCount(unsigned short)
 .text._ZN13StorePixelDmx9SaveCountEt
                0x000000000800fe6c       0x34 ../lib-configstore/lib_gd32/libconfigstore.a(storepixeldmx.o)
                0x000000000800fe6c                StorePixelDmx::SaveCount(unsigned short)
                0x000000000800fe98                non-virtual thunk to StorePixelDmx::SaveCount(unsigned short)
 .text._ZN13StorePixelDmx8SaveTypeEh
                0x000000000800fea0       0x34 ../lib-configstore/lib_gd32/libconfigstore.a(storepixeldmx.o)
                0x000000000800fea0                StorePixelDmx::SaveType(unsigned char)
                0x000000000800fecc                non-virtual thunk to StorePixelDmx::SaveType(unsigned char)
 .text._ZN13StorePixelDmxD0Ev
                0x000000000800fed4       0x12 ../lib-configstore/lib_gd32/libconfigstore.a(storepixeldmx.o)
                0x000000000800fed4                StorePixelDmx::~StorePixelDmx()
                0x000000000800fee0                non-virtual thunk to StorePixelDmx::~StorePixelDmx()
 *fill*         0x000000000800fee6        0x2 
 .text._ZN13StorePixelDmx4CopyEPN14pixeldmxparams6ParamsE
                0x000000000800fee8       0x24 ../lib-configstore/lib_gd32/libconfigstore.a(storepixeldmx.o)
                0x000000000800fee8                StorePixelDmx::Copy(pixeldmxparams::Params*)
 .text._ZN13StorePixelDmxC2Ev
                0x000000000800ff0c       0x18 ../lib-configstore/lib_gd32/libconfigstore.a(storepixeldmx.o)
                0x000000000800ff0c                StorePixelDmx::StorePixelDmx()
                0x000000000800ff0c                StorePixelDmx::StorePixelDmx()
 .text._ZN9FlashCodeC2Ev
                0x000000000800ff24       0x34 ../lib-flashcode/lib_gd32/libflashcode.a(flashcode.o)
                0x000000000800ff24                FlashCode::FlashCode()
                0x000000000800ff24                FlashCode::FlashCode()
 .text._ZNK9FlashCode7GetSizeEv
                0x000000000800ff58       0x10 ../lib-flashcode/lib_gd32/libflashcode.a(flashcode.o)
                0x000000000800ff58                FlashCode::GetSize() const
 .text._ZNK9FlashCode13GetSectorSizeEv
                0x000000000800ff68        0x6 ../lib-flashcode/lib_gd32/libflashcode.a(flashcode.o)
                0x000000000800ff68                FlashCode::GetSectorSize() const
 .text._ZN9FlashCode4ReadEjjPhRN9flashcode6resultE
                0x000000000800ff6e       0x1e ../lib-flashcode/lib_gd32/libflashcode.a(flashcode.o)
                0x000000000800ff6e                FlashCode::Read(unsigned int, unsigned int, unsigned char*, flashcode::result&)
 .text._ZN9FlashCode5EraseEjjRN9flashcode6resultE
                0x000000000800ff8c      0x140 ../lib-flashcode/lib_gd32/libflashcode.a(flashcode.o)
                0x000000000800ff8c                FlashCode::Erase(unsigned int, unsigned int, flashcode::result&)
 .text._ZN9FlashCode5WriteEjjPKhRN9flashcode6resultE
                0x00000000080100cc      0x14c ../lib-flashcode/lib_gd32/libflashcode.a(flashcode.o)
                0x00000000080100cc                FlashCode::Write(unsigned int, unsigned int, unsigned char const*, flashcode::result&)
 .text._ZN10properties17convert_json_fileEPctb
                0x0000000008010218      0x162 ../lib-properties/lib_gd32/libproperties.a(properties.o)
                0x0000000008010218                properties::convert_json_file(char*, unsigned short, bool)
 *fill*         0x000000000801037a        0x2 
 .text._ZN17PropertiesBuilderC2EPKcPcj
                0x000000000801037c       0x84 ../lib-properties/lib_gd32/libproperties.a(propertiesbuilder.o)
                0x000000000801037c                PropertiesBuilder::PropertiesBuilder(char const*, char*, unsigned int)
                0x000000000801037c                PropertiesBuilder::PropertiesBuilder(char const*, char*, unsigned int)
 .text._ZN17PropertiesBuilder12AddIpAddressEPKcjb
                0x0000000008010400       0x88 ../lib-properties/lib_gd32/libproperties.a(propertiesbuilder.o)
                0x0000000008010400                PropertiesBuilder::AddIpAddress(char const*, unsigned int, bool)
 .text._ZN17PropertiesBuilder10AddCommentEPKc
                0x0000000008010488       0x34 ../lib-properties/lib_gd32/libproperties.a(propertiesbuilder.o)
                0x0000000008010488                PropertiesBuilder::AddComment(char const*)
 .text._ZN14ReadConfigFileC2EPFvPvPKcES0_
                0x00000000080104bc        0x6 ../lib-properties/lib_gd32/libproperties.a(readconfigfile.o)
                0x00000000080104bc                ReadConfigFile::ReadConfigFile(void (*)(void*, char const*), void*)
                0x00000000080104bc                ReadConfigFile::ReadConfigFile(void (*)(void*, char const*), void*)
 .text._ZN14ReadConfigFileD2Ev
                0x00000000080104c2        0x2 ../lib-properties/lib_gd32/libproperties.a(readconfigfile.o)
                0x00000000080104c2                ReadConfigFile::~ReadConfigFile()
                0x00000000080104c2                ReadConfigFile::~ReadConfigFile()
 .text._ZN14ReadConfigFile4ReadEPKcj
                0x00000000080104c4       0x68 ../lib-properties/lib_gd32/libproperties.a(readconfigfile.o)
                0x00000000080104c4                ReadConfigFile::Read(char const*, unsigned int)
 .text._ZN5Sscan4CharEPKcS1_PcRj
                0x000000000801052c       0x32 ../lib-properties/lib_gd32/libproperties.a(sscanchar.o)
                0x000000000801052c                Sscan::Char(char const*, char const*, char*, unsigned int&)
 .text._ZN5Sscan5FloatEPKcS1_Rf
                0x000000000801055e       0xc6 ../lib-properties/lib_gd32/libproperties.a(sscanfloat.o)
                0x000000000801055e                Sscan::Float(char const*, char const*, float&)
 .text._ZN5Sscan9IpAddressEPKcS1_Rj
                0x0000000008010624       0x82 ../lib-properties/lib_gd32/libproperties.a(sscanipaddress.o)
                0x0000000008010624                Sscan::IpAddress(char const*, char const*, unsigned int&)
 .text._ZN5Sscan6Uint16EPKcS1_Rt
                0x00000000080106a6       0x3c ../lib-properties/lib_gd32/libproperties.a(sscanuint16.o)
                0x00000000080106a6                Sscan::Uint16(char const*, char const*, unsigned short&)
 .text._ZN5Sscan6Uint32EPKcS1_Rj
                0x00000000080106e2       0x52 ../lib-properties/lib_gd32/libproperties.a(sscanuint32.o)
                0x00000000080106e2                Sscan::Uint32(char const*, char const*, unsigned int&)
 .text._ZN5Sscan5Uint8EPKcS1_Rh
                0x0000000008010734       0x3a ../lib-properties/lib_gd32/libproperties.a(sscanuint8.o)
                0x0000000008010734                Sscan::Uint8(char const*, char const*, unsigned char&)
 .text._ZN5Sscan9checkNameEPKcS1_
                0x000000000801076e       0x2c ../lib-properties/lib_gd32/libproperties.a(sscan.o)
                0x000000000801076e                Sscan::checkName(char const*, char const*)
 .text._ZN7display7timeout9gpio_initEv
                0x000000000801079a        0x2 ../lib-display/lib_gd32/libdisplay.a(display_timeout.o)
                0x000000000801079a                display::timeout::gpio_init()
 .text._ZN7display7timeout10gpio_renewEv
                0x000000000801079c        0x4 ../lib-display/lib_gd32/libdisplay.a(display_timeout.o)