Archive member included to satisfy reference by file (symbol)

../lib-remoteconfig/lib_gd32/libremoteconfig.a(remoteconfig.o)
                              build_gd32/firmware/main.o (RemoteConfig::RemoteConfig(remoteconfig::Node, remoteconfig::Output, unsigned int))
../lib-remoteconfig/lib_gd32/libremoteconfig.a(remoteconfigfactory.o)
                              ../lib-remoteconfig/lib_gd32/libremoteconfig.a(remoteconfig.o) (RemoteConfig::HandleFactory())
../lib-remoteconfig/lib_gd32/libremoteconfig.a(remoteconfigparams.o)
                              build_gd32/firmware/main.o (RemoteConfigParams::RemoteConfigParams(RemoteConfigParamsStore*))
../lib-remoteconfig/lib_gd32/libremoteconfig.a(remoteconfigparamsdump.o)
                              build_gd32/firmware/main.o (RemoteConfigParams::Dump())
../lib-remoteconfig/lib_gd32/libremoteconfig.a(remoteconfigreboot.o)
                              ../lib-remoteconfig/lib_gd32/libremoteconfig.a(remoteconfig.o) (RemoteConfig::HandleReboot())
../lib-remoteconfig/lib_gd32/libremoteconfig.a(remoteconfigstatic.o)
                              ../lib-remoteconfig/lib_gd32/libremoteconfig.a(remoteconfig.o) (RemoteConfig::GetIndex(void const*, unsigned int&))
../lib-remoteconfig/lib_gd32/libremoteconfig.a(remoteconfig.o)
                              ../lib-remoteconfig/lib_gd32/libremoteconfig.a(remoteconfig.o) (RemoteConfig::PlatformHandleTftpSet())
../lib-remoteconfig/lib_gd32/libremoteconfig.a(httd.o)
                              build_gd32/firmware/main.o (HttpDaemon::HttpDaemon())
../lib-remoteconfig/lib_gd32/libremoteconfig.a(remoteconfigconst.o)
                              ../lib-remoteconfig/lib_gd32/libremoteconfig.a(remoteconfigparams.o) (RemoteConfigConst::PARAMS_DISPLAY_NAME)
../lib-remoteconfig/lib_gd32/libremoteconfig.a(remoteconfigjson.o)
                              ../lib-remoteconfig/lib_gd32/libremoteconfig.a(httd.o) (remoteconfig::json_get_list(char*, unsigned short))
../lib-remoteconfig/lib_gd32/libremoteconfig.a(get_file_content.o)
                              ../lib-remoteconfig/lib_gd32/libremoteconfig.a(httd.o) (get_file_content(char const*, char*))
../lib-artnet4/lib_gd32/libartnet4.a(artnet4node.o)
                              build_gd32/firmware/main.o (ArtNet4Node::ArtNet4Node())
../lib-artnet/lib_gd32/libartnet.a(artnetmsgconst.o)
                              build_gd32/firmware/main.o (ArtNetMsgConst::RDM_RUN)
../lib-artnet/lib_gd32/libartnet.a(artnetnode.o)
                              ../lib-artnet4/lib_gd32/libartnet4.a(artnet4node.o) (ArtNetNode::~ArtNetNode())
../lib-artnet/lib_gd32/libartnet.a(artnetnodegetportaddress.o)
                              ../lib-artnet4/lib_gd32/libartnet4.a(artnet4node.o) (ArtNetNode::GetPortAddress(unsigned int, unsigned short&, lightset::PortDir) const)
../lib-artnet/lib_gd32/libartnet.a(artnetnodehandleaddress.o)
                              build_gd32/firmware/main.o (ArtNetNode::SetUniverseSwitch(unsigned int, lightset::PortDir, unsigned char))
../lib-artnet/lib_gd32/libartnet.a(artnetnodehandledmx.o)
                              ../lib-artnet/lib_gd32/libartnet.a(artnetnode.o) (ArtNetNode::HandleDmx())
../lib-artnet/lib_gd32/libartnet.a(artnetnodehandledmxin.o)
                              ../lib-artnet/lib_gd32/libartnet.a(artnetnode.o) (ArtNetNode::HandleDmxIn())
../lib-artnet/lib_gd32/libartnet.a(artnetnodehandleipprog.o)
                              ../lib-artnet/lib_gd32/libartnet.a(artnetnode.o) (ArtNetNode::HandleIpProg())
../lib-artnet/lib_gd32/libartnet.a(artnetnodehandlepoll.o)
                              ../lib-artnet/lib_gd32/libartnet.a(artnetnode.o) (ArtNetNode::FillPollReply())
../lib-artnet/lib_gd32/libartnet.a(artnetnodehandlerdm.o)
                              ../lib-artnet/lib_gd32/libartnet.a(artnetnodehandleaddress.o) (ArtNetNode::SetRmd(unsigned int, bool))
../lib-artnet/lib_gd32/libartnet.a(artnetnodehandlerdmin.o)
                              ../lib-artnet/lib_gd32/libartnet.a(artnetnode.o) (ArtNetNode::HandleRdmIn())
../lib-artnet/lib_gd32/libartnet.a(artnetnodehandlesync.o)
                              ../lib-artnet/lib_gd32/libartnet.a(artnetnode.o) (ArtNetNode::HandleSync())
../lib-artnet/lib_gd32/libartnet.a(artnetnodehandletimecode.o)
                              ../lib-artnet/lib_gd32/libartnet.a(artnetnode.o) (ArtNetNode::HandleTimeCode())
../lib-artnet/lib_gd32/libartnet.a(artnetnodehandletimesync.o)
                              ../lib-artnet/lib_gd32/libartnet.a(artnetnode.o) (ArtNetNode::HandleTimeSync())
../lib-artnet/lib_gd32/libartnet.a(artnetnodeprint.o)
                              ../lib-artnet4/lib_gd32/libartnet4.a(artnet4node.o) (ArtNetNode::Print())
../lib-artnet/lib_gd32/libartnet.a(artnetparams.o)
                              build_gd32/firmware/main.o (ArtNetParams::ArtNetParams(ArtNetParamsStore*))
../lib-artnet/lib_gd32/libartnet.a(artnetparamsconst.o)
[...]
Memory Configuration

Name             Origin             Length             Attributes
FLASH            0x0000000008007000 0x000000000001a800 xr
RAM              0x0000000020000000 0x0000000000020000 xrw
*default*        0x0000000000000000 0xffffffffffffffff

Linker script and memory map

LOAD build_gd32/startup_gd32f20x_cl.o
LOAD build_gd32/firmware/main.o
LOAD build_gd32/lib/dmxinput.o
LOAD build_gd32/lib/rdmsoftwareversion.o
                0x0000000000001800                __heap_size = DEFINED (__heap_size)?__heap_size:0x1800
                0x0000000000002800                __stack_size = DEFINED (__stack_size)?__stack_size:0x2800

.vectors        0x0000000008007000      0x1a8
                0x0000000008007000                . = ALIGN (0x4)
 *(.vectors)
 .vectors       0x0000000008007000      0x1a8 build_gd32/startup_gd32f20x_cl.o
                0x0000000008007000                __gVectors
                0x00000000080071a8                . = ALIGN (0x4)
                0x00000000080071a8                __Vectors_End = .
                0x00000000080071a8                __Vectors_Size = (__Vectors_End - __gVectors)

.text           0x00000000080071a8    0x105ec
                0x00000000080071a8                . = ALIGN (0x4)
 *(.text.unlikely*)
 .text.unlikely.net_init
                0x00000000080071a8       0xa0 ../lib-network/lib_gd32/libnetwork.a(net.o)
                0x00000000080071a8                net_init
 .text.unlikely.net_shutdown
                0x0000000008007248       0x1c ../lib-network/lib_gd32/libnetwork.a(net.o)
                0x0000000008007248                net_shutdown
 .text.unlikely.rfc3927_init
                0x0000000008007264       0x18 ../lib-network/lib_gd32/libnetwork.a(rfc3927.o)
                0x0000000008007264                rfc3927_init
 .text.unlikely.tcp_init
                0x000000000800727c       0x44 ../lib-network/lib_gd32/libnetwork.a(tcp.o)
                0x000000000800727c                tcp_init
 .text.unlikely.udp_init
                0x00000000080072c0       0x58 ../lib-network/lib_gd32/libnetwork.a(udp.o)
                0x00000000080072c0                udp_init
 .text.unlikely.udp_shutdown
                0x0000000008007318        0x2 ../lib-network/lib_gd32/libnetwork.a(udp.o)
                0x0000000008007318                udp_shutdown
 *fill*         0x000000000800731a        0x2 
 .text.unlikely.arp_init
                0x000000000800731c       0xf8 ../lib-network/lib_gd32/libnetwork.a(arp.o)
                0x000000000800731c                arp_init
 .text.unlikely.arp_cache_init
                0x0000000008007414       0x34 ../lib-network/lib_gd32/libnetwork.a(arp_cache.o)
                0x0000000008007414                arp_cache_init
 .text.unlikely.igmp_init
                0x0000000008007448       0xc4 ../lib-network/lib_gd32/libnetwork.a(igmp.o)
                0x0000000008007448                igmp_init
 .text.unlikely.igmp_shutdown
                0x000000000800750c       0x28 ../lib-network/lib_gd32/libnetwork.a(igmp.o)
                0x000000000800750c                igmp_shutdown
 .text.unlikely.ip_init
                0x0000000008007534       0x16 ../lib-network/lib_gd32/libnetwork.a(ip.o)
                0x0000000008007534                ip_init
 .text.unlikely.ip_shutdown
                0x000000000800754a        0xe ../lib-network/lib_gd32/libnetwork.a(ip.o)
                0x000000000800754a                ip_shutdown
 .text.unlikely.console_init
                0x0000000008007558       0x20 ../lib-hal/lib_gd32/libhal.a(console_uart0.o)
                0x0000000008007558                console_init
 *(.text.hot*)
 .text.hot.net_handle
                0x0000000008007578       0x38 ../lib-network/lib_gd32/libnetwork.a(net.o)
                0x0000000008007578                net_handle
 .text.hot.tcp_handle
                0x00000000080075b0      0x360 ../lib-network/lib_gd32/libnetwork.a(tcp.o)
                0x00000000080075b0                tcp_handle
 .text.hot.udp_handle
                0x0000000008007910       0xa8 ../lib-network/lib_gd32/libnetwork.a(udp.o)
                0x0000000008007910                udp_handle
 .text.hot.arp_handle
                0x00000000080079b8       0x18 ../lib-network/lib_gd32/libnetwork.a(arp.o)
                0x00000000080079b8                arp_handle
 .text.hot.igmp_handle
                0x00000000080079d0       0xa0 ../lib-network/lib_gd32/libnetwork.a(igmp.o)
                0x00000000080079d0                igmp_handle
 .text.hot.ip_handle
                0x0000000008007a70       0x32 ../lib-network/lib_gd32/libnetwork.a(ip.o)
                0x0000000008007a70                ip_handle
 *fill*         0x0000000008007aa2        0x2 
 .text.hot.icmp_handle
                0x0000000008007aa4       0x98 ../lib-network/lib_gd32/libnetwork.a(icmp.o)
                0x0000000008007aa4                icmp_handle
 *(.text)
 .text          0x0000000008007b3c      0x378 /Users/arjanvanvught/Library/xPacks/@xpack-dev-tools/arm-none-eabi-gcc/11.3.1-1.1.2/.content/bin/../lib/gcc/arm-none-eabi/11.3.1/thumb/v7-m/nofp/libgcc.a(_arm_addsubdf3.o)
                0x0000000008007b3c                __aeabi_drsub
                0x0000000008007b44                __subdf3
                0x0000000008007b44                __aeabi_dsub
                0x0000000008007b48                __aeabi_dadd
                0x0000000008007b48                __adddf3
                0x0000000008007dc0                __aeabi_ui2d
                0x0000000008007dc0                __floatunsidf
                0x0000000008007de0                __floatsidf
                0x0000000008007de0                __aeabi_i2d
                0x0000000008007e04                __extendsfdf2
                0x0000000008007e04                __aeabi_f2d
                0x0000000008007e48                __aeabi_ul2d
                0x0000000008007e48                __floatundidf
                0x0000000008007e58                __aeabi_l2d
                0x0000000008007e58                __floatdidf
 .text          0x0000000008007eb4       0xa0 /Users/arjanvanvught/Library/xPacks/@xpack-dev-tools/arm-none-eabi-gcc/11.3.1-1.1.2/.content/bin/../lib/gcc/arm-none-eabi/11.3.1/thumb/v7-m/nofp/libgcc.a(_arm_truncdfsf2.o)
                0x0000000008007eb4                __aeabi_d2f
                0x0000000008007eb4                __truncdfsf2
 .text          0x0000000008007f54      0x21c /Users/arjanvanvught/Library/xPacks/@xpack-dev-tools/arm-none-eabi-gcc/11.3.1-1.1.2/.content/bin/../lib/gcc/arm-none-eabi/11.3.1/thumb/v7-m/nofp/libgcc.a(_arm_addsubsf3.o)
                0x0000000008007f54                __aeabi_frsub
                0x0000000008007f5c                __aeabi_fsub
                0x0000000008007f5c                __subsf3
                0x0000000008007f60                __aeabi_fadd
                0x0000000008007f60                __addsf3
                0x00000000080080c0                __aeabi_ui2f
                0x00000000080080c0                __floatunsisf
                0x00000000080080c8                __floatsisf
                0x00000000080080c8                __aeabi_i2f
                0x00000000080080e4                __aeabi_ul2f
                0x00000000080080e4                __floatundisf
                0x00000000080080f4                __aeabi_l2f
                0x00000000080080f4                __floatdisf
 .text          0x0000000008008170      0x2a0 /Users/arjanvanvught/Library/xPacks/@xpack-dev-tools/arm-none-eabi-gcc/11.3.1-1.1.2/.content/bin/../lib/gcc/arm-none-eabi/11.3.1/thumb/v7-m/nofp/libgcc.a(_arm_muldivsf3.o)
                0x0000000008008170                __mulsf3
                0x0000000008008170                __aeabi_fmul
                0x00000000080082d8                __divsf3
                0x00000000080082d8                __aeabi_fdiv
 .text          0x0000000008008410       0xec /Users/arjanvanvught/Library/xPacks/@xpack-dev-tools/arm-none-eabi-gcc/11.3.1-1.1.2/.content/bin/../lib/gcc/arm-none-eabi/11.3.1/thumb/v7-m/nofp/libgcc.a(_arm_cmpsf2.o)
                0x0000000008008410                __gesf2
                0x0000000008008410                __gtsf2
                0x0000000008008418                __ltsf2
                0x0000000008008418                __lesf2
                0x0000000008008420                __nesf2
                0x0000000008008420                __eqsf2
                0x0000000008008420                __cmpsf2
                0x0000000008008480                __aeabi_cfrcmple
                0x0000000008008488                __aeabi_cfcmpeq
                0x0000000008008488                __aeabi_cfcmple
                0x0000000008008498                __aeabi_fcmpeq
                0x00000000080084ac                __aeabi_fcmplt
                0x00000000080084c0                __aeabi_fcmple
                0x00000000080084d4                __aeabi_fcmpge
                0x00000000080084e8                __aeabi_fcmpgt
 .text          0x00000000080084fc       0x4c /Users/arjanvanvught/Library/xPacks/@xpack-dev-tools/arm-none-eabi-gcc/11.3.1-1.1.2/.content/bin/../lib/gcc/arm-none-eabi/11.3.1/thumb/v7-m/nofp/libgcc.a(_arm_fixsfsi.o)
                0x00000000080084fc                __fixsfsi
                0x00000000080084fc                __aeabi_f2iz
 .text          0x0000000008008548       0x30 /Users/arjanvanvught/Library/xPacks/@xpack-dev-tools/arm-none-eabi-gcc/11.3.1-1.1.2/.content/bin/../lib/gcc/arm-none-eabi/11.3.1/thumb/v7-m/nofp/libgcc.a(_aeabi_uldivmod.o)
                0x0000000008008548                __aeabi_uldivmod
 .text          0x0000000008008578        0x4 /Users/arjanvanvught/Library/xPacks/@xpack-dev-tools/arm-none-eabi-gcc/11.3.1-1.1.2/.content/bin/../lib/gcc/arm-none-eabi/11.3.1/thumb/v7-m/nofp/libgcc.a(_dvmd_tls.o)
                0x0000000008008578                __aeabi_ldiv0
                0x0000000008008578                __aeabi_idiv0
 *(.text*)
 .text.Reset_Handler
                0x000000000800857c       0x44 build_gd32/startup_gd32f20x_cl.o
                0x000000000800857c                Reset_Handler
 .text.Default_Handler
                0x00000000080085c0        0x2 build_gd32/startup_gd32f20x_cl.o
                0x00000000080085c0                ENET_IRQHandler
                0x00000000080085c0                TIMER5_IRQHandler
                0x00000000080085c0                DebugMon_Handler
                0x00000000080085c0                LVD_IRQHandler
                0x00000000080085c0                CAN1_EWMC_IRQHandler
                0x00000000080085c0                HardFault_Handler
                0x00000000080085c0                TIMER7_UP_TIMER12_IRQHandler
                0x00000000080085c0                ADC0_1_IRQHandler
                0x00000000080085c0                SDIO_IRQHandler
                0x00000000080085c0                PendSV_Handler
                0x00000000080085c0                NMI_Handler
                0x00000000080085c0                EXTI3_IRQHandler
                0x00000000080085c0                DCI_IRQHandler
                0x00000000080085c0                USBFS_WKUP_IRQHandler
                0x00000000080085c0                TIMER0_TRG_CMT_TIMER10_IRQHandler
                0x00000000080085c0                USBFS_IRQHandler
                0x00000000080085c0                DMA0_Channel6_IRQHandler
                0x00000000080085c0                I2C0_EV_IRQHandler
                0x00000000080085c0                EXTI0_IRQHandler
                0x00000000080085c0                I2C2_EV_IRQHandler
                0x00000000080085c0                CAU_IRQHandler
                0x00000000080085c0                CAN1_RX0_IRQHandler
                0x00000000080085c0                TIMER7_TRG_CMT_TIMER13_IRQHandler
                0x00000000080085c0                UsageFault_Handler
                0x00000000080085c0                TIMER4_IRQHandler
                0x00000000080085c0                SPI1_IRQHandler
                0x00000000080085c0                DMA0_Channel0_IRQHandler
                0x00000000080085c0                USART5_IRQHandler
                0x00000000080085c0                TAMPER_IRQHandler
                0x00000000080085c0                TIMER0_BRK_TIMER8_IRQHandler
                0x00000000080085c0                DMA1_Channel0_IRQHandler
                0x00000000080085c0                TIMER7_BRK_TIMER11_IRQHandler
                0x00000000080085c0                DMA1_Channel4_IRQHandler
                0x00000000080085c0                DMA0_Channel3_IRQHandler
                0x00000000080085c0                I2C0_ER_IRQHandler
                0x00000000080085c0                TLI_IRQHandler
                0x00000000080085c0                TIMER0_UP_TIMER9_IRQHandler
                0x00000000080085c0                RTC_IRQHandler
                0x00000000080085c0                CAN1_RX1_IRQHandler
                0x00000000080085c0                DMA0_Channel2_IRQHandler
                0x00000000080085c0                USART0_IRQHandler
                0x00000000080085c0                I2C1_EV_IRQHandler
                0x00000000080085c0                DMA1_Channel6_IRQHandler
                0x00000000080085c0                EXTI10_15_IRQHandler
                0x00000000080085c0                DMA1_Channel1_IRQHandler
                0x00000000080085c0                Default_Handler
                0x00000000080085c0                TIMER7_Channel_IRQHandler
                0x00000000080085c0                CAN0_TX_IRQHandler
                0x00000000080085c0                WWDGT_IRQHandler
                0x00000000080085c0                EXMC_IRQHandler
                0x00000000080085c0                ADC2_IRQHandler
                0x00000000080085c0                SPI2_IRQHandler
                0x00000000080085c0                MemManage_Handler
                0x00000000080085c0                CAN1_TX_IRQHandler
                0x00000000080085c0                SVC_Handler
                0x00000000080085c0                HAU_TRNG_IRQHandler
                0x00000000080085c0                DMA1_Channel5_IRQHandler
                0x00000000080085c0                EXTI4_IRQHandler
                0x00000000080085c0                CAN0_RX1_IRQHandler
                0x00000000080085c0                DMA0_Channel5_IRQHandler
                0x00000000080085c0                DMA1_Channel3_IRQHandler
                0x00000000080085c0                EXTI5_9_IRQHandler
                0x00000000080085c0                RCU_IRQHandler
                0x00000000080085c0                DMA0_Channel1_IRQHandler
                0x00000000080085c0                TIMER0_Channel_IRQHandler
                0x00000000080085c0                EXTI1_IRQHandler
                0x00000000080085c0                ENET_WKUP_IRQHandler
                0x00000000080085c0                RTCAlarm_IRQHandler
                0x00000000080085c0                UART7_IRQHandler
                0x00000000080085c0                UART6_IRQHandler
                0x00000000080085c0                CAN0_EWMC_IRQHandler
                0x00000000080085c0                CAN0_RX0_IRQHandler
                0x00000000080085c0                I2C2_ER_IRQHandler
                0x00000000080085c0                DMA1_Channel2_IRQHandler
                0x00000000080085c0                TLI_ER_IRQHandler
                0x00000000080085c0                BusFault_Handler
                0x00000000080085c0                I2C1_ER_IRQHandler
                0x00000000080085c0                FMC_IRQHandler
                0x00000000080085c0                DMA0_Channel4_IRQHandler
                0x00000000080085c0                EXTI2_IRQHandler
 .text.memcmp   0x00000000080085c2       0x20 build_gd32/firmware/main.o
 .text._ZN14DisplayHandlerD2Ev
                0x00000000080085e2        0x2 build_gd32/firmware/main.o
                0x00000000080085e2                DisplayHandler::~DisplayHandler()
                0x00000000080085e2                DisplayHandler::~DisplayHandler()
 .text._ZN12dmxconfigudpL4atoiEPKcj
                0x00000000080085e4       0x24 build_gd32/firmware/main.o
 .text._ZN14DisplayHandlerD0Ev
                0x0000000008008608        0xc build_gd32/firmware/main.o
                0x0000000008008608                DisplayHandler::~DisplayHandler()
 .text._ZN7Display12SetCursorPosEhh.isra.0
                0x0000000008008614        0xa build_gd32/firmware/main.o
 .text._ZN7Display7PutCharEi.isra.0
                0x000000000800861e        0xa build_gd32/firmware/main.o
 .text._ZN14DisplayHandler5PrintEj
                0x0000000008008628       0x50 build_gd32/firmware/main.o
                0x0000000008008628                DisplayHandler::Print(unsigned int)
 .text._ZN7Display10TextStatusEPKc
                0x0000000008008678       0x6a build_gd32/firmware/main.o
                0x0000000008008678                Display::TextStatus(char const*)
 .text._ZN7Display10TextStatusEPKc22Display7SegmentMessagej
                0x00000000080086e2       0x50 build_gd32/firmware/main.o
                0x00000000080086e2                Display::TextStatus(char const*, Display7SegmentMessage, unsigned int)
 *fill*         0x0000000008008732        0x2 
 .text._ZN7Display8SetSleepEb
                0x0000000008008734       0x20 build_gd32/firmware/main.o
                0x0000000008008734                Display::SetSleep(bool)
 .text._ZN7display7timeout9gpio_initEv
                0x0000000008008754       0x20 build_gd32/firmware/main.o
                0x0000000008008754                display::timeout::gpio_init()
 .text._ZN7display7timeout10gpio_renewEv
                0x0000000008008774       0x14 build_gd32/firmware/main.o
                0x0000000008008774                display::timeout::gpio_renew()
 .text._ZN9RDMDevice4InitEv
                0x0000000008008788       0x60 build_gd32/firmware/main.o
                0x0000000008008788                RDMDevice::Init()
 .text._ZN8Hardware13RebootHandlerEv
                0x00000000080087e8       0x20 build_gd32/firmware/main.o
                0x00000000080087e8                Hardware::RebootHandler()
 .text.startup.main
                0x0000000008008808      0x560 build_gd32/firmware/main.o
                0x0000000008008808                main
 .text._ZN8DmxInputD2Ev
                0x0000000008008d68        0x2 build_gd32/lib/dmxinput.o
                0x0000000008008d68                DmxInput::~DmxInput()
                0x0000000008008d68                DmxInput::~DmxInput()
 *fill*         0x0000000008008d6a        0x2 
 .text._ZN8DmxInput5StartEj
                0x0000000008008d6c       0x30 build_gd32/lib/dmxinput.o
                0x0000000008008d6c                DmxInput::Start(unsigned int)
 .text._ZN8DmxInput4StopEj
                0x0000000008008d9c       0x30 build_gd32/lib/dmxinput.o
                0x0000000008008d9c                DmxInput::Stop(unsigned int)
 .text._ZN8DmxInput7HandlerEjRjS0_
                0x0000000008008dcc       0x3c build_gd32/lib/dmxinput.o
                0x0000000008008dcc                DmxInput::Handler(unsigned int, unsigned int&, unsigned int&)
 .text._ZN8DmxInputD0Ev
                0x0000000008008e08        0xc build_gd32/lib/dmxinput.o
                0x0000000008008e08                DmxInput::~DmxInput()
 .text._ZN8DmxInputC2Ev
                0x0000000008008e14       0x20 build_gd32/lib/dmxinput.o
                0x0000000008008e14                DmxInput::DmxInput()
                0x0000000008008e14                DmxInput::DmxInput()
 .text._ZN12RemoteConfig10HandleListEv
                0x0000000008008e34       0xd0 ../lib-remoteconfig/lib_gd32/libremoteconfig.a(remoteconfig.o)
                0x0000000008008e34                RemoteConfig::HandleList()
 .text._ZN12RemoteConfig16HandleDisplayGetEv
                0x0000000008008f04       0x54 ../lib-remoteconfig/lib_gd32/libremoteconfig.a(remoteconfig.o)
                0x0000000008008f04                RemoteConfig::HandleDisplayGet()
 .text._ZN12RemoteConfig13HandleTftpGetEv
                0x0000000008008f58       0x50 ../lib-remoteconfig/lib_gd32/libremoteconfig.a(remoteconfig.o)
                0x0000000008008f58                RemoteConfig::HandleTftpGet()
 .text._ZN12RemoteConfig13HandleVersionEv
                0x0000000008008fa8       0x40 ../lib-remoteconfig/lib_gd32/libremoteconfig.a(remoteconfig.o)
                0x0000000008008fa8                RemoteConfig::HandleVersion()
 .text._ZN12RemoteConfig12HandleUptimeEv
                0x0000000008008fe8       0x4c ../lib-remoteconfig/lib_gd32/libremoteconfig.a(remoteconfig.o)
                0x0000000008008fe8                RemoteConfig::HandleUptime()
 .text._ZN7Display6StatusE22Display7SegmentMessage
                0x0000000008009034       0x36 ../lib-remoteconfig/lib_gd32/libremoteconfig.a(remoteconfig.o)
                0x0000000008009034                Display::Status(Display7SegmentMessage)
 *fill*         0x000000000800906a        0x2 
 .text._ZN12RemoteConfig16HandleDisplaySetEv
                0x000000000800906c       0x28 ../lib-remoteconfig/lib_gd32/libremoteconfig.a(remoteconfig.o)
                0x000000000800906c                RemoteConfig::HandleDisplaySet()
 .text._ZN12RemoteConfig13HandleTftpSetEv
                0x0000000008009094       0x68 ../lib-remoteconfig/lib_gd32/libremoteconfig.a(remoteconfig.o)
                0x0000000008009094                RemoteConfig::HandleTftpSet()
 .text._ZN12RemoteConfigC2EN12remoteconfig4NodeENS0_6OutputEj
                0x00000000080090fc       0x68 ../lib-remoteconfig/lib_gd32/libremoteconfig.a(remoteconfig.o)
                0x00000000080090fc                RemoteConfig::RemoteConfig(remoteconfig::Node, remoteconfig::Output, unsigned int)
                0x00000000080090fc                RemoteConfig::RemoteConfig(remoteconfig::Node, remoteconfig::Output, unsigned int)
 .text._ZNK12RemoteConfig13GetStringNodeEv
                0x0000000008009164       0x18 ../lib-remoteconfig/lib_gd32/libremoteconfig.a(remoteconfig.o)
                0x0000000008009164                RemoteConfig::GetStringNode() const
 .text._ZNK12RemoteConfig15GetStringOutputEv
                0x000000000800917c       0x18 ../lib-remoteconfig/lib_gd32/libremoteconfig.a(remoteconfig.o)
                0x000000000800917c                RemoteConfig::GetStringOutput() const
 .text._ZN12RemoteConfig10SetDisableEb
                0x0000000008009194       0x40 ../lib-remoteconfig/lib_gd32/libremoteconfig.a(remoteconfig.o)
                0x0000000008009194                RemoteConfig::SetDisable(bool)
 .text._ZN12RemoteConfig14SetDisplayNameEPKc
                0x00000000080091d4       0x30 ../lib-remoteconfig/lib_gd32/libremoteconfig.a(remoteconfig.o)
                0x00000000080091d4                RemoteConfig::SetDisplayName(char const*)
 .text._ZN12RemoteConfig9HandleGetEPvj
                0x0000000008009204       0xb8 ../lib-remoteconfig/lib_gd32/libremoteconfig.a(remoteconfig.o)
                0x0000000008009204                RemoteConfig::HandleGet(void*, unsigned int)
 .text._ZN12RemoteConfig17HandleGetNoParamsEv
                0x00000000080092bc        0x8 ../lib-remoteconfig/lib_gd32/libremoteconfig.a(remoteconfig.o)
                0x00000000080092bc                RemoteConfig::HandleGetNoParams()
 .text._ZN12RemoteConfig19HandleGetRconfigTxtERj
                0x00000000080092c4       0x2c ../lib-remoteconfig/lib_gd32/libremoteconfig.a(remoteconfig.o)
                0x00000000080092c4                RemoteConfig::HandleGetRconfigTxt(unsigned int&)
 .text._ZN12RemoteConfig19HandleGetNetworkTxtERj
                0x00000000080092f0       0x2c ../lib-remoteconfig/lib_gd32/libremoteconfig.a(remoteconfig.o)
                0x00000000080092f0                RemoteConfig::HandleGetNetworkTxt(unsigned int&)
 .text._ZN12RemoteConfig18HandleGetArtnetTxtERj
                0x000000000800931c       0x2c ../lib-remoteconfig/lib_gd32/libremoteconfig.a(remoteconfig.o)
                0x000000000800931c                RemoteConfig::HandleGetArtnetTxt(unsigned int&)
 .text._ZN12RemoteConfig16HandleGetE131TxtERj
                0x0000000008009348       0x2c ../lib-remoteconfig/lib_gd32/libremoteconfig.a(remoteconfig.o)
                0x0000000008009348                RemoteConfig::HandleGetE131Txt(unsigned int&)
 .text._ZN12RemoteConfig18HandleGetParamsTxtERj
                0x0000000008009374       0x2c ../lib-remoteconfig/lib_gd32/libremoteconfig.a(remoteconfig.o)
                0x0000000008009374                RemoteConfig::HandleGetParamsTxt(unsigned int&)
 .text._ZN12RemoteConfig19HandleGetDisplayTxtERj
                0x00000000080093a0       0x2c ../lib-remoteconfig/lib_gd32/libremoteconfig.a(remoteconfig.o)
                0x00000000080093a0                RemoteConfig::HandleGetDisplayTxt(unsigned int&)
 .text._ZN12RemoteConfig9HandleSetEPvj
                0x00000000080093cc       0x84 ../lib-remoteconfig/lib_gd32/libremoteconfig.a(remoteconfig.o)
                0x00000000080093cc                RemoteConfig::HandleSet(void*, unsigned int)
 .text._ZN12RemoteConfig3RunEv
                0x0000000008009450      0x13c ../lib-remoteconfig/lib_gd32/libremoteconfig.a(remoteconfig.o)
                0x0000000008009450                RemoteConfig::Run()
 .text._ZN12RemoteConfig16HandleSetRconfigEv
                0x000000000800958c       0x30 ../lib-remoteconfig/lib_gd32/libremoteconfig.a(remoteconfig.o)
                0x000000000800958c                RemoteConfig::HandleSetRconfig()
 .text._ZN12RemoteConfig19HandleSetNetworkTxtEv
                0x00000000080095bc       0x28 ../lib-remoteconfig/lib_gd32/libremoteconfig.a(remoteconfig.o)
                0x00000000080095bc                RemoteConfig::HandleSetNetworkTxt()
 .text._ZN12RemoteConfig18HandleSetArtnetTxtEv
                0x00000000080095e4       0x28 ../lib-remoteconfig/lib_gd32/libremoteconfig.a(remoteconfig.o)
                0x00000000080095e4                RemoteConfig::HandleSetArtnetTxt()
 .text._ZN12RemoteConfig16HandleSetE131TxtEv
                0x000000000800960c       0x28 ../lib-remoteconfig/lib_gd32/libremoteconfig.a(remoteconfig.o)
                0x000000000800960c                RemoteConfig::HandleSetE131Txt()
 .text._ZN12RemoteConfig18HandleSetParamsTxtEv
                0x0000000008009634       0x28 ../lib-remoteconfig/lib_gd32/libremoteconfig.a(remoteconfig.o)
                0x0000000008009634                RemoteConfig::HandleSetParamsTxt()
 .text._ZN12RemoteConfig19HandleSetDisplayTxtEv
                0x000000000800965c       0x28 ../lib-remoteconfig/lib_gd32/libremoteconfig.a(remoteconfig.o)
                0x000000000800965c                RemoteConfig::HandleSetDisplayTxt()
 .text._ZN12RemoteConfig13HandleFactoryEv
                0x0000000008009684       0x1c ../lib-remoteconfig/lib_gd32/libremoteconfig.a(remoteconfigfactory.o)
                0x0000000008009684                RemoteConfig::HandleFactory()
 .text._ZN17PropertiesBuilder3AddEPKcb.isra.0
                0x00000000080096a0       0x50 ../lib-remoteconfig/lib_gd32/libremoteconfig.a(remoteconfigparams.o)
 .text._ZN18RemoteConfigParamsC2EP23RemoteConfigParamsStore
                0x00000000080096f0       0x14 ../lib-remoteconfig/lib_gd32/libremoteconfig.a(remoteconfigparams.o)
                0x00000000080096f0                RemoteConfigParams::RemoteConfigParams(RemoteConfigParamsStore*)
                0x00000000080096f0                RemoteConfigParams::RemoteConfigParams(RemoteConfigParamsStore*)
 .text._ZN18RemoteConfigParams4LoadEv
                0x0000000008009704       0x18 ../lib-remoteconfig/lib_gd32/libremoteconfig.a(remoteconfigparams.o)
                0x0000000008009704                RemoteConfigParams::Load()
 .text._ZN18RemoteConfigParams4LoadEPKcj
                0x000000000800971c       0x3c ../lib-remoteconfig/lib_gd32/libremoteconfig.a(remoteconfigparams.o)
                0x000000000800971c                RemoteConfigParams::Load(char const*, unsigned int)
 .text._ZN18RemoteConfigParams7SetBoolEhj
                0x0000000008009758       0x10 ../lib-remoteconfig/lib_gd32/libremoteconfig.a(remoteconfigparams.o)
                0x0000000008009758                RemoteConfigParams::SetBool(unsigned char, unsigned int)
 .text._ZN18RemoteConfigParams16callbackFunctionEPKc
                0x0000000008009768       0xac ../lib-remoteconfig/lib_gd32/libremoteconfig.a(remoteconfigparams.o)
                0x0000000008009768                RemoteConfigParams::callbackFunction(char const*)
 .text._ZN18RemoteConfigParams22staticCallbackFunctionEPvPKc
                0x0000000008009814        0x4 ../lib-remoteconfig/lib_gd32/libremoteconfig.a(remoteconfigparams.o)
                0x0000000008009814                RemoteConfigParams::staticCallbackFunction(void*, char const*)
 .text._ZN18RemoteConfigParams7BuilderEPK19TRemoteConfigParamsPcjRj
                0x0000000008009818      0x120 ../lib-remoteconfig/lib_gd32/libremoteconfig.a(remoteconfigparams.o)
                0x0000000008009818                RemoteConfigParams::Builder(TRemoteConfigParams const*, char*, unsigned int, unsigned int&)
 .text._ZN18RemoteConfigParams4SaveEPcjRj
                0x0000000008009938       0x1a ../lib-remoteconfig/lib_gd32/libremoteconfig.a(remoteconfigparams.o)
                0x0000000008009938                RemoteConfigParams::Save(char*, unsigned int, unsigned int&)
 .text._ZN18RemoteConfigParams3SetEP12RemoteConfig
                0x0000000008009952       0x40 ../lib-remoteconfig/lib_gd32/libremoteconfig.a(remoteconfigparams.o)
                0x0000000008009952                RemoteConfigParams::Set(RemoteConfig*)
 .text._ZN18RemoteConfigParams4DumpEv
                0x0000000008009992        0x2 ../lib-remoteconfig/lib_gd32/libremoteconfig.a(remoteconfigparamsdump.o)
                0x0000000008009992                RemoteConfigParams::Dump()
 .text._ZN12RemoteConfig12HandleRebootEv
                0x0000000008009994       0xa4 ../lib-remoteconfig/lib_gd32/libremoteconfig.a(remoteconfigreboot.o)
                0x0000000008009994                RemoteConfig::HandleReboot()
 .text._ZN12RemoteConfig8GetIndexEPKvRj
                0x0000000008009a38       0x54 ../lib-remoteconfig/lib_gd32/libremoteconfig.a(remoteconfigstatic.o)
                0x0000000008009a38                RemoteConfig::GetIndex(void const*, unsigned int&)
 .text._ZN12RemoteConfig21PlatformHandleTftpSetEv
                0x0000000008009a8c       0x10 ../lib-remoteconfig/lib_gd32/libremoteconfig.a(remoteconfig.o)
                0x0000000008009a8c                RemoteConfig::PlatformHandleTftpSet()
 .text._ZN12RemoteConfig21PlatformHandleTftpGetEv
                0x0000000008009a9c       0x1a ../lib-remoteconfig/lib_gd32/libremoteconfig.a(remoteconfig.o)
                0x0000000008009a9c                RemoteConfig::PlatformHandleTftpGet()
 .text.strcmp   0x0000000008009ab6       0x1a ../lib-remoteconfig/lib_gd32/libremoteconfig.a(httd.o)
 .text.strcasecmp
                0x0000000008009ad0       0x34 ../lib-remoteconfig/lib_gd32/libremoteconfig.a(httd.o)
 .text._ZN16PropertiesConfig10EnableJSONEb
                0x0000000008009b04       0x18 ../lib-remoteconfig/lib_gd32/libremoteconfig.a(httd.o)
                0x0000000008009b04                PropertiesConfig::EnableJSON(bool)
 .text._ZN10HttpDaemonC2Ev
                0x0000000008009b1c       0x28 ../lib-remoteconfig/lib_gd32/libremoteconfig.a(httd.o)
                0x0000000008009b1c                HttpDaemon::HttpDaemon()
                0x0000000008009b1c                HttpDaemon::HttpDaemon()
 .text._ZN10HttpDaemon5StartEv
                0x0000000008009b44       0x18 ../lib-remoteconfig/lib_gd32/libremoteconfig.a(httd.o)
                0x0000000008009b44                HttpDaemon::Start()
 .text._ZN10HttpDaemon11ParseMethodEPc
                0x0000000008009b5c       0x8c ../lib-remoteconfig/lib_gd32/libremoteconfig.a(httd.o)
                0x0000000008009b5c                HttpDaemon::ParseMethod(char*)
 .text._ZN10HttpDaemon16ParseHeaderFieldEPc
                0x0000000008009be8       0x94 ../lib-remoteconfig/lib_gd32/libremoteconfig.a(httd.o)
                0x0000000008009be8                HttpDaemon::ParseHeaderField(char*)
 .text._ZN10HttpDaemon12ParseRequestEv
                0x0000000008009c7c       0x6c ../lib-remoteconfig/lib_gd32/libremoteconfig.a(httd.o)
                0x0000000008009c7c                HttpDaemon::ParseRequest()
 .text._ZN10HttpDaemon12HandleGetTxtEv
                0x0000000008009ce8       0x88 ../lib-remoteconfig/lib_gd32/libremoteconfig.a(httd.o)
                0x0000000008009ce8                HttpDaemon::HandleGetTxt()
 .text._ZN10HttpDaemon9HandleGetEv
                0x0000000008009d70      0x14c ../lib-remoteconfig/lib_gd32/libremoteconfig.a(httd.o)
                0x0000000008009d70                HttpDaemon::HandleGet()
 .text._ZN10HttpDaemon10HandlePostEb
                0x0000000008009ebc      0x160 ../lib-remoteconfig/lib_gd32/libremoteconfig.a(httd.o)
                0x0000000008009ebc                HttpDaemon::HandlePost(bool)
 .text._ZN10HttpDaemon3RunEv
                0x000000000800a01c      0x158 ../lib-remoteconfig/lib_gd32/libremoteconfig.a(httd.o)
                0x000000000800a01c                HttpDaemon::Run()
 .text._ZN12remoteconfig13json_get_listEPct
                0x000000000800a174       0x68 ../lib-remoteconfig/lib_gd32/libremoteconfig.a(remoteconfigjson.o)
                0x000000000800a174                remoteconfig::json_get_list(char*, unsigned short)
 .text._ZN12remoteconfig16json_get_versionEPct
                0x000000000800a1dc       0x38 ../lib-remoteconfig/lib_gd32/libremoteconfig.a(remoteconfigjson.o)
                0x000000000800a1dc                remoteconfig::json_get_version(char*, unsigned short)
 .text._ZN12remoteconfig15json_get_uptimeEPct
                0x000000000800a214       0x20 ../lib-remoteconfig/lib_gd32/libremoteconfig.a(remoteconfigjson.o)
                0x000000000800a214                remoteconfig::json_get_uptime(char*, unsigned short)
 .text._ZN12remoteconfig16json_get_displayEPct
                0x000000000800a234       0x20 ../lib-remoteconfig/lib_gd32/libremoteconfig.a(remoteconfigjson.o)
                0x000000000800a234                remoteconfig::json_get_display(char*, unsigned short)
 .text._ZN12remoteconfig18json_get_directoryEPct
                0x000000000800a254       0x10 ../lib-remoteconfig/lib_gd32/libremoteconfig.a(remoteconfigjson.o)
                0x000000000800a254                remoteconfig::json_get_directory(char*, unsigned short)
 .text._Z16get_file_contentPKcPc
                0x000000000800a264       0x4c ../lib-remoteconfig/lib_gd32/libremoteconfig.a(get_file_content.o)
                0x000000000800a264                get_file_content(char const*, char*)
 .text._ZN11ArtNet4Node15IsStatusChangedEv
                0x000000000800a2b0       0x10 ../lib-artnet4/lib_gd32/libartnet4.a(artnet4node.o)
                0x000000000800a2b0                ArtNet4Node::IsStatusChanged()
 .text._ZN11ArtNet4Node7SetPortEjN8lightset7PortDirE
                0x000000000800a2c0       0x5e ../lib-artnet4/lib_gd32/libartnet4.a(artnet4node.o)
                0x000000000800a2c0                ArtNet4Node::SetPort(unsigned int, lightset::PortDir)
 *fill*         0x000000000800a31e        0x2 
 .text._ZN11ArtNet4Node15SetLedBlinkModeEN8ledblink4ModeE
                0x000000000800a320       0x18 ../lib-artnet4/lib_gd32/libartnet4.a(artnet4node.o)
                0x000000000800a320                ArtNet4Node::SetLedBlinkMode(ledblink::Mode)
 .text._ZN11ArtNet4NodeD2Ev
                0x000000000800a338       0x20 ../lib-artnet4/lib_gd32/libartnet4.a(artnet4node.o)
                0x000000000800a338                ArtNet4Node::~ArtNet4Node()
                0x000000000800a338                ArtNet4Node::~ArtNet4Node()
 .text._ZN11ArtNet4NodeD0Ev
                0x000000000800a358       0x12 ../lib-artnet4/lib_gd32/libartnet4.a(artnet4node.o)
                0x000000000800a358                ArtNet4Node::~ArtNet4Node()
 .text._ZN11ArtNet4Node9GetStatusEj
                0x000000000800a36a       0x38 ../lib-artnet4/lib_gd32/libartnet4.a(artnet4node.o)
                0x000000000800a36a                ArtNet4Node::GetStatus(unsigned int)
 *fill*         0x000000000800a3a2        0x2 
 .text._ZN11ArtNet4Node13HandleAddressEh
                0x000000000800a3a4      0x130 ../lib-artnet4/lib_gd32/libartnet4.a(artnet4node.o)
                0x000000000800a3a4                ArtNet4Node::HandleAddress(unsigned char)
 .text._ZN11ArtNet4NodeC2Ev
                0x000000000800a4d4       0x20 ../lib-artnet4/lib_gd32/libartnet4.a(artnet4node.o)
                0x000000000800a4d4                ArtNet4Node::ArtNet4Node()
                0x000000000800a4d4                ArtNet4Node::ArtNet4Node()
 .text._ZN11ArtNet4Node5StartEv
                0x000000000800a4f4       0x62 ../lib-artnet4/lib_gd32/libartnet4.a(artnet4node.o)
                0x000000000800a4f4                ArtNet4Node::Start()
 .text._ZN11ArtNet4Node3RunEv
                0x000000000800a556       0x1e ../lib-artnet4/lib_gd32/libartnet4.a(artnet4node.o)
                0x000000000800a556                ArtNet4Node::Run()
 .text._ZN11ArtNet4Node5PrintEv
                0x000000000800a574       0x30 ../lib-artnet4/lib_gd32/libartnet4.a(artnet4node.o)
                0x000000000800a574                ArtNet4Node::Print()
 .text.strncpy.isra.0
                0x000000000800a5a4       0x1e ../lib-artnet/lib_gd32/libartnet.a(artnetnode.o)
 .text.memcpy.isra.0
                0x000000000800a5c2       0x14 ../lib-artnet/lib_gd32/libartnet.a(artnetnode.o)
 .text._ZN10ArtNetNodeD2Ev
                0x000000000800a5d6        0x2 ../lib-artnet/lib_gd32/libartnet.a(artnetnode.o)
                0x000000000800a5d6                ArtNetNode::~ArtNetNode()
                0x000000000800a5d6                ArtNetNode::~ArtNetNode()
 .text._ZN10ArtNetNode5StartEv
                0x000000000800a5d8       0xb8 ../lib-artnet/lib_gd32/libartnet.a(artnetnode.o)
                0x000000000800a5d8                ArtNetNode::Start()
 .text._ZN10ArtNetNode4StopEv
                0x000000000800a690       0x9c ../lib-artnet/lib_gd32/libartnet.a(artnetnode.o)
                0x000000000800a690                ArtNetNode::Stop()
 .text._ZN10ArtNetNode12SetShortNameEPKc
                0x000000000800a72c       0x42 ../lib-artnet/lib_gd32/libartnet.a(artnetnode.o)
                0x000000000800a72c                ArtNetNode::SetShortName(char const*)
 .text._ZN10ArtNetNode11SetLongNameEPKc
                0x000000000800a76e       0x42 ../lib-artnet/lib_gd32/libartnet.a(artnetnode.o)
                0x000000000800a76e                ArtNetNode::SetLongName(char const*)
 .text._ZN10ArtNetNodeC2Ev
                0x000000000800a7b0      0x170 ../lib-artnet/lib_gd32/libartnet.a(artnetnode.o)
                0x000000000800a7b0                ArtNetNode::ArtNetNode()
                0x000000000800a7b0                ArtNetNode::ArtNetNode()
 .text._ZN10ArtNetNode27SetNetworkDataLossConditionEv
                0x000000000800a920       0x80 ../lib-artnet/lib_gd32/libartnet.a(artnetnode.o)
                0x000000000800a920                ArtNetNode::SetNetworkDataLossCondition()
 .text._ZN10ArtNetNode7GetTypeEv
                0x000000000800a9a0       0x50 ../lib-artnet/lib_gd32/libartnet.a(artnetnode.o)
                0x000000000800a9a0                ArtNetNode::GetType()
 .text._ZN10ArtNetNode3RunEv
                0x000000000800a9f0      0x1bc ../lib-artnet/lib_gd32/libartnet.a(artnetnode.o)
                0x000000000800a9f0                ArtNetNode::Run()
 .text._ZNK10ArtNetNode14GetPortAddressEjRtN8lightset7PortDirE
                0x000000000800abac       0x2c ../lib-artnet/lib_gd32/libartnet.a(artnetnodegetportaddress.o)
                0x000000000800abac                ArtNetNode::GetPortAddress(unsigned int, unsigned short&, lightset::PortDir) const
 .text._ZN10ArtNetNode15MakePortAddressEtj
                0x000000000800abd8       0x20 ../lib-artnet/lib_gd32/libartnet.a(artnetnodehandleaddress.o)
                0x000000000800abd8                ArtNetNode::MakePortAddress(unsigned short, unsigned int)
 .text._ZN10ArtNetNode17SetUniverseSwitchEjN8lightset7PortDirEh
                0x000000000800abf8      0x154 ../lib-artnet/lib_gd32/libartnet.a(artnetnodehandleaddress.o)
                0x000000000800abf8                ArtNetNode::SetUniverseSwitch(unsigned int, lightset::PortDir, unsigned char)
 .text._ZNK10ArtNetNode17GetUniverseSwitchEjRhN8lightset7PortDirE
                0x000000000800ad4c       0x30 ../lib-artnet/lib_gd32/libartnet.a(artnetnodehandleaddress.o)
                0x000000000800ad4c                ArtNetNode::GetUniverseSwitch(unsigned int, unsigned char&, lightset::PortDir) const
 .text._ZN10ArtNetNode15SetSubnetSwitchEhj
                0x000000000800ad7c       0x64 ../lib-artnet/lib_gd32/libartnet.a(artnetnodehandleaddress.o)
                0x000000000800ad7c                ArtNetNode::SetSubnetSwitch(unsigned char, unsigned int)
 .text._ZN10ArtNetNode12SetNetSwitchEhj
                0x000000000800ade0       0x64 ../lib-artnet/lib_gd32/libartnet.a(artnetnodehandleaddress.o)
                0x000000000800ade0                ArtNetNode::SetNetSwitch(unsigned char, unsigned int)
 .text._ZN10ArtNetNode15SetPortProtocolEjN6artnet12PortProtocolE
                0x000000000800ae44       0x4e ../lib-artnet/lib_gd32/libartnet.a(artnetnodehandleaddress.o)
                0x000000000800ae44                ArtNetNode::SetPortProtocol(unsigned int, artnet::PortProtocol)
 .text._ZN10ArtNetNode12SetMergeModeEjN8lightset9MergeModeE
                0x000000000800ae92       0x4e ../lib-artnet/lib_gd32/libartnet.a(artnetnodehandleaddress.o)
                0x000000000800ae92                ArtNetNode::SetMergeMode(unsigned int, lightset::MergeMode)
 .text._ZN10ArtNetNode11SetFailSafeEN10artnetnode8FailSafeE
                0x000000000800aee0       0x52 ../lib-artnet/lib_gd32/libartnet.a(artnetnodehandleaddress.o)
                0x000000000800aee0                ArtNetNode::SetFailSafe(artnetnode::FailSafe)
 *fill*         0x000000000800af32        0x2 
 .text._ZN10ArtNetNode13HandleAddressEv
                0x000000000800af34      0x274 ../lib-artnet/lib_gd32/libartnet.a(artnetnodehandleaddress.o)
                0x000000000800af34                ArtNetNode::HandleAddress()
 .text._ZN8lightset4Data13IMergeSourceAEjPKhjNS_9MergeModeE.part.0
                0x000000000800b1a8       0x28 ../lib-artnet/lib_gd32/libartnet.a(artnetnodehandledmx.o)
 .text.memcpy.isra.0
                0x000000000800b1d0       0x14 ../lib-artnet/lib_gd32/libartnet.a(artnetnodehandledmx.o)
 .text._ZN8lightset4Data3GetEv
                0x000000000800b1e4       0x18 ../lib-artnet/lib_gd32/libartnet.a(artnetnodehandledmx.o)
                0x000000000800b1e4                lightset::Data::Get()
 .text._ZN8lightset4Data10SetSourceAEjPKhj
                0x000000000800b1fc       0x3a ../lib-artnet/lib_gd32/libartnet.a(artnetnodehandledmx.o)
                0x000000000800b1fc                lightset::Data::SetSourceA(unsigned int, unsigned char const*, unsigned int)
 .text._ZN8lightset4Data12MergeSourceAEjPKhjNS_9MergeModeE
                0x000000000800b236       0x52 ../lib-artnet/lib_gd32/libartnet.a(artnetnodehandledmx.o)
                0x000000000800b236                lightset::Data::MergeSourceA(unsigned int, unsigned char const*, unsigned int, lightset::MergeMode)
 .text._ZN8lightset4Data12MergeSourceBEjPKhjNS_9MergeModeE
                0x000000000800b288       0x54 ../lib-artnet/lib_gd32/libartnet.a(artnetnodehandledmx.o)
                0x000000000800b288                lightset::Data::MergeSourceB(unsigned int, unsigned char const*, unsigned int, lightset::MergeMode)
 .text._ZN10ArtNetNode17UpdateMergeStatusEj
                0x000000000800b2dc       0x22 ../lib-artnet/lib_gd32/libartnet.a(artnetnodehandledmx.o)
                0x000000000800b2dc                ArtNetNode::UpdateMergeStatus(unsigned int)
 .text._ZN10ArtNetNode18CheckMergeTimeoutsEj
                0x000000000800b2fe       0x78 ../lib-artnet/lib_gd32/libartnet.a(artnetnodehandledmx.o)
                0x000000000800b2fe                ArtNetNode::CheckMergeTimeouts(unsigned int)
 .text._ZN10ArtNetNode9HandleDmxEv
                0x000000000800b376      0x1a2 ../lib-artnet/lib_gd32/libartnet.a(artnetnodehandledmx.o)
                0x000000000800b376                ArtNetNode::HandleDmx()
 .text._ZN10ArtNetNode16SetDestinationIpEjj
                0x000000000800b518       0x2c ../lib-artnet/lib_gd32/libartnet.a(artnetnodehandledmxin.o)
                0x000000000800b518                ArtNetNode::SetDestinationIp(unsigned int, unsigned int)
 .text._ZN10ArtNetNode11HandleDmxInEv
                0x000000000800b544       0xf8 ../lib-artnet/lib_gd32/libartnet.a(artnetnodehandledmxin.o)
                0x000000000800b544                ArtNetNode::HandleDmxIn()
 .text.memcmp.constprop.0
                0x000000000800b63c       0x24 ../lib-artnet/lib_gd32/libartnet.a(artnetnodehandleipprog.o)
 .text.memcpy.constprop.0.isra.0
                0x000000000800b660       0x14 ../lib-artnet/lib_gd32/libartnet.a(artnetnodehandleipprog.o)
 .text._ZN10ArtNetNode12HandleIpProgEv
                0x000000000800b674      0x178 ../lib-artnet/lib_gd32/libartnet.a(artnetnodehandleipprog.o)
                0x000000000800b674                ArtNetNode::HandleIpProg()
 .text.memcpy.isra.0
                0x000000000800b7ec       0x14 ../lib-artnet/lib_gd32/libartnet.a(artnetnodehandlepoll.o)
 .text._ZN10ArtNetNode13FillPollReplyEv
                0x000000000800b800       0xd8 ../lib-artnet/lib_gd32/libartnet.a(artnetnodehandlepoll.o)
                0x000000000800b800                ArtNetNode::FillPollReply()
 .text._ZN10ArtNetNode17ProcessPollRelplyEjjRj
                0x000000000800b8d8       0xd6 ../lib-artnet/lib_gd32/libartnet.a(artnetnodehandlepoll.o)
                0x000000000800b8d8                ArtNetNode::ProcessPollRelply(unsigned int, unsigned int, unsigned int&)
 *fill*         0x000000000800b9ae        0x2 
 .text._ZN10ArtNetNode14SendPollRelplyEb
                0x000000000800b9b0       0x98 ../lib-artnet/lib_gd32/libartnet.a(artnetnodehandlepoll.o)
                0x000000000800b9b0                ArtNetNode::SendPollRelply(bool)
 .text._ZN10ArtNetNode10HandlePollEv
                0x000000000800ba48       0x78 ../lib-artnet/lib_gd32/libartnet.a(artnetnodehandlepoll.o)
                0x000000000800ba48                ArtNetNode::HandlePoll()
 .text.memcpy.isra.0
                0x000000000800bac0       0x14 ../lib-artnet/lib_gd32/libartnet.a(artnetnodehandlerdm.o)
 .text._ZN10ArtNetNode6SetRmdEjb
                0x000000000800bad4       0x38 ../lib-artnet/lib_gd32/libartnet.a(artnetnodehandlerdm.o)
                0x000000000800bad4                ArtNetNode::SetRmd(unsigned int, bool)
 .text._ZN10ArtNetNode13HandleTodDataEv
                0x000000000800bb0c       0x60 ../lib-artnet/lib_gd32/libartnet.a(artnetnodehandlerdm.o)
                0x000000000800bb0c                ArtNetNode::HandleTodData()
 .text._ZN10ArtNetNode7SendTodEj
                0x000000000800bb6c       0xcc ../lib-artnet/lib_gd32/libartnet.a(artnetnodehandlerdm.o)
                0x000000000800bb6c                ArtNetNode::SendTod(unsigned int)
 .text._ZN10ArtNetNode16HandleTodControlEv
                0x000000000800bc38       0x7a ../lib-artnet/lib_gd32/libartnet.a(artnetnodehandlerdm.o)
                0x000000000800bc38                ArtNetNode::HandleTodControl()
 .text._ZN10ArtNetNode16HandleTodRequestEv
                0x000000000800bcb2       0x5c ../lib-artnet/lib_gd32/libartnet.a(artnetnodehandlerdm.o)
                0x000000000800bcb2                ArtNetNode::HandleTodRequest()
 *fill*         0x000000000800bd0e        0x2 
 .text._ZN10ArtNetNode14SendTodRequestEj
                0x000000000800bd10       0x8c ../lib-artnet/lib_gd32/libartnet.a(artnetnodehandlerdm.o)
                0x000000000800bd10                ArtNetNode::SendTodRequest(unsigned int)
 .text._ZN10ArtNetNode13SetRdmHandlerEP9ArtNetRdmb
                0x000000000800bd9c       0x1c ../lib-artnet/lib_gd32/libartnet.a(artnetnodehandlerdm.o)
                0x000000000800bd9c                ArtNetNode::SetRdmHandler(ArtNetRdm*, bool)
 .text._ZN10ArtNetNode9HandleRdmEv
                0x000000000800bdb8       0xf4 ../lib-artnet/lib_gd32/libartnet.a(artnetnodehandlerdm.o)
                0x000000000800bdb8                ArtNetNode::HandleRdm()
 .text._ZN10ArtNetNode11HandleRdmInEv
                0x000000000800beac       0x9c ../lib-artnet/lib_gd32/libartnet.a(artnetnodehandlerdmin.o)
                0x000000000800beac                ArtNetNode::HandleRdmIn()
 .text._ZN10ArtNetNode10HandleSyncEv
                0x000000000800bf48       0x94 ../lib-artnet/lib_gd32/libartnet.a(artnetnodehandlesync.o)
                0x000000000800bf48                ArtNetNode::HandleSync()
 .text._ZN10ArtNetNode14HandleTimeCodeEv
                0x000000000800bfdc        0xc ../lib-artnet/lib_gd32/libartnet.a(artnetnodehandletimecode.o)
                0x000000000800bfdc                ArtNetNode::HandleTimeCode()
 .text._ZN10ArtNetNode14HandleTimeSyncEv
                0x000000000800bfe8       0x44 ../lib-artnet/lib_gd32/libartnet.a(artnetnodehandletimesync.o)
                0x000000000800bfe8                ArtNetNode::HandleTimeSync()
 .text._ZN10ArtNetNode5PrintEv
                0x000000000800c02c      0x130 ../lib-artnet/lib_gd32/libartnet.a(artnetnodeprint.o)
                0x000000000800c02c                ArtNetNode::Print()
 .text.memcmp   0x000000000800c15c       0x28 ../lib-artnet/lib_gd32/libartnet.a(artnetparams.o)
 .text._ZN17PropertiesBuilder3AddIhEEbPKcT_bj.isra.0
                0x000000000800c184       0x50 ../lib-artnet/lib_gd32/libartnet.a(artnetparams.o)
 .text._ZN17PropertiesBuilder3AddIPKcEEbS2_T_bj.isra.0
                0x000000000800c1d4       0x50 ../lib-artnet/lib_gd32/libartnet.a(artnetparams.o)
 .text._ZN17PropertiesBuilder3AddEPKcb.isra.0
                0x000000000800c224       0x50 ../lib-artnet/lib_gd32/libartnet.a(artnetparams.o)
 .text.strncpy.isra.0
                0x000000000800c274       0x16 ../lib-artnet/lib_gd32/libartnet.a(artnetparams.o)
 *fill*         0x000000000800c28a        0x2 
 .text._ZN12ArtNetParamsC2EP17ArtNetParamsStore
                0x000000000800c28c       0x40 ../lib-artnet/lib_gd32/libartnet.a(artnetparams.o)
                0x000000000800c28c                ArtNetParams::ArtNetParams(ArtNetParamsStore*)
                0x000000000800c28c                ArtNetParams::ArtNetParams(ArtNetParamsStore*)
 .text._ZN12ArtNetParams4LoadEv
                0x000000000800c2cc       0x1c ../lib-artnet/lib_gd32/libartnet.a(artnetparams.o)
                0x000000000800c2cc                ArtNetParams::Load()
 .text._ZN12ArtNetParams4LoadEPKcj
                0x000000000800c2e8       0x44 ../lib-artnet/lib_gd32/libartnet.a(artnetparams.o)
                0x000000000800c2e8                ArtNetParams::Load(char const*, unsigned int)
 .text._ZN12ArtNetParams7SetBoolEhj
                0x000000000800c32c       0x10 ../lib-artnet/lib_gd32/libartnet.a(artnetparams.o)
                0x000000000800c32c                ArtNetParams::SetBool(unsigned char, unsigned int)
 .text._ZN12ArtNetParams16callbackFunctionEPKc
                0x000000000800c33c      0x3d0 ../lib-artnet/lib_gd32/libartnet.a(artnetparams.o)
                0x000000000800c33c                ArtNetParams::callbackFunction(char const*)
 .text._ZN12ArtNetParams22staticCallbackFunctionEPvPKc
                0x000000000800c70c        0x4 ../lib-artnet/lib_gd32/libartnet.a(artnetparams.o)
                0x000000000800c70c                ArtNetParams::staticCallbackFunction(void*, char const*)
 .text._ZN12ArtNetParams7BuilderEPKN12artnetparams6ParamsEPcjRj
                0x000000000800c710      0x2e0 ../lib-artnet/lib_gd32/libartnet.a(artnetparams.o)
                0x000000000800c710                ArtNetParams::Builder(artnetparams::Params const*, char*, unsigned int, unsigned int&)
 .text._ZN12ArtNetParams4SaveEPcjRj
                0x000000000800c9f0       0x1a ../lib-artnet/lib_gd32/libartnet.a(artnetparams.o)
                0x000000000800c9f0                ArtNetParams::Save(char*, unsigned int, unsigned int&)
 *fill*         0x000000000800ca0a        0x2 
 .text._ZN12ArtNetParams3SetEj
                0x000000000800ca0c      0x128 ../lib-artnet/lib_gd32/libartnet.a(artnetparams.o)
                0x000000000800ca0c                ArtNetParams::Set(unsigned int)
 .text._ZN12ArtNetParams4DumpEv
                0x000000000800cb34        0x2 ../lib-artnet/lib_gd32/libartnet.a(artnetparamsdump.o)
                0x000000000800cb34                ArtNetParams::Dump()
 *fill*         0x000000000800cb36        0x2 
 .text._ZN10ArtNetNode13HandleTriggerEv
                0x000000000800cb38       0x34 ../lib-artnet/lib_gd32/libartnet.a(artnettrigger.o)
                0x000000000800cb38                ArtNetNode::HandleTrigger()
 .text._ZN4e131L24universe_to_multicast_ipEt
                0x000000000800cb6c       0x24 ../lib-e131/lib_gd32/libe131.a(e131bridge.o)
 .text.memset.constprop.0.isra.0
                0x000000000800cb90       0x10 ../lib-e131/lib_gd32/libe131.a(e131bridge.o)
 .text.memcpy.isra.0
                0x000000000800cba0       0x14 ../lib-e131/lib_gd32/libe131.a(e131bridge.o)
 .text._ZN10E131BridgeC2Ev
                0x000000000800cbb4       0xd0 ../lib-e131/lib_gd32/libe131.a(e131bridge.o)
                0x000000000800cbb4                E131Bridge::E131Bridge()
                0x000000000800cbb4                E131Bridge::E131Bridge()
 .text._ZN10E131BridgeD2Ev
                0x000000000800cc84        0x2 ../lib-e131/lib_gd32/libe131.a(e131bridge.o)
                0x000000000800cc84                E131Bridge::~E131Bridge()
                0x000000000800cc84                E131Bridge::~E131Bridge()
 *fill*         0x000000000800cc86        0x2 
 .text._ZN10E131Bridge5StartEv
                0x000000000800cc88       0x78 ../lib-e131/lib_gd32/libe131.a(e131bridge.o)
                0x000000000800cc88                E131Bridge::Start()
 .text._ZN10E131Bridge13LeaveUniverseEjt
                0x000000000800cd00       0x40 ../lib-e131/lib_gd32/libe131.a(e131bridge.o)
                0x000000000800cd00                E131Bridge::LeaveUniverse(unsigned int, unsigned short)
 .text._ZN10E131Bridge25SetSynchronizationAddressEbbt
                0x000000000800cd40       0x4c ../lib-e131/lib_gd32/libe131.a(e131bridge.o)
                0x000000000800cd40                E131Bridge::SetSynchronizationAddress(bool, bool, unsigned short)
 .text._ZN10E131Bridge11SetUniverseEjN8lightset7PortDirEt
                0x000000000800cd8c       0xf0 ../lib-e131/lib_gd32/libe131.a(e131bridge.o)
                0x000000000800cd8c                E131Bridge::SetUniverse(unsigned int, lightset::PortDir, unsigned short)
 .text._ZNK10E131Bridge11GetUniverseEjRtN8lightset7PortDirE
                0x000000000800ce7c       0x2e ../lib-e131/lib_gd32/libe131.a(e131bridge.o)
                0x000000000800ce7c                E131Bridge::GetUniverse(unsigned int, unsigned short&, lightset::PortDir) const
 .text._ZN10E131Bridge17UpdateMergeStatusEj
                0x000000000800ceaa       0x1e ../lib-e131/lib_gd32/libe131.a(e131bridge.o)
                0x000000000800ceaa                E131Bridge::UpdateMergeStatus(unsigned int)
 .text._ZN10E131Bridge18CheckMergeTimeoutsEj
                0x000000000800cec8       0x82 ../lib-e131/lib_gd32/libe131.a(e131bridge.o)
                0x000000000800cec8                E131Bridge::CheckMergeTimeouts(unsigned int)
 .text._ZNK10E131Bridge17IsPriorityTimeOutEj
                0x000000000800cf4a       0x4a ../lib-e131/lib_gd32/libe131.a(e131bridge.o)
                0x000000000800cf4a                E131Bridge::IsPriorityTimeOut(unsigned int) const
 .text._ZNK10E131Bridge12isIpCidMatchEPKN10e131bridge6SourceE
                0x000000000800cf94       0x2a ../lib-e131/lib_gd32/libe131.a(e131bridge.o)
                0x000000000800cf94                E131Bridge::isIpCidMatch(e131bridge::Source const*) const
 *fill*         0x000000000800cfbe        0x2 
 .text._ZN10E131Bridge27SetNetworkDataLossConditionEbb
                0x000000000800cfc0      0x12c ../lib-e131/lib_gd32/libe131.a(e131bridge.o)
                0x000000000800cfc0                E131Bridge::SetNetworkDataLossCondition(bool, bool)
 .text._ZN10E131Bridge9HandleDmxEv
                0x000000000800d0ec      0x300 ../lib-e131/lib_gd32/libe131.a(e131bridge.o)
                0x000000000800d0ec                E131Bridge::HandleDmx()
 .text._ZN10E131Bridge11IsValidRootEv
                0x000000000800d3ec       0x3c ../lib-e131/lib_gd32/libe131.a(e131bridge.o)
                0x000000000800d3ec                E131Bridge::IsValidRoot()
 .text._ZN10E131Bridge17IsValidDataPacketEv
                0x000000000800d428       0x28 ../lib-e131/lib_gd32/libe131.a(e131bridge.o)
                0x000000000800d428                E131Bridge::IsValidDataPacket()
 .text._ZN10E131Bridge3RunEv
                0x000000000800d450      0x110 ../lib-e131/lib_gd32/libe131.a(e131bridge.o)
                0x000000000800d450                E131Bridge::Run()
 .text._ZN10E131Bridge19FillDiscoveryPacketEv
                0x000000000800d560       0xd8 ../lib-e131/lib_gd32/libe131.a(e131bridgediscoverypacket.o)
                0x000000000800d560                E131Bridge::FillDiscoveryPacket()
 .text._ZN10E131Bridge19SendDiscoveryPacketEv
                0x000000000800d638       0x62 ../lib-e131/lib_gd32/libe131.a(e131bridgediscoverypacket.o)
                0x000000000800d638                E131Bridge::SendDiscoveryPacket()
 .text.memcpy.isra.0
                0x000000000800d69a       0x14 ../lib-e131/lib_gd32/libe131.a(e131bridgehandledmxin.o)
 *fill*         0x000000000800d6ae        0x2 
 .text._ZN10E131Bridge14FillDataPacketEv
                0x000000000800d6b0       0x8c ../lib-e131/lib_gd32/libe131.a(e131bridgehandledmxin.o)
                0x000000000800d6b0                E131Bridge::FillDataPacket()
 .text._ZN10E131Bridge11HandleDmxInEv
                0x000000000800d73c       0xfc ../lib-e131/lib_gd32/libe131.a(e131bridgehandledmxin.o)
                0x000000000800d73c                E131Bridge::HandleDmxIn()
 .text._ZN10E131Bridge21HandleSynchronizationEv
                0x000000000800d838       0xbc ../lib-e131/lib_gd32/libe131.a(e131bridgehandlesynchronization.o)
                0x000000000800d838                E131Bridge::HandleSynchronization()
 .text._ZN10E131Bridge5PrintEv
                0x000000000800d8f4       0xf4 ../lib-e131/lib_gd32/libe131.a(e131bridgeprint.o)
                0x000000000800d8f4                E131Bridge::Print()
 .text.memcmp   0x000000000800d9e8       0x28 ../lib-e131/lib_gd32/libe131.a(e131params.o)
 .text._ZN17PropertiesBuilder3AddIPKcEEbS2_T_bj.isra.0
                0x000000000800da10       0x50 ../lib-e131/lib_gd32/libe131.a(e131params.o)
 .text._ZN10E131ParamsC2EP15E131ParamsStore
                0x000000000800da60       0x48 ../lib-e131/lib_gd32/libe131.a(e131params.o)
                0x000000000800da60                E131Params::E131Params(E131ParamsStore*)
                0x000000000800da60                E131Params::E131Params(E131ParamsStore*)
 .text._ZN10E131Params4LoadEPKcj
                0x000000000800daa8       0x40 ../lib-e131/lib_gd32/libe131.a(e131params.o)
                0x000000000800daa8                E131Params::Load(char const*, unsigned int)
 .text._ZN10E131Params16callbackFunctionEPKc
                0x000000000800dae8      0x294 ../lib-e131/lib_gd32/libe131.a(e131params.o)
                0x000000000800dae8                E131Params::callbackFunction(char const*)
 .text._ZN10E131Params22staticCallbackFunctionEPvPKc
                0x000000000800dd7c        0x4 ../lib-e131/lib_gd32/libe131.a(e131params.o)
                0x000000000800dd7c                E131Params::staticCallbackFunction(void*, char const*)
 .text._ZN10E131Params7BuilderEPKN10e131params6ParamsEPcjRj
                0x000000000800dd80      0x2b0 ../lib-e131/lib_gd32/libe131.a(e131params.o)
                0x000000000800dd80                E131Params::Builder(e131params::Params const*, char*, unsigned int, unsigned int&)
 .text._ZN10E131Params4SaveEPcjRj
                0x000000000800e030       0x1a ../lib-e131/lib_gd32/libe131.a(e131params.o)
                0x000000000800e030                E131Params::Save(char*, unsigned int, unsigned int&)
 .text.memcpy   0x000000000800e04a       0x16 ../lib-rdmdiscovery/lib_gd32/librdmdiscovery.a(artnetrdmcontroller.o)
 .text._ZN19ArtNetRdmController11GetUidCountEj
                0x000000000800e060       0x10 ../lib-rdmdiscovery/lib_gd32/librdmdiscovery.a(artnetrdmcontroller.o)
                0x000000000800e060                ArtNetRdmController::GetUidCount(unsigned int)
 .text._ZN19ArtNetRdmController7TodCopyEjPh
                0x000000000800e070       0x28 ../lib-rdmdiscovery/lib_gd32/librdmdiscovery.a(artnetrdmcontroller.o)
                0x000000000800e070                ArtNetRdmController::TodCopy(unsigned int, unsigned char*)
 .text._ZN19ArtNetRdmController8TodResetEj
                0x000000000800e098       0x44 ../lib-rdmdiscovery/lib_gd32/librdmdiscovery.a(artnetrdmcontroller.o)
                0x000000000800e098                ArtNetRdmController::TodReset(unsigned int)
 .text._ZN19ArtNetRdmController4FullEj
                0x000000000800e0dc       0x10 ../lib-rdmdiscovery/lib_gd32/librdmdiscovery.a(artnetrdmcontroller.o)
                0x000000000800e0dc                ArtNetRdmController::Full(unsigned int)
 .text._ZN19ArtNetRdmControllerD2Ev
                0x000000000800e0ec       0x28 ../lib-rdmdiscovery/lib_gd32/librdmdiscovery.a(artnetrdmcontroller.o)
                0x000000000800e0ec                ArtNetRdmController::~ArtNetRdmController()
                0x000000000800e0ec                ArtNetRdmController::~ArtNetRdmController()
 .text._ZN19ArtNetRdmControllerD0Ev
                0x000000000800e114       0x12 ../lib-rdmdiscovery/lib_gd32/librdmdiscovery.a(artnetrdmcontroller.o)
                0x000000000800e114                ArtNetRdmController::~ArtNetRdmController()
 *fill*         0x000000000800e126        0x2 
 .text._ZN19ArtNetRdmController7HandlerEjPKh
                0x000000000800e128       0x48 ../lib-rdmdiscovery/lib_gd32/librdmdiscovery.a(artnetrdmcontroller.o)
                0x000000000800e128                ArtNetRdmController::Handler(unsigned int, unsigned char const*)
 .text.memcmp.constprop.0
                0x000000000800e170       0x20 ../lib-rdmdiscovery/lib_gd32/librdmdiscovery.a(artnetrdmcontroller.o)
 .text._ZN6RDMTod5ExistEPKh
                0x000000000800e190       0x34 ../lib-rdmdiscovery/lib_gd32/librdmdiscovery.a(artnetrdmcontroller.o)
                0x000000000800e190                RDMTod::Exist(unsigned char const*)
 .text._ZN19ArtNetRdmController9TodAddUidEjPKh
                0x000000000800e1c4       0x3c ../lib-rdmdiscovery/lib_gd32/librdmdiscovery.a(artnetrdmcontroller.o)
                0x000000000800e1c4                ArtNetRdmController::TodAddUid(unsigned int, unsigned char const*)
 .text._ZN19ArtNetRdmControllerC2Ev
                0x000000000800e200       0x90 ../lib-rdmdiscovery/lib_gd32/librdmdiscovery.a(artnetrdmcontroller.o)
                0x000000000800e200                ArtNetRdmController::ArtNetRdmController()
                0x000000000800e200                ArtNetRdmController::ArtNetRdmController()
 .text._ZN19ArtNetRdmController17RespondMessageAckEjPKhPK11TRdmMessage
                0x000000000800e290       0x80 ../lib-rdmdiscovery/lib_gd32/librdmdiscovery.a(artnetrdmcontroller.o)
                0x000000000800e290                ArtNetRdmController::RespondMessageAck(unsigned int, unsigned char const*, TRdmMessage const*)
 .text._ZN19ArtNetRdmController10RdmReceiveEjPh
                0x000000000800e310      0x1c0 ../lib-rdmdiscovery/lib_gd32/librdmdiscovery.a(artnetrdmcontroller.o)
                0x000000000800e310                ArtNetRdmController::RdmReceive(unsigned int, unsigned char*)
 .text._ZN6artnet8rdm_sendEjPKh
                0x000000000800e4d0       0x54 ../lib-rdmdiscovery/lib_gd32/librdmdiscovery.a(rdm_send.o)
                0x000000000800e4d0                artnet::rdm_send(unsigned int, unsigned char const*)
 .text.memcmp.constprop.0
                0x000000000800e524       0x20 ../lib-rdmdiscovery/lib_gd32/librdmdiscovery.a(rdmdiscovery.o)
 .text.memcpy.constprop.0.isra.0
                0x000000000800e544       0x14 ../lib-rdmdiscovery/lib_gd32/librdmdiscovery.a(rdmdiscovery.o)
 .text._ZN6RDMTod6AddUidEPKh.isra.0
                0x000000000800e558       0x4c ../lib-rdmdiscovery/lib_gd32/librdmdiscovery.a(rdmdiscovery.o)
 .text._ZN12RDMDiscoveryC2EPKh
                0x000000000800e5a4       0x20 ../lib-rdmdiscovery/lib_gd32/librdmdiscovery.a(rdmdiscovery.o)
                0x000000000800e5a4                RDMDiscovery::RDMDiscovery(unsigned char const*)
                0x000000000800e5a4                RDMDiscovery::RDMDiscovery(unsigned char const*)
 .text._ZN12RDMDiscovery24IsValidDiscoveryResponseEPKhPh
                0x000000000800e5c4       0x74 ../lib-rdmdiscovery/lib_gd32/librdmdiscovery.a(rdmdiscovery.o)
                0x000000000800e5c4                RDMDiscovery::IsValidDiscoveryResponse(unsigned char const*, unsigned char*)
 .text._ZN12RDMDiscovery9QuickFindEPKh
                0x000000000800e638      0x104 ../lib-rdmdiscovery/lib_gd32/librdmdiscovery.a(rdmdiscovery.o)
                0x000000000800e638                RDMDiscovery::QuickFind(unsigned char const*)
 .text._ZN12RDMDiscovery11FindDevicesEyy
                0x000000000800e73c      0x1b8 ../lib-rdmdiscovery/lib_gd32/librdmdiscovery.a(rdmdiscovery.o)
                0x000000000800e73c                RDMDiscovery::FindDevices(unsigned long long, unsigned long long)
 .text._ZN12RDMDiscovery4FullEjP6RDMTod
                0x000000000800e8f4       0xd8 ../lib-rdmdiscovery/lib_gd32/librdmdiscovery.a(rdmdiscovery.o)
                0x000000000800e8f4                RDMDiscovery::Full(unsigned int, RDMTod*)
 .text._ZN9RDMDeviceC2Ev
                0x000000000800e9cc       0xe8 ../lib-rdm/lib_gd32/librdm.a(rdmdevice.o)
                0x000000000800e9cc                RDMDevice::RDMDevice()
                0x000000000800e9cc                RDMDevice::RDMDevice()
 .text._ZN9RDMDevice5PrintEv
                0x000000000800eab4       0x84 ../lib-rdm/lib_gd32/librdm.a(rdmdevice.o)
                0x000000000800eab4                RDMDevice::Print()
 .text.memcpy.isra.0
                0x000000000800eb38        0x4 ../lib-rdm/lib_gd32/librdm.a(rdmdeviceparams.o)
 .text._ZN15RDMDeviceParamsC2EP20RDMDeviceParamsStore
                0x000000000800eb3c       0x24 ../lib-rdm/lib_gd32/librdm.a(rdmdeviceparams.o)
                0x000000000800eb3c                RDMDeviceParams::RDMDeviceParams(RDMDeviceParamsStore*)
                0x000000000800eb3c                RDMDeviceParams::RDMDeviceParams(RDMDeviceParamsStore*)
 .text._ZN15RDMDeviceParams4LoadEv
                0x000000000800eb60       0x16 ../lib-rdm/lib_gd32/librdm.a(rdmdeviceparams.o)
                0x000000000800eb60                RDMDeviceParams::Load()
 .text._ZN15RDMDeviceParams3SetEP9RDMDevice
                0x000000000800eb76       0x68 ../lib-rdm/lib_gd32/librdm.a(rdmdeviceparams.o)
                0x000000000800eb76                RDMDeviceParams::Set(RDMDevice*)
 .text._ZN15RDMDeviceParams4DumpEv
                0x000000000800ebde        0x2 ../lib-rdm/lib_gd32/librdm.a(rdmdeviceparams.o)
                0x000000000800ebde                RDMDeviceParams::Dump()
 .text.memcpy.isra.0
                0x000000000800ebe0       0x14 ../lib-rdm/lib_gd32/librdm.a(rdmmessage.o)
 .text._ZN10RDMMessageC2Ev
                0x000000000800ebf4       0x3c ../lib-rdm/lib_gd32/librdm.a(rdmmessage.o)
                0x000000000800ebf4                RDMMessage::RDMMessage()
                0x000000000800ebf4                RDMMessage::RDMMessage()
 .text._ZN10RDMMessage9SetSrcUidEPKh
                0x000000000800ec30        0x8 ../lib-rdm/lib_gd32/librdm.a(rdmmessage.o)
                0x000000000800ec30                RDMMessage::SetSrcUid(unsigned char const*)
 .text._ZN10RDMMessage9SetDstUidEPKh
                0x000000000800ec38        0x8 ../lib-rdm/lib_gd32/librdm.a(rdmmessage.o)
                0x000000000800ec38                RDMMessage::SetDstUid(unsigned char const*)
 .text._ZN10RDMMessage5SetCcEh
                0x000000000800ec40        0x4 ../lib-rdm/lib_gd32/librdm.a(rdmmessage.o)
                0x000000000800ec40                RDMMessage::SetCc(unsigned char)
 .text._ZN10RDMMessage6SetPidEt
                0x000000000800ec44        0x8 ../lib-rdm/lib_gd32/librdm.a(rdmmessage.o)
                0x000000000800ec44                RDMMessage::SetPid(unsigned short)
 .text._ZN10RDMMessage5SetPdEPKhh
                0x000000000800ec4c       0x24 ../lib-rdm/lib_gd32/librdm.a(rdmmessage.o)
                0x000000000800ec4c                RDMMessage::SetPd(unsigned char const*, unsigned char)
 .text._ZN10RDMMessage4SendEjj
                0x000000000800ec70        0xa ../lib-rdm/lib_gd32/librdm.a(rdmmessage.o)
                0x000000000800ec70                RDMMessage::Send(unsigned int, unsigned int)
 .text.uuid_unparse_x
                0x000000000800ec7a       0x86 ../lib-uuid/lib_gd32/libuuid.a(uuid_unparse.o)
 .text.uuid_unparse
                0x000000000800ed00        0xc ../lib-uuid/lib_gd32/libuuid.a(uuid_unparse.o)
                0x000000000800ed00                uuid_unparse
 .text._ZN7DmxSendD2Ev
                0x000000000800ed0c        0x2 ../lib-dmxsend/lib_gd32/libdmxsend.a(dmxsend.o)
                0x000000000800ed0c                DmxSend::~DmxSend()
                0x000000000800ed0c                DmxSend::~DmxSend()
 *fill*         0x000000000800ed0e        0x2 
 .text._ZN7DmxSend5StartEj
                0x000000000800ed10       0x30 ../lib-dmxsend/lib_gd32/libdmxsend.a(dmxsend.o)
                0x000000000800ed10                DmxSend::Start(unsigned int)
 .text._ZN7DmxSend4StopEj
                0x000000000800ed40       0x34 ../lib-dmxsend/lib_gd32/libdmxsend.a(dmxsend.o)
                0x000000000800ed40                DmxSend::Stop(unsigned int)
 .text._ZN7DmxSend7SetDataEjPKhj
                0x000000000800ed74       0x10 ../lib-dmxsend/lib_gd32/libdmxsend.a(dmxsend.o)
                0x000000000800ed74                DmxSend::SetData(unsigned int, unsigned char const*, unsigned int)
 .text._ZN7DmxSend8BlackoutEb
                0x000000000800ed84        0xc ../lib-dmxsend/lib_gd32/libdmxsend.a(dmxsend.o)
                0x000000000800ed84                DmxSend::Blackout(bool)
 .text._ZN7DmxSend6FullOnEv
                0x000000000800ed90        0xc ../lib-dmxsend/lib_gd32/libdmxsend.a(dmxsend.o)
                0x000000000800ed90                DmxSend::FullOn()
 .text._ZN7DmxSend5PrintEv
                0x000000000800ed9c       0x58 ../lib-dmxsend/lib_gd32/libdmxsend.a(dmxsend.o)
                0x000000000800ed9c                DmxSend::Print()
 .text._ZN7DmxSendD0Ev
                0x000000000800edf4        0xc ../lib-dmxsend/lib_gd32/libdmxsend.a(dmxsend.o)
                0x000000000800edf4                DmxSend::~DmxSend()
 .text._ZN17PropertiesBuilder3AddItEEbPKcT_bj.isra.0
                0x000000000800ee00       0x50 ../lib-dmx/lib_gd32/libdmx.a(dmxparams.o)
 .text._ZN9DmxParamsC2EP14DmxParamsStore
                0x000000000800ee50       0x18 ../lib-dmx/lib_gd32/libdmx.a(dmxparams.o)
                0x000000000800ee50                DmxParams::DmxParams(DmxParamsStore*)
                0x000000000800ee50                DmxParams::DmxParams(DmxParamsStore*)
 .text._ZN9DmxParams4LoadEv
                0x000000000800ee68       0x18 ../lib-dmx/lib_gd32/libdmx.a(dmxparams.o)
                0x000000000800ee68                DmxParams::Load()
 .text._ZN9DmxParams4LoadEPKcj
                0x000000000800ee80       0x40 ../lib-dmx/lib_gd32/libdmx.a(dmxparams.o)
                0x000000000800ee80                DmxParams::Load(char const*, unsigned int)
 .text._ZN9DmxParams16callbackFunctionEPKc
                0x000000000800eec0       0xcc ../lib-dmx/lib_gd32/libdmx.a(dmxparams.o)
                0x000000000800eec0                DmxParams::callbackFunction(char const*)
 .text._ZN9DmxParams22staticCallbackFunctionEPvPKc
                0x000000000800ef8c        0x4 ../lib-dmx/lib_gd32/libdmx.a(dmxparams.o)
                0x000000000800ef8c                DmxParams::staticCallbackFunction(void*, char const*)
 .text._ZN9DmxParams7BuilderEPK10TDmxParamsPcjRj
                0x000000000800ef90      0x104 ../lib-dmx/lib_gd32/libdmx.a(dmxparams.o)
                0x000000000800ef90                DmxParams::Builder(TDmxParams const*, char*, unsigned int, unsigned int&)
 .text._ZN9DmxParams4SaveEPcjRj
                0x000000000800f094       0x1a ../lib-dmx/lib_gd32/libdmx.a(dmxparams.o)
                0x000000000800f094                DmxParams::Save(char*, unsigned int, unsigned int&)
 *fill*         0x000000000800f0ae        0x2 
 .text._ZN9DmxParams3SetEP3Dmx
                0x000000000800f0b0       0x54 ../lib-dmx/lib_gd32/libdmx.a(dmxparams.o)
                0x000000000800f0b0                DmxParams::Set(Dmx*)
 .text._ZN9DmxParams4DumpEv
                0x000000000800f104        0x2 ../lib-dmx/lib_gd32/libdmx.a(dmxparams.o)
                0x000000000800f104                DmxParams::Dump()
 *fill*         0x000000000800f106        0x2 
 .text._ZN3Rdm7ReceiveEj
                0x000000000800f108       0x10 ../lib-dmx/lib_gd32/libdmx.a(rdm.o)
                0x000000000800f108                Rdm::Receive(unsigned int)
 .text._ZN3Rdm14ReceiveTimeOutEjt
                0x000000000800f118       0x10 ../lib-dmx/lib_gd32/libdmx.a(rdm.o)
                0x000000000800f118                Rdm::ReceiveTimeOut(unsigned int, unsigned short)
 .text._ZN3Rdm7SendRawEjPKhj
                0x000000000800f128       0x40 ../lib-dmx/lib_gd32/libdmx.a(rdm.o)
                0x000000000800f128                Rdm::SendRaw(unsigned int, unsigned char const*, unsigned int)
 .text._ZL17_gpio_mode_outputjj
                0x000000000800f168        0xa ../lib-dmx/lib_gd32/libdmx.a(dmx.o)
 *fill*         0x000000000800f172        0x2 
 .text._ZL15uart_dmx_configj
                0x000000000800f174       0x1c ../lib-dmx/lib_gd32/libdmx.a(dmx.o)
 .text._ZL25irq_handler_dmx_rdm_inputjj
                0x000000000800f190      0x260 ../lib-dmx/lib_gd32/libdmx.a(dmx.o)
 .text.USART1_IRQHandler
                0x000000000800f3f0        0xc ../lib-dmx/lib_gd32/libdmx.a(dmx.o)
                0x000000000800f3f0                USART1_IRQHandler
 .text.USART2_IRQHandler
                0x000000000800f3fc        0xc ../lib-dmx/lib_gd32/libdmx.a(dmx.o)
                0x000000000800f3fc                USART2_IRQHandler
 .text.UART3_IRQHandler
                0x000000000800f408        0xc ../lib-dmx/lib_gd32/libdmx.a(dmx.o)
                0x000000000800f408                UART3_IRQHandler
 .text.UART4_IRQHandler
                0x000000000800f414        0xc ../lib-dmx/lib_gd32/libdmx.a(dmx.o)
                0x000000000800f414                UART4_IRQHandler
 .text.TIMER1_IRQHandler
                0x000000000800f420      0x1ec ../lib-dmx/lib_gd32/libdmx.a(dmx.o)
                0x000000000800f420                TIMER1_IRQHandler
 .text.TIMER2_IRQHandler
                0x000000000800f60c      0x120 ../lib-dmx/lib_gd32/libdmx.a(dmx.o)
                0x000000000800f60c                TIMER2_IRQHandler
 .text.TIMER3_IRQHandler
                0x000000000800f72c       0x14 ../lib-dmx/lib_gd32/libdmx.a(dmx.o)
                0x000000000800f72c                TIMER3_IRQHandler
 .text.TIMER6_IRQHandler
                0x000000000800f740       0x30 ../lib-dmx/lib_gd32/libdmx.a(dmx.o)
                0x000000000800f740                TIMER6_IRQHandler
 .text._ZN3Dmx9ClearDataEj
                0x000000000800f770       0x30 ../lib-dmx/lib_gd32/libdmx.a(dmx.o)
                0x000000000800f770                Dmx::ClearData(unsigned int)
 .text._ZN3Dmx9StartDataEjj
                0x000000000800f7a0      0x180 ../lib-dmx/lib_gd32/libdmx.a(dmx.o)
                0x000000000800f7a0                Dmx::StartData(unsigned int, unsigned int)
 .text._ZN3Dmx8StopDataEjj
                0x000000000800f920       0xc4 ../lib-dmx/lib_gd32/libdmx.a(dmx.o)
                0x000000000800f920                Dmx::StopData(unsigned int, unsigned int)
 .text._ZN3Dmx16SetPortDirectionEjN3dmx13PortDirectionEb
                0x000000000800f9e4       0x74 ../lib-dmx/lib_gd32/libdmx.a(dmx.o)
                0x000000000800f9e4                Dmx::SetPortDirection(unsigned int, dmx::PortDirection, bool)
 .text._ZN3DmxC2Ev
                0x000000000800fa58      0x29c ../lib-dmx/lib_gd32/libdmx.a(dmx.o)
                0x000000000800fa58                Dmx::Dmx()
                0x000000000800fa58                Dmx::Dmx()
 .text._ZN3Dmx16SetDmxPeriodTimeEj
                0x000000000800fcf4       0x7c ../lib-dmx/lib_gd32/libdmx.a(dmx.o)
                0x000000000800fcf4                Dmx::SetDmxPeriodTime(unsigned int)
 .text._ZN3Dmx15SetDmxBreakTimeEj
                0x000000000800fd70       0x14 ../lib-dmx/lib_gd32/libdmx.a(dmx.o)
                0x000000000800fd70                Dmx::SetDmxBreakTime(unsigned int)
 .text._ZN3Dmx13SetDmxMabTimeEj
                0x000000000800fd84       0x14 ../lib-dmx/lib_gd32/libdmx.a(dmx.o)
                0x000000000800fd84                Dmx::SetDmxMabTime(unsigned int)
 .text._ZN3Dmx11SetDmxSlotsEt
                0x000000000800fd98       0x32 ../lib-dmx/lib_gd32/libdmx.a(dmx.o)
                0x000000000800fd98                Dmx::SetDmxSlots(unsigned short)
 *fill*         0x000000000800fdca        0x2 
 .text._ZN3Dmx24SetPortSendDataWithoutSCEjPKhj
                0x000000000800fdcc       0x4c ../lib-dmx/lib_gd32/libdmx.a(dmx.o)
                0x000000000800fdcc                Dmx::SetPortSendDataWithoutSC(unsigned int, unsigned char const*, unsigned int)
 .text._ZN3Dmx8BlackoutEv
                0x000000000800fe18       0x68 ../lib-dmx/lib_gd32/libdmx.a(dmx.o)
                0x000000000800fe18                Dmx::Blackout()
 .text._ZN3Dmx6FullOnEv
                0x000000000800fe80       0x68 ../lib-dmx/lib_gd32/libdmx.a(dmx.o)
                0x000000000800fe80                Dmx::FullOn()
 .text._ZN3Dmx15GetDmxAvailableEj
                0x000000000800fee8       0x28 ../lib-dmx/lib_gd32/libdmx.a(dmx.o)
                0x000000000800fee8                Dmx::GetDmxAvailable(unsigned int)
 .text._ZN3Dmx19GetUpdatesPerSecondEj
                0x000000000800ff10       0x10 ../lib-dmx/lib_gd32/libdmx.a(dmx.o)
                0x000000000800ff10                Dmx::GetUpdatesPerSecond(unsigned int)
 .text._ZN3Dmx10RdmSendRawEjPKhj
                0x000000000800ff20       0xf8 ../lib-dmx/lib_gd32/libdmx.a(dmx.o)
                0x000000000800ff20                Dmx::RdmSendRaw(unsigned int, unsigned char const*, unsigned int)
 .text._ZN3Dmx10RdmReceiveEj
                0x0000000008010018       0x24 ../lib-dmx/lib_gd32/libdmx.a(dmx.o)
                0x0000000008010018                Dmx::RdmReceive(unsigned int)
 .text._ZN3Dmx17RdmReceiveTimeOutEjt
                0x000000000801003c       0x24 ../lib-dmx/lib_gd32/libdmx.a(dmx.o)
                0x000000000801003c                Dmx::RdmReceiveTimeOut(unsigned int, unsigned short)
 .text._ZL6microsv
                0x0000000008010060       0x20 ../lib-dmx/lib_gd32/libdmx.a(rdm.o)
 .text._ZN3Rdm4SendEjP11TRdmMessagej
                0x0000000008010080       0x74 ../lib-dmx/lib_gd32/libdmx.a(rdm.o)
                0x0000000008010080                Rdm::Send(unsigned int, TRdmMessage*, unsigned int)
 .text._ZN3Rdm21SendRawRespondMessageEjPKhj
                0x00000000080100f4       0x24 ../lib-dmx/lib_gd32/libdmx.a(rdm.o)
                0x00000000080100f4                Rdm::SendRawRespondMessage(unsigned int, unsigned char const*, unsigned int)
 .text._ZN3Rdm27SendDiscoveryRespondMessageEjPKhj
                0x0000000008010118       0x8c ../lib-dmx/lib_gd32/libdmx.a(rdm.o)
                0x0000000008010118                Rdm::SendDiscoveryRespondMessage(unsigned int, unsigned char const*, unsigned int)
 .text.net_set_ip
                0x00000000080101a4       0x20 ../lib-network/lib_gd32/libnetwork.a(net.o)
                0x00000000080101a4                net_set_ip
 .text.net_set_gw
                0x00000000080101c4       0x10 ../lib-network/lib_gd32/libnetwork.a(net.o)
                0x00000000080101c4                net_set_gw
 .text.net_set_dhcp
                0x00000000080101d4       0x58 ../lib-network/lib_gd32/libnetwork.a(net.o)
                0x00000000080101d4                net_set_dhcp
 .text.net_dhcp_release
                0x000000000801022c       0x14 ../lib-network/lib_gd32/libnetwork.a(net.o)
                0x000000000801022c                net_dhcp_release
 .text.net_timers_run
                0x0000000008010240       0x20 ../lib-network/lib_gd32/libnetwork.a(net_timers.o)
                0x0000000008010240                net_timers_run
 .text.rfc3927  0x0000000008010260       0x80 ../lib-network/lib_gd32/libnetwork.a(rfc3927.o)
                0x0000000008010260                rfc3927
 .text._init_tcb
                0x00000000080102e0       0x34 ../lib-network/lib_gd32/libnetwork.a(tcp.o)
 .text.memcpy.isra.0
                0x0000000008010314       0x14 ../lib-network/lib_gd32/libnetwork.a(tcp.o)
 .text._bswap32
                0x0000000008010328       0x4a ../lib-network/lib_gd32/libnetwork.a(tcp.o)
 *fill*         0x0000000008010372        0x2 
 .text._tcp_send_package
                0x0000000008010374      0x14c ../lib-network/lib_gd32/libnetwork.a(tcp.o)
 .text._send_reset
                0x00000000080104c0       0x60 ../lib-network/lib_gd32/libnetwork.a(tcp.o)
 .text.tcp_begin
                0x0000000008010520       0x34 ../lib-network/lib_gd32/libnetwork.a(tcp.o)
                0x0000000008010520                tcp_begin
 .text.tcp_write
                0x0000000008010554       0x48 ../lib-network/lib_gd32/libnetwork.a(tcp.o)
                0x0000000008010554                tcp_write
 .text.tcp_read
                0x000000000801059c       0x80 ../lib-network/lib_gd32/libnetwork.a(tcp.o)
                0x000000000801059c                tcp_read
 .text.memcpy.isra.0
                0x000000000801061c       0x14 ../lib-network/lib_gd32/libnetwork.a(udp.o)
 .text.net_memcpy
                0x0000000008010630       0x3c ../lib-network/lib_gd32/libnetwork.a(udp.o)
                0x0000000008010630                net_memcpy
 .text.udp_set_ip
                0x000000000801066c       0x40 ../lib-network/lib_gd32/libnetwork.a(udp.o)
                0x000000000801066c                udp_set_ip
 .text.udp_bind
                0x00000000080106ac       0x34 ../lib-network/lib_gd32/libnetwork.a(udp.o)
                0x00000000080106ac                udp_bind
 .text.udp_unbind
                0x00000000080106e0       0x40 ../lib-network/lib_gd32/libnetwork.a(udp.o)
                0x00000000080106e0                udp_unbind
 .text.udp_recv
                0x0000000008010720       0x6c ../lib-network/lib_gd32/libnetwork.a(udp.o)
                0x0000000008010720                udp_recv
 .text.udp_recv2
                0x000000000801078c       0x4c ../lib-network/lib_gd32/libnetwork.a(udp.o)
                0x000000000801078c                udp_recv2
 .text.udp_send
                0x00000000080107d8      0x160 ../lib-network/lib_gd32/libnetwork.a(udp.o)
                0x00000000080107d8                udp_send
 .text.strlen   0x0000000008010938       0x10 ../lib-network/lib_gd32/libnetwork.a(mdns.o)
 .text.strcmp   0x0000000008010948       0x1a ../lib-network/lib_gd32/libnetwork.a(mdns.o)
 .text.strcpy.isra.0
                0x0000000008010962       0x10 ../lib-network/lib_gd32/libnetwork.a(mdns.o)
 .text.strcat.isra.0
                0x0000000008010972       0x16 ../lib-network/lib_gd32/libnetwork.a(mdns.o)
 .text._ZN4MDNSC2Ev
                0x0000000008010988       0x20 ../lib-network/lib_gd32/libnetwork.a(mdns.o)
                0x0000000008010988                MDNS::MDNS()
                0x0000000008010988                MDNS::MDNS()
 .text._ZN4MDNS7SetNameEPKc
                0x00000000080109a8       0x38 ../lib-network/lib_gd32/libnetwork.a(mdns.o)
                0x00000000080109a8                MDNS::SetName(char const*)
 .text._ZN4MDNS21DecodeDNSNameNotationEPKcPc
                0x00000000080109e0       0x84 ../lib-network/lib_gd32/libnetwork.a(mdns.o)
                0x00000000080109e0                MDNS::DecodeDNSNameNotation(char const*, char*)
 .text._ZNK4MDNS21FindFirstDotFromRightEPKc
                0x0000000008010a64       0x1c ../lib-network/lib_gd32/libnetwork.a(mdns.o)
                0x0000000008010a64                MDNS::FindFirstDotFromRight(char const*) const
 .text._ZN4MDNS12WriteDnsNameEPKcPcb
                0x0000000008010a80       0x32 ../lib-network/lib_gd32/libnetwork.a(mdns.o)
                0x0000000008010a80                MDNS::WriteDnsName(char const*, char*, bool)
 *fill*         0x0000000008010ab2        0x2 
 .text._ZN4MDNS26CreateAnswerLocalIpAddressEv
                0x0000000008010ab4       0x54 ../lib-network/lib_gd32/libnetwork.a(mdns.o)
                0x0000000008010ab4                MDNS::CreateAnswerLocalIpAddress()
 .text._ZN4MDNS5StartEv
                0x0000000008010b08       0x90 ../lib-network/lib_gd32/libnetwork.a(mdns.o)
                0x0000000008010b08                MDNS::Start()
 .text._ZN4MDNS22CreateAnswerServiceSrvEjPh
                0x0000000008010b98       0x88 ../lib-network/lib_gd32/libnetwork.a(mdns.o)
                0x0000000008010b98                MDNS::CreateAnswerServiceSrv(unsigned int, unsigned char*)
 .text._ZN4MDNS22CreateAnswerServiceTxtEjPh
                0x0000000008010c20       0x7c ../lib-network/lib_gd32/libnetwork.a(mdns.o)
                0x0000000008010c20                MDNS::CreateAnswerServiceTxt(unsigned int, unsigned char*)
 .text._ZN4MDNS22CreateAnswerServicePtrEjPh
                0x0000000008010c9c       0x78 ../lib-network/lib_gd32/libnetwork.a(mdns.o)
                0x0000000008010c9c                MDNS::CreateAnswerServicePtr(unsigned int, unsigned char*)
 .text._ZN4MDNS24CreateAnswerServiceDnsSdEjPh
                0x0000000008010d14       0x50 ../lib-network/lib_gd32/libnetwork.a(mdns.o)
                0x0000000008010d14                MDNS::CreateAnswerServiceDnsSd(unsigned int, unsigned char*)
 .text._ZN4MDNS17CreateMDNSMessageEj
                0x0000000008010d64       0x78 ../lib-network/lib_gd32/libnetwork.a(mdns.o)
                0x0000000008010d64                MDNS::CreateMDNSMessage(unsigned int)
 .text._ZN4MDNS16AddServiceRecordEPKcS1_tN4mdns8ProtocolES1_
                0x0000000008010ddc      0x128 ../lib-network/lib_gd32/libnetwork.a(mdns.o)
                0x0000000008010ddc                MDNS::AddServiceRecord(char const*, char const*, unsigned short, mdns::Protocol, char const*)
 .text._ZN4MDNS13HandleRequestEt
                0x0000000008010f04       0xf4 ../lib-network/lib_gd32/libnetwork.a(mdns.o)
                0x0000000008010f04                MDNS::HandleRequest(unsigned short)
 .text._ZN4MDNS5ParseEv
                0x0000000008010ff8       0x28 ../lib-network/lib_gd32/libnetwork.a(mdns.o)
                0x0000000008010ff8                MDNS::Parse()
 .text._ZN4MDNS3RunEv
                0x0000000008011020       0x48 ../lib-network/lib_gd32/libnetwork.a(mdns.o)
                0x0000000008011020                MDNS::Run()
 .text._ZN4MDNS5PrintEv
                0x0000000008011068       0x7c ../lib-network/lib_gd32/libnetwork.a(mdns.o)
                0x0000000008011068                MDNS::Print()
 .text.strncpy.constprop.0.isra.0
                0x00000000080110e4       0x20 ../lib-network/lib_gd32/libnetwork.a(network.o)
 .text._ZN7NetworkC2Ev
                0x0000000008011104       0x50 ../lib-network/lib_gd32/libnetwork.a(network.o)
                0x0000000008011104                Network::Network()
                0x0000000008011104                Network::Network()
 .text._ZN7Network8ShutdownEv
                0x0000000008011154        0xe ../lib-network/lib_gd32/libnetwork.a(network.o)
                0x0000000008011154                Network::Shutdown()
 .text._ZN7Network5BeginEt
                0x0000000008011162        0x6 ../lib-network/lib_gd32/libnetwork.a(network.o)
                0x0000000008011162                Network::Begin(unsigned short)
 .text._ZN7Network3EndEt
                0x0000000008011168        0x6 ../lib-network/lib_gd32/libnetwork.a(network.o)
                0x0000000008011168                Network::End(unsigned short)
 .text._ZN7Network16MacAddressCopyToEPh
                0x000000000801116e       0x16 ../lib-network/lib_gd32/libnetwork.a(network.o)
                0x000000000801116e                Network::MacAddressCopyTo(unsigned char*)
 .text._ZN7Network9JoinGroupEij
                0x0000000008011184        0x6 ../lib-network/lib_gd32/libnetwork.a(network.o)
                0x0000000008011184                Network::JoinGroup(int, unsigned int)
 .text._ZN7Network10LeaveGroupEij
                0x000000000801118a        0x6 ../lib-network/lib_gd32/libnetwork.a(network.o)
                0x000000000801118a                Network::LeaveGroup(int, unsigned int)
 .text._ZN7Network12SetDefaultIpEv
                0x0000000008011190       0x22 ../lib-network/lib_gd32/libnetwork.a(network.o)
                0x0000000008011190                Network::SetDefaultIp()
 *fill*         0x00000000080111b2        0x2 
 .text._ZN7Network4InitEP18NetworkParamsStore
                0x00000000080111b4      0x270 ../lib-network/lib_gd32/libnetwork.a(network.o)
                0x00000000080111b4                Network::Init(NetworkParamsStore*)
 .text._ZN7Network5SetIpEj
                0x0000000008011424       0x56 ../lib-network/lib_gd32/libnetwork.a(network.o)
                0x0000000008011424                Network::SetIp(unsigned int)
 .text._ZN7Network10SetNetmaskEj
                0x000000000801147a       0x24 ../lib-network/lib_gd32/libnetwork.a(network.o)
                0x000000000801147a                Network::SetNetmask(unsigned int)
 .text._ZN7Network12SetGatewayIpEj
                0x000000000801149e       0x2a ../lib-network/lib_gd32/libnetwork.a(network.o)
                0x000000000801149e                Network::SetGatewayIp(unsigned int)
 .text._ZN7Network10EnableDhcpEv
                0x00000000080114c8       0x8c ../lib-network/lib_gd32/libnetwork.a(network.o)
                0x00000000080114c8                Network::EnableDhcp()
 .text._ZN7Network5PrintEv
                0x0000000008011554       0xf8 ../lib-network/lib_gd32/libnetwork.a(network.o)
                0x0000000008011554                Network::Print()
 .text._ZN7Network8TcpBeginEt
                0x000000000801164c        0x6 ../lib-network/lib_gd32/libnetwork.a(networktcp.o)
                0x000000000801164c                Network::TcpBegin(unsigned short)
 .text._ZN7Network7TcpReadEiPPKh
                0x0000000008011652        0x8 ../lib-network/lib_gd32/libnetwork.a(networktcp.o)
                0x0000000008011652                Network::TcpRead(int, unsigned char const**)
 .text._ZN7Network8TcpWriteEiPKht
                0x000000000801165a        0xa ../lib-network/lib_gd32/libnetwork.a(networktcp.o)
                0x000000000801165a                Network::TcpWrite(int, unsigned char const*, unsigned short)
 .text._ZN13NetworkParamsC2EP18NetworkParamsStore
                0x0000000008011664       0x18 ../lib-network/lib_gd32/libnetwork.a(networkparams.o)
                0x0000000008011664                NetworkParams::NetworkParams(NetworkParamsStore*)
                0x0000000008011664                NetworkParams::NetworkParams(NetworkParamsStore*)
 .text._ZN13NetworkParams4LoadEv
                0x000000000801167c       0x18 ../lib-network/lib_gd32/libnetwork.a(networkparams.o)
                0x000000000801167c                NetworkParams::Load()
 .text._ZN13NetworkParams4LoadEPKcj
                0x0000000008011694       0x40 ../lib-network/lib_gd32/libnetwork.a(networkparams.o)
                0x0000000008011694                NetworkParams::Load(char const*, unsigned int)
 .text._ZN13NetworkParams16callbackFunctionEPKc
                0x00000000080116d4      0x198 ../lib-network/lib_gd32/libnetwork.a(networkparams.o)
                0x00000000080116d4                NetworkParams::callbackFunction(char const*)
 .text._ZN13NetworkParams22staticCallbackFunctionEPvPKc
                0x000000000801186c        0x4 ../lib-network/lib_gd32/libnetwork.a(networkparams.o)
                0x000000000801186c                NetworkParams::staticCallbackFunction(void*, char const*)
 .text._ZN13NetworkParams7BuilderEPKN13networkparams6ParamsEPcjRj
                0x0000000008011870      0x2b0 ../lib-network/lib_gd32/libnetwork.a(networkparams.o)
                0x0000000008011870                NetworkParams::Builder(networkparams::Params const*, char*, unsigned int, unsigned int&)
 .text._ZN13NetworkParams4SaveEPcjRj
                0x0000000008011b20       0x1a ../lib-network/lib_gd32/libnetwork.a(networkparams.o)
                0x0000000008011b20                NetworkParams::Save(char*, unsigned int, unsigned int&)
 .text._ZN13NetworkParams4DumpEv
                0x0000000008011b3a        0x2 ../lib-network/lib_gd32/libnetwork.a(networkparamsdump.o)
                0x0000000008011b3a                NetworkParams::Dump()
 .text.memcpy.isra.0
                0x0000000008011b3c       0x14 ../lib-network/lib_gd32/libnetwork.a(arp.o)
 .text.arp_announce
                0x0000000008011b50       0x14 ../lib-network/lib_gd32/libnetwork.a(arp.o)
                0x0000000008011b50                arp_announce
 .text.arp_handle_request